Archive member included to satisfy reference by file (symbol)

app/libapp.a(main.c.obj)      (--whole-archive)
zephyr/libzephyr.a(validate_libc.c.obj)
                              (--whole-archive)
zephyr/libzephyr.a(heap.c.obj)
                              (--whole-archive)
zephyr/libzephyr.a(boot_banner.c.obj)
                              (--whole-archive)
zephyr/libzephyr.a(cbprintf_packaged.c.obj)
                              (--whole-archive)
zephyr/libzephyr.a(clock.c.obj)
                              (--whole-archive)
zephyr/libzephyr.a(printk.c.obj)
                              (--whole-archive)
zephyr/libzephyr.a(cbprintf_complete.c.obj)
                              (--whole-archive)
zephyr/libzephyr.a(assert.c.obj)
                              (--whole-archive)
zephyr/libzephyr.a(dec.c.obj)
                              (--whole-archive)
zephyr/libzephyr.a(hex.c.obj)
                              (--whole-archive)
zephyr/libzephyr.a(rb.c.obj)  (--whole-archive)
zephyr/libzephyr.a(set.c.obj)
                              (--whole-archive)
zephyr/libzephyr.a(timeutil.c.obj)
                              (--whole-archive)
zephyr/libzephyr.a(bitarray.c.obj)
                              (--whole-archive)
zephyr/libzephyr.a(bitmask.c.obj)
                              (--whole-archive)
zephyr/libzephyr.a(getopt.c.obj)
                              (--whole-archive)
zephyr/libzephyr.a(getopt_common.c.obj)
                              (--whole-archive)
zephyr/libzephyr.a(onoff.c.obj)
                              (--whole-archive)
zephyr/libzephyr.a(notify.c.obj)
                              (--whole-archive)
zephyr/libzephyr.a(ring_buffer.c.obj)
                              (--whole-archive)
zephyr/libzephyr.a(last_section_id.c.obj)
                              (--whole-archive)
zephyr/libzephyr.a(configs.c.obj)
                              (--whole-archive)
zephyr/libzephyr.a(mem_attr.c.obj)
                              (--whole-archive)
zephyr/libzephyr.a(tracing_none.c.obj)
                              (--whole-archive)
zephyr/libzephyr.a(cdc_acm_serial.c.obj)
                              (--whole-archive)
zephyr/libzephyr.a(sem.c.obj)
                              (--whole-archive)
zephyr/libzephyr.a(thread_entry.c.obj)
                              (--whole-archive)
zephyr/arch/common/libarch__common.a(sw_isr_common.c.obj)
                              (--whole-archive)
zephyr/arch/common/libarch__common.a(init.c.obj)
                              (--whole-archive)
zephyr/arch/common/libarch__common.a(xip.c.obj)
                              (--whole-archive)
zephyr/arch/arch/arm/core/libarch__arm__core.a(fatal.c.obj)
                              (--whole-archive)
zephyr/arch/arch/arm/core/libarch__arm__core.a(nmi.c.obj)
                              (--whole-archive)
zephyr/arch/arch/arm/core/libarch__arm__core.a(nmi_on_reset.S.obj)
                              (--whole-archive)
zephyr/arch/arch/arm/core/libarch__arm__core.a(tls.c.obj)
                              (--whole-archive)
zephyr/arch/arch/arm/core/cortex_m/libarch__arm__core__cortex_m.a(fault.c.obj)
                              (--whole-archive)
zephyr/arch/arch/arm/core/cortex_m/libarch__arm__core__cortex_m.a(fault_s.S.obj)
                              (--whole-archive)
zephyr/arch/arch/arm/core/cortex_m/libarch__arm__core__cortex_m.a(fpu.c.obj)
                              (--whole-archive)
zephyr/arch/arch/arm/core/cortex_m/libarch__arm__core__cortex_m.a(reset.S.obj)
                              (--whole-archive)
zephyr/arch/arch/arm/core/cortex_m/libarch__arm__core__cortex_m.a(scb.c.obj)
                              (--whole-archive)
zephyr/arch/arch/arm/core/cortex_m/libarch__arm__core__cortex_m.a(vector_table.S.obj)
                              (--whole-archive)
zephyr/arch/arch/arm/core/cortex_m/libarch__arm__core__cortex_m.a(svc.S.obj)
                              (--whole-archive)
zephyr/arch/arch/arm/core/cortex_m/libarch__arm__core__cortex_m.a(irq_manage.c.obj)
                              (--whole-archive)
zephyr/arch/arch/arm/core/cortex_m/libarch__arm__core__cortex_m.a(prep_c.c.obj)
                              (--whole-archive)
zephyr/arch/arch/arm/core/cortex_m/libarch__arm__core__cortex_m.a(thread.c.obj)
                              (--whole-archive)
zephyr/arch/arch/arm/core/cortex_m/libarch__arm__core__cortex_m.a(cpu_idle.c.obj)
                              (--whole-archive)
zephyr/arch/arch/arm/core/cortex_m/libarch__arm__core__cortex_m.a(exc_exit.c.obj)
                              (--whole-archive)
zephyr/arch/arch/arm/core/cortex_m/libarch__arm__core__cortex_m.a(thread_abort.c.obj)
                              (--whole-archive)
zephyr/arch/arch/arm/core/cortex_m/libarch__arm__core__cortex_m.a(swap_helper.S.obj)
                              (--whole-archive)
zephyr/arch/arch/arm/core/cortex_m/libarch__arm__core__cortex_m.a(irq_init.c.obj)
[...]
Memory Configuration

Name             Origin             Length             Attributes
FLASH            0x00026000         0x000c6000         xr
RAM              0x20000000         0x00040000         xw
IDT_LIST         0xffff7fff         0x00008000         xw
*default*        0x00000000         0xffffffff

Linker script and memory map

                0x0002c06c                        vfprintf = __l_vfprintf
                0x00000000                        vfscanf = __l_vfscanf
LOAD zephyr/CMakeFiles/zephyr_pre0.dir/misc/empty_file.c.obj
LOAD zephyr/CMakeFiles/offsets.dir/./arch/arm/core/offsets/offsets.c.obj
LOAD app/libapp.a
LOAD zephyr/libzephyr.a
LOAD zephyr/arch/common/libarch__common.a
LOAD zephyr/arch/arch/arm/core/libarch__arm__core.a
LOAD zephyr/arch/arch/arm/core/cortex_m/libarch__arm__core__cortex_m.a
LOAD zephyr/arch/arch/arm/core/mpu/libarch__arm__core__mpu.a
LOAD zephyr/lib/libc/picolibc/liblib__libc__picolibc.a
LOAD zephyr/lib/libc/common/liblib__libc__common.a
LOAD zephyr/lib/net_buf/liblib__net_buf.a
LOAD zephyr/soc/soc/nrf52840/libsoc__nordic.a
LOAD zephyr/subsys/portability/posix/c_lib_ext/libsubsys__portability__posix__c_lib_ext.a
LOAD zephyr/subsys/usb/device_next/libsubsys__usb__device_next.a
LOAD zephyr/drivers/usb/udc/libdrivers__usb__udc.a
LOAD zephyr/drivers/usb/common/buf/libdrivers__usb__common__buf.a
LOAD zephyr/drivers/usb/common/nrf_usbd_common/libdrivers__usb__common__nrf_usbd_common.a
LOAD zephyr/drivers/clock_control/libdrivers__clock_control.a
LOAD zephyr/drivers/console/libdrivers__console.a
LOAD zephyr/drivers/gpio/libdrivers__gpio.a
LOAD zephyr/drivers/hwinfo/libdrivers__hwinfo.a
LOAD zephyr/drivers/pinctrl/libdrivers__pinctrl.a
LOAD zephyr/drivers/serial/libdrivers__serial.a
LOAD zephyr/drivers/timer/libdrivers__timer.a
LOAD modules/hal_nordic/nrfx/libnrfx.a
LOAD zephyr/kernel/libkernel.a
LOAD zephyr/arch/common/libisr_tables.a
LOAD /home/urbanpoacher/zephyr-sdk-1.0.1/gnu/arm-zephyr-eabi/bin/../lib/gcc/arm-zephyr-eabi/14.3.0/../../../../arm-zephyr-eabi/lib/thumb/v7e-m/nofp/space/libc.a
LOAD /home/urbanpoacher/zephyr-sdk-1.0.1/gnu/arm-zephyr-eabi/bin/../lib/gcc/arm-zephyr-eabi/14.3.0/thumb/v7e-m/nofp/space/libgcc.a
                0x00000020                        _region_min_align = 0x20

.rel.plt        0x00026000        0x0
 *(SORT_BY_ALIGNMENT(.rel.plt))
                [!provide]                        PROVIDE (__rel_iplt_start = .)
 *(SORT_BY_ALIGNMENT(.rel.iplt))
 .rel.iplt      0x00026000        0x0 app/libapp.a(main.c.obj)
                [!provide]                        PROVIDE (__rel_iplt_end = .)

.rela.plt       0x00000000        0x0
 *(SORT_BY_ALIGNMENT(.rela.plt))
                [!provide]                        PROVIDE (__rela_iplt_start = .)
 *(SORT_BY_ALIGNMENT(.rela.iplt))
                [!provide]                        PROVIDE (__rela_iplt_end = .)

.rel.dyn
 *(SORT_BY_ALIGNMENT(.rel.*))

.rela.dyn
 *(SORT_BY_ALIGNMENT(.rela.*))

/DISCARD/
 *(SORT_BY_ALIGNMENT(.plt))

/DISCARD/
 *(SORT_BY_ALIGNMENT(.iplt))
                0x00026000                        __rom_region_start = 0x26000

rom_start       0x00026000      0x100
                0x00026000                        __rom_start_address = .
 FILL mask 0x00
                0x00026000                        . = (. + (0x0 - (. - __rom_start_address)))
                0x00026000                        . = ALIGN (0x4)
                0x00026000                        . = ALIGN (0x80)
                0x00026000                        . = ALIGN (0x100)
                0x00026000                        _vector_start = .
 *(SORT_BY_ALIGNMENT(.exc_vector_table))
 *(SORT_BY_ALIGNMENT(.exc_vector_table.*))
 .exc_vector_table._vector_table_section
                0x00026000       0x40 zephyr/arch/arch/arm/core/cortex_m/libarch__arm__core__cortex_m.a(vector_table.S.obj)
                0x00026000                _vector_table
 *(SORT_BY_ALIGNMENT(.vectors))
                0x00026100                        _vector_end = .
                0x00026040                        . = ALIGN (0x4)
 *(SORT_BY_ALIGNMENT(.gnu.linkonce.irq_vector_table*))
 .gnu.linkonce.irq_vector_table
                0x00026040       0xc0 zephyr/arch/common/libisr_tables.a(isr_tables.c.obj)
                0x00026040                _irq_vector_table
                0x00026100                        _vector_end = .

text            0x00026100     0x9efc
                0x00026100                        __text_region_start = .
 *(SORT_BY_ALIGNMENT(.text))
 .text          0x00026100       0x14 /home/urbanpoacher/zephyr-sdk-1.0.1/gnu/arm-zephyr-eabi/bin/../lib/gcc/arm-zephyr-eabi/14.3.0/../../../../arm-zephyr-eabi/lib/thumb/v7e-m/nofp/space/libc.a(strcmp.S.o)
                0x00026100                strcmp
 *(SORT_BY_ALIGNMENT(.text.*))
 .text.main     0x00026114       0x48 app/libapp.a(main.c.obj)
                0x00026114                main
 .text.boot_banner
                0x0002615c       0x10 zephyr/libzephyr.a(boot_banner.c.obj)
 .text.char_out
                0x0002616c        0xc zephyr/libzephyr.a(printk.c.obj)
 .text.__printk_hook_install
                0x00026178        0xc zephyr/libzephyr.a(printk.c.obj)
                0x00026178                __printk_hook_install
 .text.vprintk  0x00026184       0x30 zephyr/libzephyr.a(printk.c.obj)
                0x00026184                vprintk
 .text.process_event
                0x000261b4      0x1e8 zephyr/libzephyr.a(onoff.c.obj)
 .text.mem_attr_get_regions
                0x0002639c        0xc zephyr/libzephyr.a(mem_attr.c.obj)
                0x0002639c                mem_attr_get_regions
 .text.cdc_acm_serial_init_device
                0x000263a8       0x8c zephyr/libzephyr.a(cdc_acm_serial.c.obj)
 .text.z_thread_entry
                0x00026434       0x34 zephyr/libzephyr.a(thread_entry.c.obj)
                0x00026434                z_thread_entry
 .text.arch_bss_zero
                0x00026468       0x18 zephyr/arch/common/libarch__common.a(init.c.obj)
                0x00026468                arch_bss_zero
 .text.arch_data_copy
                0x00026480       0x38 zephyr/arch/common/libarch__common.a(xip.c.obj)
                0x00026480                arch_data_copy
 .text.z_arm_fatal_error
                0x000264b8       0x60 zephyr/arch/arch/arm/core/libarch__arm__core.a(fatal.c.obj)
                0x000264b8                z_arm_fatal_error
 .text.z_SysNmiOnReset
                0x00026518        0x8 zephyr/arch/arch/arm/core/libarch__arm__core.a(nmi_on_reset.S.obj)
                0x00026518                z_SysNmiOnReset
 .text.arch_tls_stack_setup
                0x00026520       0x40 zephyr/arch/arch/arm/core/libarch__arm__core.a(tls.c.obj)
                0x00026520                arch_tls_stack_setup
 .text.mem_manage_fault
                0x00026560       0xf0 zephyr/arch/arch/arm/core/cortex_m/libarch__arm__core__cortex_m.a(fault.c.obj)
 .text.usage_fault.isra.0
                0x00026650       0x98 zephyr/arch/arch/arm/core/cortex_m/libarch__arm__core__cortex_m.a(fault.c.obj)
 .text.bus_fault.isra.0
                0x000266e8       0xb8 zephyr/arch/arch/arm/core/cortex_m/libarch__arm__core__cortex_m.a(fault.c.obj)
 .text.z_arm_fault
                0x000267a0      0x1a8 zephyr/arch/arch/arm/core/cortex_m/libarch__arm__core__cortex_m.a(fault.c.obj)
                0x000267a0                z_arm_fault
 .text.z_arm_fault_init
                0x00026948       0x18 zephyr/arch/arch/arm/core/cortex_m/libarch__arm__core__cortex_m.a(fault.c.obj)
                0x00026948                z_arm_fault_init
 .text.__fault  0x00026960       0x14 zephyr/arch/arch/arm/core/cortex_m/libarch__arm__core__cortex_m.a(fault_s.S.obj)
                0x00026960                z_arm_bus_fault
                0x00026960                z_arm_usage_fault
                0x00026960                z_arm_mpu_fault
                0x00026960                z_arm_exc_spurious
                0x00026960                z_arm_debug_monitor
                0x00026960                z_arm_hard_fault
 .text._reset_section
                0x00026974       0x38 zephyr/arch/arch/arm/core/cortex_m/libarch__arm__core__cortex_m.a(reset.S.obj)
                0x00026974                z_arm_reset
                0x00026974                __start
 .text.z_arm_svc
                0x000269ac       0x24 zephyr/arch/arch/arm/core/cortex_m/libarch__arm__core__cortex_m.a(svc.S.obj)
                0x000269ac                z_arm_svc
 .text.arm_irq_enable
                0x000269d0       0x1c zephyr/arch/arch/arm/core/cortex_m/libarch__arm__core__cortex_m.a(irq_manage.c.obj)
                0x000269d0                arm_irq_enable
 .text.arm_irq_disable
                0x000269ec       0x28 zephyr/arch/arch/arm/core/cortex_m/libarch__arm__core__cortex_m.a(irq_manage.c.obj)
                0x000269ec                arm_irq_disable
 .text.arm_irq_is_enabled
                0x00026a14       0x1c zephyr/arch/arch/arm/core/cortex_m/libarch__arm__core__cortex_m.a(irq_manage.c.obj)
                0x00026a14                arm_irq_is_enabled
 .text.arm_irq_priority_set
                0x00026a30       0x30 zephyr/arch/arch/arm/core/cortex_m/libarch__arm__core__cortex_m.a(irq_manage.c.obj)
                0x00026a30                arm_irq_priority_set
 .text.relocate_vector_table
                0x00026a60       0x1c zephyr/arch/arch/arm/core/cortex_m/libarch__arm__core__cortex_m.a(prep_c.c.obj)
                0x00026a60                relocate_vector_table
 .text.z_prep_c
                0x00026a7c       0x38 zephyr/arch/arch/arm/core/cortex_m/libarch__arm__core__cortex_m.a(prep_c.c.obj)
                0x00026a7c                z_prep_c
 .text.arch_new_thread
                0x00026ab4       0x38 zephyr/arch/arch/arm/core/cortex_m/libarch__arm__core__cortex_m.a(thread.c.obj)
                0x00026ab4                arch_new_thread
 .text.z_check_thread_stack_fail
                0x00026aec       0x2c zephyr/arch/arch/arm/core/cortex_m/libarch__arm__core__cortex_m.a(thread.c.obj)
                0x00026aec                z_check_thread_stack_fail
 .text.arch_switch_to_main_thread
                0x00026b18       0x3c zephyr/arch/arch/arm/core/cortex_m/libarch__arm__core__cortex_m.a(thread.c.obj)
                0x00026b18                arch_switch_to_main_thread
 .text.z_arm_cpu_idle_init
                0x00026b54        0xc zephyr/arch/arch/arm/core/cortex_m/libarch__arm__core__cortex_m.a(cpu_idle.c.obj)
                0x00026b54                z_arm_cpu_idle_init
 .text._HandlerModeExit
                0x00026b60       0x20 zephyr/arch/arch/arm/core/cortex_m/libarch__arm__core__cortex_m.a(exc_exit.c.obj)
                0x00026b60                z_arm_exc_exit
                0x00026b60                z_arm_int_exit
 .text.z_impl_k_thread_abort
                0x00026b80       0x2c zephyr/arch/arch/arm/core/cortex_m/libarch__arm__core__cortex_m.a(thread_abort.c.obj)
                0x00026b80                z_impl_k_thread_abort
 .text.z_arm_pendsv
                0x00026bac       0x60 zephyr/arch/arch/arm/core/cortex_m/libarch__arm__core__cortex_m.a(swap_helper.S.obj)
                0x00026bac                z_arm_pendsv
 .text.z_arm_interrupt_init
                0x00026c0c       0x18 zephyr/arch/arch/arm/core/cortex_m/libarch__arm__core__cortex_m.a(irq_init.c.obj)
                0x00026c0c                z_arm_interrupt_init
 .text._isr_wrapper
                0x00026c24       0x24 zephyr/arch/arch/arm/core/cortex_m/libarch__arm__core__cortex_m.a(isr_wrapper.c.obj)
                0x00026c24                _isr_wrapper
 .text.__aeabi_read_tp
                0x00026c48        0xc zephyr/arch/arch/arm/core/cortex_m/libarch__arm__core__cortex_m.a(__aeabi_read_tp.S.obj)
                0x00026c48                __aeabi_read_tp
 .text.z_arm_configure_static_mpu_regions
                0x00026c54       0x18 zephyr/arch/arch/arm/core/mpu/libarch__arm__core__mpu.a(arm_core_mpu.c.obj)
                0x00026c54                z_arm_configure_static_mpu_regions
 .text.z_arm_configure_dynamic_mpu_regions
                0x00026c6c       0x20 zephyr/arch/arch/arm/core/mpu/libarch__arm__core__mpu.a(arm_core_mpu.c.obj)
                0x00026c6c                z_arm_configure_dynamic_mpu_regions
 .text.region_init
                0x00026c8c       0x28 zephyr/arch/arch/arm/core/mpu/libarch__arm__core__mpu.a(arm_mpu.c.obj)
 .text.mpu_configure_regions
                0x00026cb4       0x6c zephyr/arch/arch/arm/core/mpu/libarch__arm__core__mpu.a(arm_mpu.c.obj)
 .text.arm_core_mpu_enable
                0x00026d20       0x18 zephyr/arch/arch/arm/core/mpu/libarch__arm__core__mpu.a(arm_mpu.c.obj)
                0x00026d20                arm_core_mpu_enable
 .text.arm_core_mpu_disable
                0x00026d38       0x14 zephyr/arch/arch/arm/core/mpu/libarch__arm__core__mpu.a(arm_mpu.c.obj)
                0x00026d38                arm_core_mpu_disable
 .text.arm_core_mpu_configure_static_mpu_regions
                0x00026d4c       0x14 zephyr/arch/arch/arm/core/mpu/libarch__arm__core__mpu.a(arm_mpu.c.obj)
                0x00026d4c                arm_core_mpu_configure_static_mpu_regions
 .text.arm_core_mpu_configure_dynamic_mpu_regions
                0x00026d60       0x38 zephyr/arch/arch/arm/core/mpu/libarch__arm__core__mpu.a(arm_mpu.c.obj)
                0x00026d60                arm_core_mpu_configure_dynamic_mpu_regions
 .text.z_arm_mpu_init
                0x00026d98      0x184 zephyr/arch/arch/arm/core/mpu/libarch__arm__core__mpu.a(arm_mpu.c.obj)
                0x00026d98                z_arm_mpu_init
 .text.z_impl_zephyr_fputc
                0x00026f1c       0x10 zephyr/lib/libc/picolibc/liblib__libc__picolibc.a(stdio.c.obj)
                0x00026f1c                z_impl_zephyr_fputc
 .text.__stdout_hook_install
                0x00026f2c       0x18 zephyr/lib/libc/picolibc/liblib__libc__picolibc.a(stdio.c.obj)
                0x00026f2c                __stdout_hook_install
 .text.malloc_prepare
                0x00026f44       0x24 zephyr/lib/libc/common/liblib__libc__common.a(malloc.c.obj)
 .text.net_buf_destroy
                0x00026f68       0x38 zephyr/lib/net_buf/liblib__net_buf.a(buf.c.obj)
 .text.net_buf_pool_get
                0x00026fa0       0x10 zephyr/lib/net_buf/liblib__net_buf.a(buf.c.obj)
                0x00026fa0                net_buf_pool_get
 .text.net_buf_alloc_len
                0x00026fb0       0xfc zephyr/lib/net_buf/liblib__net_buf.a(buf.c.obj)
                0x00026fb0                net_buf_alloc_len
 .text.net_buf_unref
                0x000270ac       0x50 zephyr/lib/net_buf/liblib__net_buf.a(buf.c.obj)
                0x000270ac                net_buf_unref
 .text.nordicsemi_nrf52_init
                0x000270fc       0x10 zephyr/soc/soc/nrf52840/libsoc__nordic.a(soc.c.obj)
 .text.arch_busy_wait
                0x0002710c       0x24 zephyr/soc/soc/nrf52840/libsoc__nordic.a(soc.c.obj)
                0x0002710c                arch_busy_wait
 .text.gppi_init
                0x00027130       0x20 zephyr/soc/soc/nrf52840/libsoc__nordic.a(gppi_init.c.obj)
 .text.nonstd_request
                0x00027150       0xac zephyr/subsys/usb/device_next/libsubsys__usb__device_next.a(usbd_ch9.c.obj)
 .text.usbd_handle_ctrl_xfer
                0x000271fc      0x968 zephyr/subsys/usb/device_next/libsubsys__usb__device_next.a(usbd_ch9.c.obj)
                0x000271fc                usbd_handle_ctrl_xfer
 .text.usbd_event_carrier
                0x00027b64       0x48 zephyr/subsys/usb/device_next/libsubsys__usb__device_next.a(usbd_core.c.obj)
 .text.usbd_thread
                0x00027bac      0x188 zephyr/subsys/usb/device_next/libsubsys__usb__device_next.a(usbd_core.c.obj)
 .text.usbd_pre_init
                0x00027d34       0xa4 zephyr/subsys/usb/device_next/libsubsys__usb__device_next.a(usbd_core.c.obj)
 .text.usbd_device_init_core
                0x00027dd8       0x30 zephyr/subsys/usb/device_next/libsubsys__usb__device_next.a(usbd_core.c.obj)
                0x00027dd8                usbd_device_init_core
 .text.usbd_class_node_get.part.0
                0x00027e08       0x2c zephyr/subsys/usb/device_next/libsubsys__usb__device_next.a(usbd_class.c.obj)
 .text.msg_work_handler
                0x00027e34       0x88 zephyr/subsys/usb/device_next/libsubsys__usb__device_next.a(usbd_msg.c.obj)
 .text.usbd_msg_pub
                0x00027ebc       0x6c zephyr/subsys/usb/device_next/libsubsys__usb__device_next.a(usbd_msg.c.obj)
 .text.usbd_cdc_acm_ctd
                0x00027f28       0x6c zephyr/subsys/usb/device_next/libsubsys__usb__device_next.a(usbd_cdc_acm.c.obj)
 .text.usbd_cdc_acm_cth
                0x00027f94       0x44 zephyr/subsys/usb/device_next/libsubsys__usb__device_next.a(usbd_cdc_acm.c.obj)
 .text.cdc_acm_poll_out
                0x00027fd8       0x78 zephyr/subsys/usb/device_next/libsubsys__usb__device_next.a(usbd_cdc_acm.c.obj)
 .text.usbd_cdc_acm_preinit
                0x00028050       0x4c zephyr/subsys/usb/device_next/libsubsys__usb__device_next.a(usbd_cdc_acm.c.obj)
 .text.udc_ep_buf_alloc
                0x0002809c       0x30 zephyr/drivers/usb/udc/libdrivers__usb__udc.a(udc_common.c.obj)
                0x0002809c                udc_ep_buf_alloc
 .text.usbd_ep_amount_get
                0x000280cc       0x38 zephyr/drivers/usb/udc/libdrivers__usb__udc.a(udc_nrf.c.obj)
 .text.usbd_ep_abort
                0x00028104       0x98 zephyr/drivers/usb/udc/libdrivers__usb__udc.a(udc_nrf.c.obj)
 .text.usbd_errata_187_211_begin
                0x0002819c       0x3c zephyr/drivers/usb/udc/libdrivers__usb__udc.a(udc_nrf.c.obj)
 .text.usbd_errata_187_211_end
                0x000281d8       0x3c zephyr/drivers/usb/udc/libdrivers__usb__udc.a(udc_nrf.c.obj)
 .text.nrf_usbd_start_transfer
                0x00028214       0x70 zephyr/drivers/usb/udc/libdrivers__usb__udc.a(udc_nrf.c.obj)
 .text.nrf_usbd_legacy_ep_stall_clear
                0x00028284       0x60 zephyr/drivers/usb/udc/libdrivers__usb__udc.a(udc_nrf.c.obj)
 .text.udc_nrf_ep_enable
                0x000282e4       0x60 zephyr/drivers/usb/udc/libdrivers__usb__udc.a(udc_nrf.c.obj)
 .text.udc_nrf_ep_set_halt
                0x00028344       0x20 zephyr/drivers/usb/udc/libdrivers__usb__udc.a(udc_nrf.c.obj)
 .text.udc_event_xfer_in_next
                0x00028364       0x6c zephyr/drivers/usb/udc/libdrivers__usb__udc.a(udc_nrf.c.obj)
 .text.udc_event_xfer_out_next
                0x000283d0       0x4c zephyr/drivers/usb/udc/libdrivers__usb__udc.a(udc_nrf.c.obj)
 .text.udc_nrf_init
                0x0002841c       0x4c zephyr/drivers/usb/udc/libdrivers__usb__udc.a(udc_nrf.c.obj)
 .text.udc_nrf_power_handler
                0x00028468       0x60 zephyr/drivers/usb/udc/libdrivers__usb__udc.a(udc_nrf.c.obj)
 .text.k_event_post.constprop.0.isra.0
                0x000284c8        0xc zephyr/drivers/usb/udc/libdrivers__usb__udc.a(udc_nrf.c.obj)
 .text.udc_nrf_set_address
                0x000284d4       0x20 zephyr/drivers/usb/udc/libdrivers__usb__udc.a(udc_nrf.c.obj)
 .text.udc_nrf_ep_dequeue
                0x000284f4       0x44 zephyr/drivers/usb/udc/libdrivers__usb__udc.a(udc_nrf.c.obj)
 .text.udc_nrf_driver_init
                0x00028538      0x158 zephyr/drivers/usb/udc/libdrivers__usb__udc.a(udc_nrf.c.obj)
 .text.udc_nrf_ep_enqueue
                0x00028690       0x28 zephyr/drivers/usb/udc/libdrivers__usb__udc.a(udc_nrf.c.obj)
 .text.udc_nrf_ep_clear_halt
                0x000286b8       0x20 zephyr/drivers/usb/udc/libdrivers__usb__udc.a(udc_nrf.c.obj)
 .text.udc_nrf_ep_disable
                0x000286d8       0x60 zephyr/drivers/usb/udc/libdrivers__usb__udc.a(udc_nrf.c.obj)
 .text.udc_nrf_thread
                0x00028738      0x348 zephyr/drivers/usb/udc/libdrivers__usb__udc.a(udc_nrf.c.obj)
 .text.usbd_dma_pending_clear
                0x00028a80       0x1c zephyr/drivers/usb/udc/libdrivers__usb__udc.a(udc_nrf.c.obj)
 .text.udc_nrf_disable
                0x00028a9c      0x110 zephyr/drivers/usb/udc/libdrivers__usb__udc.a(udc_nrf.c.obj)
 .text.nrf_usbd_irq_handler
                0x00028bac      0x480 zephyr/drivers/usb/udc/libdrivers__usb__udc.a(udc_nrf.c.obj)
 .text.udc_nrf_host_wakeup
                0x0002902c       0x78 zephyr/drivers/usb/udc/libdrivers__usb__udc.a(udc_nrf.c.obj)
 .text.udc_nrf_enable
                0x000290a4      0x1a0 zephyr/drivers/usb/udc/libdrivers__usb__udc.a(udc_nrf.c.obj)
 .text.onoff_stop
                0x00029244       0x30 zephyr/drivers/clock_control/libdrivers__clock_control.a(clock_control_nrf.c.obj)
 .text.onoff_start
                0x00029274       0x44 zephyr/drivers/clock_control/libdrivers__clock_control.a(clock_control_nrf.c.obj)
 .text.clk_init
                0x000292b8       0x58 zephyr/drivers/clock_control/libdrivers__clock_control.a(clock_control_nrf.c.obj)
 .text.api_blocking_start
                0x00029310       0x30 zephyr/drivers/clock_control/libdrivers__clock_control.a(clock_control_nrf.c.obj)
 .text.generic_hfclk_stop
                0x00029340       0x34 zephyr/drivers/clock_control/libdrivers__clock_control.a(clock_control_nrf.c.obj)
 .text.clkstarted_handle.constprop.0
                0x00029374       0x4c zephyr/drivers/clock_control/libdrivers__clock_control.a(clock_control_nrf.c.obj)
 .text.generic_hfclk_start
                0x000293c0       0x78 zephyr/drivers/clock_control/libdrivers__clock_control.a(clock_control_nrf.c.obj)
 .text.clock_event_handler
                0x00029438       0x1c zephyr/drivers/clock_control/libdrivers__clock_control.a(clock_control_nrf.c.obj)
 .text.z_nrf_clock_control_get_onoff
                0x00029454       0x10 zephyr/drivers/clock_control/libdrivers__clock_control.a(clock_control_nrf.c.obj)
                0x00029454                z_nrf_clock_control_get_onoff
 .text.z_nrf_clock_control_lf_on
                0x00029464       0xbc zephyr/drivers/clock_control/libdrivers__clock_control.a(clock_control_nrf.c.obj)
                0x00029464                z_nrf_clock_control_lf_on
 .text.uart_console_init
                0x00029520       0x28 zephyr/drivers/console/libdrivers__console.a(uart_console.c.obj)
 .text.console_out
                0x00029548       0x28 zephyr/drivers/console/libdrivers__console.a(uart_console.c.obj)
 .text.gpio_nrfx_pin_configure
                0x00029570      0x184 zephyr/drivers/gpio/libdrivers__gpio.a(gpio_nrfx.c.obj)
 .text.nrfx_gpio_handler
                0x000296f4       0x4c zephyr/drivers/gpio/libdrivers__gpio.a(gpio_nrfx.c.obj)
 .text.gpio_nrfx_init
                0x00029740       0x3c zephyr/drivers/gpio/libdrivers__gpio.a(gpio_nrfx.c.obj)
 .text.gpio_nrfx_pin_interrupt_configure
                0x0002977c      0x104 zephyr/drivers/gpio/libdrivers__gpio.a(gpio_nrfx.c.obj)
 .text.nrf_gpio_pin_port_decode
                0x00029880       0x20 zephyr/drivers/pinctrl/libdrivers__pinctrl.a(pinctrl_nrf.c.obj)
 .text.pinctrl_configure_pins
                0x000298a0      0x124 zephyr/drivers/pinctrl/libdrivers__pinctrl.a(pinctrl_nrf.c.obj)
                0x000298a0                pinctrl_configure_pins
 .text.uarte_nrfx_poll_out
                0x000299c4       0xb8 zephyr/drivers/serial/libdrivers__serial.a(uart_nrfx_uarte.c.obj)
 .text.compare_int_lock
                0x00029a7c       0x4c zephyr/drivers/timer/libdrivers__timer.a(nrf_rtc_timer.c.obj)
 .text.compare_int_unlock
                0x00029ac8       0x5c zephyr/drivers/timer/libdrivers__timer.a(nrf_rtc_timer.c.obj)
 .text.z_nrf_rtc_timer_read
                0x00029b24       0x44 zephyr/drivers/timer/libdrivers__timer.a(nrf_rtc_timer.c.obj)
                0x00029b24                z_nrf_rtc_timer_read
 .text.compare_set
                0x00029b68      0x130 zephyr/drivers/timer/libdrivers__timer.a(nrf_rtc_timer.c.obj)
 .text.sys_clock_driver_init
                0x00029c98       0x90 zephyr/drivers/timer/libdrivers__timer.a(nrf_rtc_timer.c.obj)
 .text.sys_clock_timeout_handler
                0x00029d28       0x68 zephyr/drivers/timer/libdrivers__timer.a(nrf_rtc_timer.c.obj)
 .text.rtc_nrf_isr
                0x00029d90       0xd0 zephyr/drivers/timer/libdrivers__timer.a(nrf_rtc_timer.c.obj)
                0x00029d90                rtc_nrf_isr
 .text.sys_clock_set_timeout
                0x00029e60       0x54 zephyr/drivers/timer/libdrivers__timer.a(nrf_rtc_timer.c.obj)
                0x00029e60                sys_clock_set_timeout
 .text.sys_clock_elapsed
                0x00029eb4       0x1c zephyr/drivers/timer/libdrivers__timer.a(nrf_rtc_timer.c.obj)
                0x00029eb4                sys_clock_elapsed
 .text.__NVIC_SystemReset
                0x00029ed0       0x24 modules/hal_nordic/nrfx/libnrfx.a(system_nrf52840.c.obj)
 .text.nvmc_wait
                0x00029ef4       0x10 modules/hal_nordic/nrfx/libnrfx.a(system_nrf52840.c.obj)
                0x00029ef4                nvmc_wait
 .text.SystemInit
                0x00029f04      0x1b8 modules/hal_nordic/nrfx/libnrfx.a(system_nrf52840.c.obj)
                0x00029f04                SystemInit
 .text.nrfx_gppi_init
                0x0002a0bc        0xc modules/hal_nordic/nrfx/libnrfx.a(nrfx_gppi_ppi.c.obj)
                0x0002a0bc                nrfx_gppi_init
 .text.nrfx_gppi_domain_conn_alloc
                0x0002a0c8       0x1c modules/hal_nordic/nrfx/libnrfx.a(nrfx_gppi_ppi.c.obj)
                0x0002a0c8                nrfx_gppi_domain_conn_alloc
 .text.nrfx_gppi_conn_enable
                0x0002a0e4       0x10 modules/hal_nordic/nrfx/libnrfx.a(nrfx_gppi_ppi.c.obj)
                0x0002a0e4                nrfx_gppi_conn_enable
 .text.hfclk_event_handler
                0x0002a0f4        0xc modules/hal_nordic/nrfx/libnrfx.a(nrfx_clock.c.obj)
 .text.lfclk_event_handler
                0x0002a100        0xc modules/hal_nordic/nrfx/libnrfx.a(nrfx_clock.c.obj)
 .text.nrfx_clock_init
                0x0002a10c       0x40 modules/hal_nordic/nrfx/libnrfx.a(nrfx_clock.c.obj)
                0x0002a10c                nrfx_clock_init
 .text.nrfx_clock_enable
                0x0002a14c       0x24 modules/hal_nordic/nrfx/libnrfx.a(nrfx_clock.c.obj)
                0x0002a14c                nrfx_clock_enable
 .text.clock_stop
                0x0002a170       0x4c modules/hal_nordic/nrfx/libnrfx.a(nrfx_clock_hfclk.c.obj)
 .text.nrfx_clock_hfclk_init
                0x0002a1bc       0x28 modules/hal_nordic/nrfx/libnrfx.a(nrfx_clock_hfclk.c.obj)
                0x0002a1bc                nrfx_clock_hfclk_init
 .text.nrfx_clock_hfclk_start
                0x0002a1e4       0x38 modules/hal_nordic/nrfx/libnrfx.a(nrfx_clock_hfclk.c.obj)
                0x0002a1e4                nrfx_clock_hfclk_start
 .text.nrfx_clock_hfclk_irq_handler
                0x0002a21c       0x40 modules/hal_nordic/nrfx/libnrfx.a(nrfx_clock_hfclk.c.obj)
                0x0002a21c                nrfx_clock_hfclk_irq_handler
 .text.nrfx_clock_lfclk_init
                0x0002a25c       0x24 modules/hal_nordic/nrfx/libnrfx.a(nrfx_clock_lfclk.c.obj)
                0x0002a25c                nrfx_clock_lfclk_init
 .text.nrfx_clock_lfclk_start
                0x0002a280       0x80 modules/hal_nordic/nrfx/libnrfx.a(nrfx_clock_lfclk.c.obj)
                0x0002a280                nrfx_clock_lfclk_start
 .text.nrfx_clock_lfclk_irq_handler
                0x0002a300       0x70 modules/hal_nordic/nrfx/libnrfx.a(nrfx_clock_lfclk.c.obj)
                0x0002a300                nrfx_clock_lfclk_irq_handler
 .text.nrf_gpio_pin_port_decode
                0x0002a370       0x20 modules/hal_nordic/nrfx/libnrfx.a(nrfx_gpiote.c.obj)
 .text.get_pin_idx
                0x0002a390       0x14 modules/hal_nordic/nrfx/libnrfx.a(nrfx_gpiote.c.obj)
 .text.latch_pending_read_and_check
                0x0002a3a4       0x60 modules/hal_nordic/nrfx/libnrfx.a(nrfx_gpiote.c.obj)
 .text.pin_uninit
                0x0002a404       0x78 modules/hal_nordic/nrfx/libnrfx.a(nrfx_gpiote.c.obj)
 .text.nrfx_gpiote_channel_free
                0x0002a47c        0xc modules/hal_nordic/nrfx/libnrfx.a(nrfx_gpiote.c.obj)
                0x0002a47c                nrfx_gpiote_channel_free
 .text.nrfx_gpiote_channel_alloc
                0x0002a488       0x18 modules/hal_nordic/nrfx/libnrfx.a(nrfx_gpiote.c.obj)
                0x0002a488                nrfx_gpiote_channel_alloc
 .text.nrfx_gpiote_irq_handler
                0x0002a4a0      0x1cc modules/hal_nordic/nrfx/libnrfx.a(nrfx_gpiote.c.obj)
                0x0002a4a0                nrfx_gpiote_irq_handler
 .text.nrfx_power_init
                0x0002a66c       0x64 modules/hal_nordic/nrfx/libnrfx.a(nrfx_power.c.obj)
                0x0002a66c                nrfx_power_init
 .text.nrfx_power_usbevt_uninit
                0x0002a6d0       0x18 modules/hal_nordic/nrfx/libnrfx.a(nrfx_power.c.obj)
                0x0002a6d0                nrfx_power_usbevt_uninit
 .text.nrfx_power_usbevt_init
                0x0002a6e8       0x14 modules/hal_nordic/nrfx/libnrfx.a(nrfx_power.c.obj)
                0x0002a6e8                nrfx_power_usbevt_init
 .text.nrfx_power_irq_handler
                0x0002a6fc       0xa0 modules/hal_nordic/nrfx/libnrfx.a(nrfx_power.c.obj)
                0x0002a6fc                nrfx_power_irq_handler
 .text.z_fatal_error
                0x0002a79c       0x30 zephyr/kernel/libkernel.a(fatal.c.obj)
                0x0002a79c                z_fatal_error
 .text.z_sys_init_run_level
                0x0002a7cc       0x30 zephyr/kernel/libkernel.a(init.c.obj)
 .text.bg_thread_main
                0x0002a7fc       0xd4 zephyr/kernel/libkernel.a(init.c.obj)
 .text.z_init_cpu
                0x0002a8d0       0x70 zephyr/kernel/libkernel.a(init.c.obj)
                0x0002a8d0                z_init_cpu
 .text.z_cstart
                0x0002a940       0xe4 zephyr/kernel/libkernel.a(init.c.obj)
                0x0002a940                z_cstart
 .text.statics_init
                0x0002aa24       0x24 zephyr/kernel/libkernel.a(kheap.c.obj)
 .text.k_heap_aligned_alloc
                0x0002aa48       0x1c zephyr/kernel/libkernel.a(kheap.c.obj)
                0x0002aa48                k_heap_aligned_alloc
 .text.init_mem_slab_module
                0x0002aa64       0x24 zephyr/kernel/libkernel.a(mem_slab.c.obj)
 .text.k_mem_slab_alloc
                0x0002aa88       0x5c zephyr/kernel/libkernel.a(mem_slab.c.obj)
                0x0002aa88                k_mem_slab_alloc
 .text.put_msg_in_queue
                0x0002aae4       0xcc zephyr/kernel/libkernel.a(msg_q.c.obj)
 .text.z_impl_k_msgq_get
                0x0002abb0       0xc8 zephyr/kernel/libkernel.a(msg_q.c.obj)
                0x0002abb0                z_impl_k_msgq_get
 .text.z_impl_k_mutex_lock
                0x0002ac78       0xe4 zephyr/kernel/libkernel.a(mutex.c.obj)
                0x0002ac78                z_impl_k_mutex_lock
 .text.z_impl_k_mutex_unlock
                0x0002ad5c       0xa0 zephyr/kernel/libkernel.a(mutex.c.obj)
                0x0002ad5c                z_impl_k_mutex_unlock
 .text.z_impl_k_queue_get
                0x0002adfc       0x6c zephyr/kernel/libkernel.a(queue.c.obj)
                0x0002adfc                z_impl_k_queue_get
 .text.z_impl_k_sem_give
                0x0002ae68       0x6c zephyr/kernel/libkernel.a(sem.c.obj)
                0x0002ae68                z_impl_k_sem_give
 .text.z_impl_k_sem_take
                0x0002aed4       0x4c zephyr/kernel/libkernel.a(sem.c.obj)
                0x0002aed4                z_impl_k_sem_take
 .text.z_impl_k_sem_reset
                0x0002af20       0x70 zephyr/kernel/libkernel.a(sem.c.obj)
                0x0002af20                z_impl_k_sem_reset
 .text.work_queue_main
                0x0002af90      0x1ac zephyr/kernel/libkernel.a(work.c.obj)
 .text.submit_to_queue_locked
                0x0002b13c       0xa4 zephyr/kernel/libkernel.a(work.c.obj)
 .text.k_work_submit
                0x0002b1e0        0xc zephyr/kernel/libkernel.a(work.c.obj)
                0x0002b1e0                k_work_submit
 .text.k_work_queue_start
                0x0002b1ec       0x80 zephyr/kernel/libkernel.a(work.c.obj)
                0x0002b1ec                k_work_queue_start
 .text.k_work_schedule_for_queue
                0x0002b26c       0x54 zephyr/kernel/libkernel.a(work.c.obj)
                0x0002b26c                k_work_schedule_for_queue
 .text.k_work_schedule
                0x0002b2c0        0xc zephyr/kernel/libkernel.a(work.c.obj)
                0x0002b2c0                k_work_schedule
 .text.k_work_reschedule_for_queue
                0x0002b2cc       0x64 zephyr/kernel/libkernel.a(work.c.obj)
                0x0002b2cc                k_work_reschedule_for_queue
 .text.k_work_reschedule
                0x0002b330        0xc zephyr/kernel/libkernel.a(work.c.obj)
                0x0002b330                k_work_reschedule
 .text.z_impl_k_condvar_broadcast
                0x0002b33c       0x6c zephyr/kernel/libkernel.a(condvar.c.obj)
                0x0002b33c                z_impl_k_condvar_broadcast
 .text.z_impl_k_condvar_wait
                0x0002b3a8       0x58 zephyr/kernel/libkernel.a(condvar.c.obj)
                0x0002b3a8                z_impl_k_condvar_wait
 .text.z_setup_new_thread
                0x0002b400       0xa0 zephyr/kernel/libkernel.a(thread.c.obj)
                0x0002b400                z_setup_new_thread
 .text.z_dummy_thread_init
                0x0002b4a0       0x18 zephyr/kernel/libkernel.a(thread.c.obj)
                0x0002b4a0                z_dummy_thread_init
 .text.z_impl_k_wakeup
                0x0002b4b8       0x48 zephyr/kernel/libkernel.a(thread.c.obj)
                0x0002b4b8                z_impl_k_wakeup
 .text.z_impl_k_thread_create
                0x0002b500       0x58 zephyr/kernel/libkernel.a(thread.c.obj)
                0x0002b500                z_impl_k_thread_create
 .text.z_swap_irqlock
                0x0002b558       0x34 zephyr/kernel/libkernel.a(sched.c.obj)
 .text.unready_thread
                0x0002b58c       0x54 zephyr/kernel/libkernel.a(sched.c.obj)
 .text.ready_thread
                0x0002b5e0       0x80 zephyr/kernel/libkernel.a(sched.c.obj)
 .text.reschedule.isra.0
                0x0002b660       0x28 zephyr/kernel/libkernel.a(sched.c.obj)
 .text.move_current_to_end_of_prio_q
                0x0002b688       0x6c zephyr/kernel/libkernel.a(sched.c.obj)
                0x0002b688                move_current_to_end_of_prio_q
 .text.z_thread_halt
                0x0002b6f4      0x13c zephyr/kernel/libkernel.a(sched.c.obj)
                0x0002b6f4                z_thread_halt
 .text.z_sched_lock_reschedule
                0x0002b830       0x44 zephyr/kernel/libkernel.a(sched.c.obj)
                0x0002b830                z_sched_lock_reschedule
 .text.z_sched_yield
                0x0002b874       0x84 zephyr/kernel/libkernel.a(sched.c.obj)
                0x0002b874                z_sched_yield
 .text.z_pend_curr
                0x0002b8f8       0x58 zephyr/kernel/libkernel.a(sched.c.obj)
                0x0002b8f8                z_pend_curr
 .text.z_thread_prio_set
                0x0002b950       0xd8 zephyr/kernel/libkernel.a(sched.c.obj)
                0x0002b950                z_thread_prio_set
 .text.z_reschedule_irqlock
                0x0002ba28       0x28 zephyr/kernel/libkernel.a(sched.c.obj)
                0x0002ba28                z_reschedule_irqlock
 .text.z_tick_sleep
                0x0002ba50       0x84 zephyr/kernel/libkernel.a(sleep.c.obj)
 .text.z_sched_init
                0x0002bad4       0x10 zephyr/kernel/libkernel.a(scheduler.c.obj)
                0x0002bad4                z_sched_init
 .text.k_sched_lock
                0x0002bae4       0x28 zephyr/kernel/libkernel.a(scheduler.c.obj)
                0x0002bae4                k_sched_lock
 .text.k_sched_unlock
                0x0002bb0c       0x20 zephyr/kernel/libkernel.a(scheduler.c.obj)
                0x0002bb0c                k_sched_unlock
 .text.z_impl_k_sched_current_thread_query
                0x0002bb2c        0xc zephyr/kernel/libkernel.a(scheduler.c.obj)
                0x0002bb2c                z_impl_k_sched_current_thread_query
 .text.z_sched_wait
                0x0002bb38       0x24 zephyr/kernel/libkernel.a(scheduler.c.obj)
                0x0002bb38                z_sched_wait
 .text.z_time_slice_size
                0x0002bb5c       0x40 zephyr/kernel/libkernel.a(timeslicing.c.obj)
 .text.slice_timeout
                0x0002bb9c       0x20 zephyr/kernel/libkernel.a(timeslicing.c.obj)
 .text.slice_reset
                0x0002bbbc       0x40 zephyr/kernel/libkernel.a(timeslicing.c.obj)
 .text.z_time_slice
                0x0002bbfc       0x68 zephyr/kernel/libkernel.a(timeslicing.c.obj)
                0x0002bbfc                z_time_slice
 .text.first    0x0002bc64       0x10 zephyr/kernel/libkernel.a(timeout.c.obj)
 .text.next_timeout
                0x0002bc74       0x38 zephyr/kernel/libkernel.a(timeout.c.obj)
 .text.elapsed  0x0002bcac       0x10 zephyr/kernel/libkernel.a(timeout.c.obj)
 .text.z_add_timeout
                0x0002bcbc      0x130 zephyr/kernel/libkernel.a(timeout.c.obj)
                0x0002bcbc                z_add_timeout
 .text.z_try_abort_timeout
                0x0002bdec       0x84 zephyr/kernel/libkernel.a(timeout.c.obj)
                0x0002bdec                z_try_abort_timeout
 .text.z_timeout_inflight_superseded
                0x0002be70       0x2c zephyr/kernel/libkernel.a(timeout.c.obj)
                0x0002be70                z_timeout_inflight_superseded
 .text.sys_clock_announce_locked
                0x0002be9c       0xd0 zephyr/kernel/libkernel.a(timeout.c.obj)
                0x0002be9c                sys_clock_announce_locked
 .text.sys_clock_tick_get
                0x0002bf6c       0x30 zephyr/kernel/libkernel.a(timeout.c.obj)
                0x0002bf6c                sys_clock_tick_get
 .text.k_event_post_internal
                0x0002bf9c       0x4c zephyr/kernel/libkernel.a(events.c.obj)
 .text.z_thread_alloc_helper
                0x0002bfe8       0x4c zephyr/kernel/libkernel.a(mempool.c.obj)
 .text.z_thread_malloc
                0x0002c034       0x10 zephyr/kernel/libkernel.a(mempool.c.obj)
                0x0002c034                z_thread_malloc
 .text.sys_work_q_init
                0x0002c044       0x28 zephyr/kernel/libkernel.a(system_work_q.c.obj)
 .text.__l_vfprintf
                0x0002c06c      0x488 /home/urbanpoacher/zephyr-sdk-1.0.1/gnu/arm-zephyr-eabi/bin/../lib/gcc/arm-zephyr-eabi/14.3.0/../../../../arm-zephyr-eabi/lib/thumb/v7e-m/nofp/space/libc.a(libc_tinystdio_vflprintf.c.o)
                0x0002c06c                __l_vfprintf
 .text._OffsetAbsSyms
                0x0002c4f4        0x2 zephyr/CMakeFiles/offsets.dir/./arch/arm/core/offsets/offsets.c.obj
                0x0002c4f4                _OffsetAbsSyms
 .text.chunk_size
                0x0002c4f6        0xa zephyr/libzephyr.a(heap.c.obj)
 .text.free_list_add
                0x0002c500       0x4e zephyr/libzephyr.a(heap.c.obj)
 .text.free_list_remove_bidx
                0x0002c54e       0x3a zephyr/libzephyr.a(heap.c.obj)
 .text.free_list_remove
                0x0002c588       0x1a zephyr/libzephyr.a(heap.c.obj)
 .text.alloc_chunk
                0x0002c5a2       0x70 zephyr/libzephyr.a(heap.c.obj)
 .text.merge_chunks
                0x0002c612       0x2e zephyr/libzephyr.a(heap.c.obj)
 .text.split_chunks
                0x0002c640       0x38 zephyr/libzephyr.a(heap.c.obj)
 .text.sys_heap_free
                0x0002c678       0xac zephyr/libzephyr.a(heap.c.obj)
                0x0002c678                sys_heap_free
 .text.sys_heap_alloc
                0x0002c724       0x5a zephyr/libzephyr.a(heap.c.obj)
                0x0002c724                sys_heap_alloc
 .text.sys_heap_noalign_alloc
                0x0002c77e        0x6 zephyr/libzephyr.a(heap.c.obj)
                0x0002c77e                sys_heap_noalign_alloc
 .text.sys_heap_aligned_alloc
                0x0002c784       0xe2 zephyr/libzephyr.a(heap.c.obj)
                0x0002c784                sys_heap_aligned_alloc
 .text.sys_heap_init
                0x0002c866       0x82 zephyr/libzephyr.a(heap.c.obj)
                0x0002c866                sys_heap_init
 .text.arch_printk_char_out
                0x0002c8e8        0x4 zephyr/libzephyr.a(printk.c.obj)
                0x0002c8e8                arch_printk_char_out
 .text.printk   0x0002c8ec       0x1a zephyr/libzephyr.a(printk.c.obj)
                0x0002c8ec                printk
 .text.sys_slist_find_and_remove
                0x0002c906       0x36 zephyr/libzephyr.a(onoff.c.obj)
 .text.process_recheck
                0x0002c93c       0x38 zephyr/libzephyr.a(onoff.c.obj)
 .text.validate_args
                0x0002c974       0x20 zephyr/libzephyr.a(onoff.c.obj)
 .text.notify_one
                0x0002c994       0x2c zephyr/libzephyr.a(onoff.c.obj)
 .text.transition_complete
                0x0002c9c0       0x1a zephyr/libzephyr.a(onoff.c.obj)
 .text.onoff_manager_init
                0x0002c9da       0x26 zephyr/libzephyr.a(onoff.c.obj)
                0x0002c9da                onoff_manager_init
 .text.onoff_request
                0x0002ca00       0x96 zephyr/libzephyr.a(onoff.c.obj)
                0x0002ca00                onoff_request
 .text.onoff_release
                0x0002ca96       0x48 zephyr/libzephyr.a(onoff.c.obj)
                0x0002ca96                onoff_release
 .text.onoff_cancel
                0x0002cade       0x36 zephyr/libzephyr.a(onoff.c.obj)
                0x0002cade                onoff_cancel
 .text.sys_notify_validate
                0x0002cb14       0x22 zephyr/libzephyr.a(notify.c.obj)
                0x0002cb14                sys_notify_validate
 .text.sys_notify_finalize
                0x0002cb36       0x1a zephyr/libzephyr.a(notify.c.obj)
                0x0002cb36                sys_notify_finalize
 .text.ring_buf_area_claim
                0x0002cb50       0x30 zephyr/libzephyr.a(ring_buffer.c.obj)
                0x0002cb50                ring_buf_area_claim
 .text.ring_buf_put_claim
                0x0002cb80       0x1e zephyr/libzephyr.a(ring_buffer.c.obj)
 .text.ring_buf_get_claim
                0x0002cb9e       0x1e zephyr/libzephyr.a(ring_buffer.c.obj)
 .text.ring_buf_area_finish
                0x0002cbbc       0x32 zephyr/libzephyr.a(ring_buffer.c.obj)
                0x0002cbbc                ring_buf_area_finish
 .text.ring_buf_put
                0x0002cbee       0x40 zephyr/libzephyr.a(ring_buffer.c.obj)
                0x0002cbee                ring_buf_put
 .text.ring_buf_get
                0x0002cc2e       0x44 zephyr/libzephyr.a(ring_buffer.c.obj)
                0x0002cc2e                ring_buf_get
 .text._ConfigAbsSyms
                0x0002cc72        0x2 zephyr/libzephyr.a(configs.c.obj)
                0x0002cc72                _ConfigAbsSyms
 .text.arch_early_memset
                0x0002cc74        0x4 zephyr/arch/common/libarch__common.a(init.c.obj)
                0x0002cc74                arch_early_memset
 .text.arch_early_memcpy
                0x0002cc78        0x4 zephyr/arch/common/libarch__common.a(init.c.obj)
                0x0002cc78                arch_early_memcpy
 .text.z_do_kernel_oops
                0x0002cc7c        0x8 zephyr/arch/arch/arm/core/libarch__arm__core.a(fatal.c.obj)
                0x0002cc7c                z_do_kernel_oops
 .text.z_arm_nmi
                0x0002cc84        0xe zephyr/arch/arch/arm/core/libarch__arm__core.a(nmi.c.obj)
                0x0002cc84                z_arm_nmi
 .text.z_irq_spurious
                0x0002cc92        0x8 zephyr/arch/arch/arm/core/cortex_m/libarch__arm__core__cortex_m.a(irq_manage.c.obj)
                0x0002cc92                z_irq_spurious
 .text.arch_coprocessors_disable
                0x0002cc9a        0x6 zephyr/arch/arch/arm/core/cortex_m/libarch__arm__core__cortex_m.a(thread.c.obj)
                0x0002cc9a                arch_coprocessors_disable
 .text.arch_irq_unlock_outlined
                0x0002cca0        0xe zephyr/arch/arch/arm/core/cortex_m/libarch__arm__core__cortex_m.a(thread.c.obj)
                0x0002cca0                arch_irq_unlock_outlined
 .text.arch_cpu_idle
                0x0002ccae       0x1a zephyr/arch/arch/arm/core/cortex_m/libarch__arm__core__cortex_m.a(cpu_idle.c.obj)
                0x0002ccae                arch_cpu_idle
 .text.size_to_mpu_rasr_size
                0x0002ccc8       0x20 zephyr/arch/arch/arm/core/mpu/libarch__arm__core__mpu.a(arm_mpu.c.obj)
 .text.picolibc_put
                0x0002cce8        0xa zephyr/lib/libc/picolibc/liblib__libc__picolibc.a(stdio.c.obj)
 .text.atomic_inc.isra.0
                0x0002ccf2       0x18 zephyr/lib/net_buf/liblib__net_buf.a(buf.c.obj)
 .text.net_buf_reset
                0x0002cd0a        0xa zephyr/lib/net_buf/liblib__net_buf.a(buf.c.obj)
                0x0002cd0a                net_buf_reset
 .text.net_buf_ref
                0x0002cd14        0xe zephyr/lib/net_buf/liblib__net_buf.a(buf.c.obj)
                0x0002cd14                net_buf_ref
 .text.net_buf_frag_del
                0x0002cd22       0x18 zephyr/lib/net_buf/liblib__net_buf.a(buf.c.obj)
                0x0002cd22                net_buf_frag_del
 .text.net_buf_simple_add
                0x0002cd3a        0xc zephyr/lib/net_buf/liblib__net_buf.a(buf_simple.c.obj)
                0x0002cd3a                net_buf_simple_add
 .text.net_buf_simple_add_mem
                0x0002cd46       0x12 zephyr/lib/net_buf/liblib__net_buf.a(buf_simple.c.obj)
                0x0002cd46                net_buf_simple_add_mem
 .text.net_buf_simple_add_u8
                0x0002cd58       0x10 zephyr/lib/net_buf/liblib__net_buf.a(buf_simple.c.obj)
                0x0002cd58                net_buf_simple_add_u8
 .text.net_buf_simple_add_le16
                0x0002cd68       0x14 zephyr/lib/net_buf/liblib__net_buf.a(buf_simple.c.obj)
                0x0002cd68                net_buf_simple_add_le16
 .text.net_buf_simple_remove_mem
                0x0002cd7c        0xe zephyr/lib/net_buf/liblib__net_buf.a(buf_simple.c.obj)
                0x0002cd7c                net_buf_simple_remove_mem
 .text.net_buf_simple_pull
                0x0002cd8a       0x10 zephyr/lib/net_buf/liblib__net_buf.a(buf_simple.c.obj)
                0x0002cd8a                net_buf_simple_pull
 .text.usbd_device_lock
                0x0002cd9a        0xe zephyr/subsys/usb/device_next/libsubsys__usb__device_next.a(usbd_device.c.obj)
 .text.k_mutex_unlock.isra.0
                0x0002cda8        0x4 zephyr/subsys/usb/device_next/libsubsys__usb__device_next.a(usbd_device.c.obj)
 .text.usbd_bus_speed
                0x0002cdac        0xa zephyr/subsys/usb/device_next/libsubsys__usb__device_next.a(usbd_device.c.obj)
                0x0002cdac                usbd_bus_speed
 .text.usbd_device_set_code_triple
                0x0002cdb6       0x48 zephyr/subsys/usb/device_next/libsubsys__usb__device_next.a(usbd_device.c.obj)
                0x0002cdb6                usbd_device_set_code_triple
 .text.usbd_is_suspended
                0x0002cdfe        0xa zephyr/subsys/usb/device_next/libsubsys__usb__device_next.a(usbd_device.c.obj)
                0x0002cdfe                usbd_is_suspended
 .text.usbd_init
                0x0002ce08       0x60 zephyr/subsys/usb/device_next/libsubsys__usb__device_next.a(usbd_device.c.obj)
                0x0002ce08                usbd_init
 .text.usbd_enable
                0x0002ce68       0x86 zephyr/subsys/usb/device_next/libsubsys__usb__device_next.a(usbd_device.c.obj)
                0x0002ce68                usbd_enable
 .text.usbd_device_get_vreq
                0x0002ceee       0x2a zephyr/subsys/usb/device_next/libsubsys__usb__device_next.a(usbd_device.c.obj)
                0x0002ceee                usbd_device_get_vreq
 .text.usbd_device_register_vreq
                0x0002cf18       0x56 zephyr/subsys/usb/device_next/libsubsys__usb__device_next.a(usbd_device.c.obj)
                0x0002cf18                usbd_device_register_vreq
 .text.usbd_get_descriptor
                0x0002cf6e       0x34 zephyr/subsys/usb/device_next/libsubsys__usb__device_next.a(usbd_desc.c.obj)
                0x0002cf6e                usbd_get_descriptor
 .text.usbd_add_descriptor
                0x0002cfa2      0x106 zephyr/subsys/usb/device_next/libsubsys__usb__device_next.a(usbd_desc.c.obj)
                0x0002cfa2                usbd_add_descriptor
 .text.usbd_str_desc_get_idx
                0x0002d0a8        0xa zephyr/subsys/usb/device_next/libsubsys__usb__device_next.a(usbd_desc.c.obj)
                0x0002d0a8                usbd_str_desc_get_idx
 .text.net_buf_simple_tailroom
                0x0002d0b2       0x10 zephyr/subsys/usb/device_next/libsubsys__usb__device_next.a(usbd_ch9.c.obj)
 .text.reqtype_is_to_host
                0x0002d0c2        0xc zephyr/subsys/usb/device_next/libsubsys__usb__device_next.a(usbd_ch9.c.obj)
 .text.sreq_feature_halt_notify
                0x0002d0ce       0x20 zephyr/subsys/usb/device_next/libsubsys__usb__device_next.a(usbd_ch9.c.obj)
 .text.usbd_enqueue_status_in
                0x0002d0ee       0x2c zephyr/subsys/usb/device_next/libsubsys__usb__device_next.a(usbd_ch9.c.obj)
 .text.usbd_enqueue_setup
                0x0002d11a       0x26 zephyr/subsys/usb/device_next/libsubsys__usb__device_next.a(usbd_ch9.c.obj)
 .text.udc_test_mode
                0x0002d140       0x46 zephyr/subsys/usb/device_next/libsubsys__usb__device_next.a(usbd_ch9.c.obj)
 .text.udc_set_address
                0x0002d186       0x38 zephyr/subsys/usb/device_next/libsubsys__usb__device_next.a(usbd_ch9.c.obj)
 .text.usbd_init_control_pipe
                0x0002d1be       0x18 zephyr/subsys/usb/device_next/libsubsys__usb__device_next.a(usbd_ch9.c.obj)
                0x0002d1be                usbd_init_control_pipe
 .text.usbd_class_bcast_event
                0x0002d1d6       0x48 zephyr/subsys/usb/device_next/libsubsys__usb__device_next.a(usbd_core.c.obj)
 .text.unassign_eps.isra.0
                0x0002d21e       0x66 zephyr/subsys/usb/device_next/libsubsys__usb__device_next.a(usbd_init.c.obj)
 .text.usbd_init_configurations
                0x0002d284      0x1e8 zephyr/subsys/usb/device_next/libsubsys__usb__device_next.a(usbd_init.c.obj)
                0x0002d284                usbd_init_configurations
 .text.usbd_device_lock
                0x0002d46c        0xe zephyr/subsys/usb/device_next/libsubsys__usb__device_next.a(usbd_config.c.obj)
 .text.k_mutex_unlock.isra.0
                0x0002d47a        0x4 zephyr/subsys/usb/device_next/libsubsys__usb__device_next.a(usbd_config.c.obj)
 .text.usbd_config_get
                0x0002d47e       0x28 zephyr/subsys/usb/device_next/libsubsys__usb__device_next.a(usbd_config.c.obj)
                0x0002d47e                usbd_config_get
 .text.usbd_config_get_current
                0x0002d4a6       0x24 zephyr/subsys/usb/device_next/libsubsys__usb__device_next.a(usbd_config.c.obj)
                0x0002d4a6                usbd_config_get_current
 .text.usbd_config_exist
                0x0002d4ca        0xe zephyr/subsys/usb/device_next/libsubsys__usb__device_next.a(usbd_config.c.obj)
                0x0002d4ca                usbd_config_exist
 .text.usbd_config_set
                0x0002d4d8       0x98 zephyr/subsys/usb/device_next/libsubsys__usb__device_next.a(usbd_config.c.obj)
                0x0002d4d8                usbd_config_set
 .text.usbd_add_configuration
                0x0002d570       0xc0 zephyr/subsys/usb/device_next/libsubsys__usb__device_next.a(usbd_config.c.obj)
                0x0002d570                usbd_add_configuration
 .text.usbd_device_lock
                0x0002d630        0xe zephyr/subsys/usb/device_next/libsubsys__usb__device_next.a(usbd_class.c.obj)
 .text.usbd_class_desc_len
                0x0002d63e       0x20 zephyr/subsys/usb/device_next/libsubsys__usb__device_next.a(usbd_class.c.obj)
                0x0002d63e                usbd_class_desc_len
 .text.usbd_class_get_by_config
                0x0002d65e       0x20 zephyr/subsys/usb/device_next/libsubsys__usb__device_next.a(usbd_class.c.obj)
                0x0002d65e                usbd_class_get_by_config
 .text.usbd_class_get_by_iface
                0x0002d67e       0x20 zephyr/subsys/usb/device_next/libsubsys__usb__device_next.a(usbd_class.c.obj)
                0x0002d67e                usbd_class_get_by_iface
 .text.usbd_class_handle_xfer
                0x0002d69e       0x12 zephyr/subsys/usb/device_next/libsubsys__usb__device_next.a(usbd_class.c.obj)
                0x0002d69e                usbd_class_handle_xfer
 .text.usbd_class_get_by_ep
                0x0002d6b0       0x46 zephyr/subsys/usb/device_next/libsubsys__usb__device_next.a(usbd_class.c.obj)
                0x0002d6b0                usbd_class_get_by_ep
 .text.usbd_class_get_by_req
                0x0002d6f6       0x2e zephyr/subsys/usb/device_next/libsubsys__usb__device_next.a(usbd_class.c.obj)
                0x0002d6f6                usbd_class_get_by_req
 .text.usbd_register_class
                0x0002d724       0x9a zephyr/subsys/usb/device_next/libsubsys__usb__device_next.a(usbd_class.c.obj)
                0x0002d724                usbd_register_class
 .text.usbd_interface_modify
                0x0002d7be       0x96 zephyr/subsys/usb/device_next/libsubsys__usb__device_next.a(usbd_interface.c.obj)
 .text.usbd_interface_shutdown
                0x0002d854       0x54 zephyr/subsys/usb/device_next/libsubsys__usb__device_next.a(usbd_interface.c.obj)
                0x0002d854                usbd_interface_shutdown
 .text.usbd_interface_default
                0x0002d8a8       0x50 zephyr/subsys/usb/device_next/libsubsys__usb__device_next.a(usbd_interface.c.obj)
                0x0002d8a8                usbd_interface_default
 .text.usbd_interface_set
                0x0002d8f8       0x78 zephyr/subsys/usb/device_next/libsubsys__usb__device_next.a(usbd_interface.c.obj)
                0x0002d8f8                usbd_interface_set
 .text.usbd_ep_bm_clear
                0x0002d970       0x1e zephyr/subsys/usb/device_next/libsubsys__usb__device_next.a(usbd_endpoint.c.obj)
 .text.usbd_ep_enable
                0x0002d98e       0x38 zephyr/subsys/usb/device_next/libsubsys__usb__device_next.a(usbd_endpoint.c.obj)
                0x0002d98e                usbd_ep_enable
 .text.usbd_ep_disable
                0x0002d9c6       0x2c zephyr/subsys/usb/device_next/libsubsys__usb__device_next.a(usbd_endpoint.c.obj)
                0x0002d9c6                usbd_ep_disable
 .text.usbd_ep_ctrl_data_in_alloc
                0x0002d9f2        0xa zephyr/subsys/usb/device_next/libsubsys__usb__device_next.a(usbd_endpoint.c.obj)
                0x0002d9f2                usbd_ep_ctrl_data_in_alloc
 .text.usbd_ep_ctrl_enqueue
                0x0002d9fc       0x7a zephyr/subsys/usb/device_next/libsubsys__usb__device_next.a(usbd_endpoint.c.obj)
                0x0002d9fc                usbd_ep_ctrl_enqueue
 .text.usbd_ep_buf_alloc
                0x0002da76        0x8 zephyr/subsys/usb/device_next/libsubsys__usb__device_next.a(usbd_endpoint.c.obj)
                0x0002da76                usbd_ep_buf_alloc
 .text.usbd_ep_enqueue
                0x0002da7e       0x30 zephyr/subsys/usb/device_next/libsubsys__usb__device_next.a(usbd_endpoint.c.obj)
                0x0002da7e                usbd_ep_enqueue
 .text.usbd_ep_buf_free
                0x0002daae        0x6 zephyr/subsys/usb/device_next/libsubsys__usb__device_next.a(usbd_endpoint.c.obj)
                0x0002daae                usbd_ep_buf_free
 .text.usbd_ep_set_halt
                0x0002dab4       0x2a zephyr/subsys/usb/device_next/libsubsys__usb__device_next.a(usbd_endpoint.c.obj)
                0x0002dab4                usbd_ep_set_halt
 .text.usbd_ep_clear_halt
                0x0002dade       0x1e zephyr/subsys/usb/device_next/libsubsys__usb__device_next.a(usbd_endpoint.c.obj)
                0x0002dade                usbd_ep_clear_halt
 .text.usbd_ep_is_halted
                0x0002dafc       0x16 zephyr/subsys/usb/device_next/libsubsys__usb__device_next.a(usbd_endpoint.c.obj)
                0x0002dafc                usbd_ep_is_halted
 .text.usbd_msg_pub_simple
                0x0002db12       0x1c zephyr/subsys/usb/device_next/libsubsys__usb__device_next.a(usbd_msg.c.obj)
                0x0002db12                usbd_msg_pub_simple
 .text.usbd_msg_pub_device
                0x0002db2e       0x1c zephyr/subsys/usb/device_next/libsubsys__usb__device_next.a(usbd_msg.c.obj)
                0x0002db2e                usbd_msg_pub_device
 .text.usbd_cdc_acm_update
                0x0002db4a        0x2 zephyr/subsys/usb/device_next/libsubsys__usb__device_next.a(usbd_cdc_acm.c.obj)
 .text.usbd_cdc_acm_get_desc
                0x0002db4c        0x8 zephyr/subsys/usb/device_next/libsubsys__usb__device_next.a(usbd_cdc_acm.c.obj)
 .text.cdc_acm_update_uart_cfg
                0x0002db54       0x4c zephyr/subsys/usb/device_next/libsubsys__usb__device_next.a(usbd_cdc_acm.c.obj)
 .text.cdc_acm_irq_tx_ready
                0x0002dba0       0x18 zephyr/subsys/usb/device_next/libsubsys__usb__device_next.a(usbd_cdc_acm.c.obj)
 .text.cdc_acm_irq_rx_ready
                0x0002dbb8        0x8 zephyr/subsys/usb/device_next/libsubsys__usb__device_next.a(usbd_cdc_acm.c.obj)
 .text.cdc_acm_irq_is_pending
                0x0002dbc0       0x12 zephyr/subsys/usb/device_next/libsubsys__usb__device_next.a(usbd_cdc_acm.c.obj)
 .text.cdc_acm_irq_callback_set
                0x0002dbd2        0x8 zephyr/subsys/usb/device_next/libsubsys__usb__device_next.a(usbd_cdc_acm.c.obj)
 .text.atomic_test_bit
                0x0002dbda       0x12 zephyr/subsys/usb/device_next/libsubsys__usb__device_next.a(usbd_cdc_acm.c.obj)
 .text.usbd_cdc_acm_suspended
                0x0002dbec       0x20 zephyr/subsys/usb/device_next/libsubsys__usb__device_next.a(usbd_cdc_acm.c.obj)
 .text.cdc_acm_fifo_read
                0x0002dc0c       0x14 zephyr/subsys/usb/device_next/libsubsys__usb__device_next.a(usbd_cdc_acm.c.obj)
 .text.cdc_acm_poll_in
                0x0002dc20       0x2a zephyr/subsys/usb/device_next/libsubsys__usb__device_next.a(usbd_cdc_acm.c.obj)
 .text.cdc_acm_fifo_fill
                0x0002dc4a       0x2a zephyr/subsys/usb/device_next/libsubsys__usb__device_next.a(usbd_cdc_acm.c.obj)
 .text.usbd_cdc_acm_init
                0x0002dc74       0x36 zephyr/subsys/usb/device_next/libsubsys__usb__device_next.a(usbd_cdc_acm.c.obj)
 .text.atomic_clear_bit
                0x0002dcaa       0x1e zephyr/subsys/usb/device_next/libsubsys__usb__device_next.a(usbd_cdc_acm.c.obj)
 .text.cdc_acm_irq_rx_disable
                0x0002dcc8        0xa zephyr/subsys/usb/device_next/libsubsys__usb__device_next.a(usbd_cdc_acm.c.obj)
 .text.cdc_acm_irq_tx_disable
                0x0002dcd2        0xa zephyr/subsys/usb/device_next/libsubsys__usb__device_next.a(usbd_cdc_acm.c.obj)
 .text.usbd_cdc_acm_disable
                0x0002dcdc       0x1a zephyr/subsys/usb/device_next/libsubsys__usb__device_next.a(usbd_cdc_acm.c.obj)
 .text.usbd_cdc_acm_resumed
                0x0002dcf6        0xc zephyr/subsys/usb/device_next/libsubsys__usb__device_next.a(usbd_cdc_acm.c.obj)
 .text.cdc_acm_tx_fifo_handler
                0x0002dd02       0xda zephyr/subsys/usb/device_next/libsubsys__usb__device_next.a(usbd_cdc_acm.c.obj)
 .text.usbd_cdc_acm_request
                0x0002dddc      0x100 zephyr/subsys/usb/device_next/libsubsys__usb__device_next.a(usbd_cdc_acm.c.obj)
 .text.cdc_acm_rx_fifo_handler
                0x0002dedc       0x8c zephyr/subsys/usb/device_next/libsubsys__usb__device_next.a(usbd_cdc_acm.c.obj)
 .text.cdc_acm_irq_cb_handler
                0x0002df68       0xae zephyr/subsys/usb/device_next/libsubsys__usb__device_next.a(usbd_cdc_acm.c.obj)
 .text.cdc_acm_irq_update
                0x0002e016       0x44 zephyr/subsys/usb/device_next/libsubsys__usb__device_next.a(usbd_cdc_acm.c.obj)
 .text.cdc_acm_irq_tx_enable
                0x0002e05a       0x36 zephyr/subsys/usb/device_next/libsubsys__usb__device_next.a(usbd_cdc_acm.c.obj)
 .text.cdc_acm_irq_rx_enable
                0x0002e090       0x4a zephyr/subsys/usb/device_next/libsubsys__usb__device_next.a(usbd_cdc_acm.c.obj)
 .text.usbd_cdc_acm_enable
                0x0002e0da       0x50 zephyr/subsys/usb/device_next/libsubsys__usb__device_next.a(usbd_cdc_acm.c.obj)
 .text.udc_buf_destroy
                0x0002e12a       0x30 zephyr/drivers/usb/udc/libdrivers__usb__udc.a(udc_common.c.obj)
 .text.ep_check_config.isra.0
                0x0002e15a       0x6c zephyr/drivers/usb/udc/libdrivers__usb__udc.a(udc_common.c.obj)
 .text.udc_is_initialized.isra.0
                0x0002e1c6       0x12 zephyr/drivers/usb/udc/libdrivers__usb__udc.a(udc_common.c.obj)
 .text.udc_is_enabled.isra.0
                0x0002e1d8       0x12 zephyr/drivers/usb/udc/libdrivers__usb__udc.a(udc_common.c.obj)
 .text.udc_set_suspended
                0x0002e1ea       0x40 zephyr/drivers/usb/udc/libdrivers__usb__udc.a(udc_common.c.obj)
                0x0002e1ea                udc_set_suspended
 .text.udc_get_ep_cfg
                0x0002e22a       0x12 zephyr/drivers/usb/udc/libdrivers__usb__udc.a(udc_common.c.obj)
                0x0002e22a                udc_get_ep_cfg
 .text.udc_ep_is_busy
                0x0002e23c        0x8 zephyr/drivers/usb/udc/libdrivers__usb__udc.a(udc_common.c.obj)
                0x0002e23c                udc_ep_is_busy
 .text.udc_ep_set_busy
                0x0002e244        0xa zephyr/drivers/usb/udc/libdrivers__usb__udc.a(udc_common.c.obj)
                0x0002e244                udc_ep_set_busy
 .text.udc_register_ep
                0x0002e24e       0x2c zephyr/drivers/usb/udc/libdrivers__usb__udc.a(udc_common.c.obj)
                0x0002e24e                udc_register_ep
 .text.udc_buf_get
                0x0002e27a        0x8 zephyr/drivers/usb/udc/libdrivers__usb__udc.a(udc_common.c.obj)
                0x0002e27a                udc_buf_get
 .text.udc_buf_peek
                0x0002e282        0x4 zephyr/drivers/usb/udc/libdrivers__usb__udc.a(udc_common.c.obj)
                0x0002e282                udc_buf_peek
 .text.udc_buf_put
                0x0002e286        0x4 zephyr/drivers/usb/udc/libdrivers__usb__udc.a(udc_common.c.obj)
                0x0002e286                udc_buf_put
 .text.udc_ep_buf_has_zlp
                0x0002e28a        0x8 zephyr/drivers/usb/udc/libdrivers__usb__udc.a(udc_common.c.obj)
                0x0002e28a                udc_ep_buf_has_zlp
 .text.udc_ep_buf_clear_zlp
                0x0002e292        0xa zephyr/drivers/usb/udc/libdrivers__usb__udc.a(udc_common.c.obj)
                0x0002e292                udc_ep_buf_clear_zlp
 .text.udc_submit_event
                0x0002e29c       0x18 zephyr/drivers/usb/udc/libdrivers__usb__udc.a(udc_common.c.obj)
                0x0002e29c                udc_submit_event
 .text.udc_submit_ep_event
                0x0002e2b4       0x30 zephyr/drivers/usb/udc/libdrivers__usb__udc.a(udc_common.c.obj)
                0x0002e2b4                udc_submit_ep_event
 .text.udc_ep_cancel_queued
                0x0002e2e4       0x1e zephyr/drivers/usb/udc/libdrivers__usb__udc.a(udc_common.c.obj)
                0x0002e2e4                udc_ep_cancel_queued
 .text.udc_setup_received
                0x0002e302       0xb4 zephyr/drivers/usb/udc/libdrivers__usb__udc.a(udc_common.c.obj)
                0x0002e302                udc_setup_received
 .text.udc_ep_try_config
                0x0002e3b6       0x8c zephyr/drivers/usb/udc/libdrivers__usb__udc.a(udc_common.c.obj)
                0x0002e3b6                udc_ep_try_config
 .text.udc_ep_enable_internal
                0x0002e442       0x64 zephyr/drivers/usb/udc/libdrivers__usb__udc.a(udc_common.c.obj)
                0x0002e442                udc_ep_enable_internal
 .text.udc_ep_enable
                0x0002e4a6       0x52 zephyr/drivers/usb/udc/libdrivers__usb__udc.a(udc_common.c.obj)
                0x0002e4a6                udc_ep_enable
 .text.udc_ep_disable_internal
                0x0002e4f8       0x3e zephyr/drivers/usb/udc/libdrivers__usb__udc.a(udc_common.c.obj)
                0x0002e4f8                udc_ep_disable_internal
 .text.udc_ep_disable
                0x0002e536       0x38 zephyr/drivers/usb/udc/libdrivers__usb__udc.a(udc_common.c.obj)
                0x0002e536                udc_ep_disable
 .text.udc_ep_set_halt
                0x0002e56e       0x54 zephyr/drivers/usb/udc/libdrivers__usb__udc.a(udc_common.c.obj)
                0x0002e56e                udc_ep_set_halt
 .text.udc_ep_clear_halt
                0x0002e5c2       0x60 zephyr/drivers/usb/udc/libdrivers__usb__udc.a(udc_common.c.obj)
                0x0002e5c2                udc_ep_clear_halt
 .text.udc_ep_enqueue
                0x0002e622       0x8c zephyr/drivers/usb/udc/libdrivers__usb__udc.a(udc_common.c.obj)
                0x0002e622                udc_ep_enqueue
 .text.udc_ep_queue_is_empty
                0x0002e6ae       0x2e zephyr/drivers/usb/udc/libdrivers__usb__udc.a(udc_common.c.obj)
                0x0002e6ae                udc_ep_queue_is_empty
 .text.udc_ep_dequeue
                0x0002e6dc       0x42 zephyr/drivers/usb/udc/libdrivers__usb__udc.a(udc_common.c.obj)
                0x0002e6dc                udc_ep_dequeue
 .text.udc_ctrl_setup_alloc
                0x0002e71e       0x1e zephyr/drivers/usb/udc/libdrivers__usb__udc.a(udc_common.c.obj)
                0x0002e71e                udc_ctrl_setup_alloc
 .text.udc_ctrl_data_alloc
                0x0002e73c       0x28 zephyr/drivers/usb/udc/libdrivers__usb__udc.a(udc_common.c.obj)
                0x0002e73c                udc_ctrl_data_alloc
 .text.udc_ctrl_status_alloc
                0x0002e764       0x22 zephyr/drivers/usb/udc/libdrivers__usb__udc.a(udc_common.c.obj)
                0x0002e764                udc_ctrl_status_alloc
 .text.udc_ep_buf_free
                0x0002e786       0x1c zephyr/drivers/usb/udc/libdrivers__usb__udc.a(udc_common.c.obj)
                0x0002e786                udc_ep_buf_free
 .text.udc_device_speed
                0x0002e7a2       0x2c zephyr/drivers/usb/udc/libdrivers__usb__udc.a(udc_common.c.obj)
                0x0002e7a2                udc_device_speed
 .text.udc_enable
                0x0002e7ce       0x58 zephyr/drivers/usb/udc/libdrivers__usb__udc.a(udc_common.c.obj)
                0x0002e7ce                udc_enable
 .text.udc_disable
                0x0002e826       0x48 zephyr/drivers/usb/udc/libdrivers__usb__udc.a(udc_common.c.obj)
                0x0002e826                udc_disable
 .text.udc_init
                0x0002e86e       0x66 zephyr/drivers/usb/udc/libdrivers__usb__udc.a(udc_common.c.obj)
                0x0002e86e                udc_init
 .text.udc_shutdown
                0x0002e8d4       0x56 zephyr/drivers/usb/udc/libdrivers__usb__udc.a(udc_common.c.obj)
                0x0002e8d4                udc_shutdown
 .text.nrf52_errata_187
                0x0002e92a       0x1c zephyr/drivers/usb/udc/libdrivers__usb__udc.a(udc_nrf.c.obj)
 .text.ep2bit   0x0002e946       0x10 zephyr/drivers/usb/udc/libdrivers__usb__udc.a(udc_nrf.c.obj)
 .text.udc_nrf_shutdown
                0x0002e956        0xe zephyr/drivers/usb/udc/libdrivers__usb__udc.a(udc_nrf.c.obj)
 .text.atomic_set_bit
                0x0002e964       0x1c zephyr/drivers/usb/udc/libdrivers__usb__udc.a(udc_nrf.c.obj)
 .text.udc_nrf_unlock
                0x0002e980        0x8 zephyr/drivers/usb/udc/libdrivers__usb__udc.a(udc_nrf.c.obj)
 .text.udc_nrf_lock
                0x0002e988       0x10 zephyr/drivers/usb/udc/libdrivers__usb__udc.a(udc_nrf.c.obj)
 .text.usb_pool_data_unref
                0x0002e998       0x18 zephyr/drivers/usb/common/buf/libdrivers__usb__common__buf.a(usb_buf.c.obj)
 .text.usb_pool_data_alloc
                0x0002e9b0       0x2c zephyr/drivers/usb/common/buf/libdrivers__usb__common__buf.a(usb_buf.c.obj)
 .text.get_status
                0x0002e9dc       0x12 zephyr/drivers/clock_control/libdrivers__clock_control.a(clock_control_nrf.c.obj)
 .text.stop     0x0002e9ee       0x50 zephyr/drivers/clock_control/libdrivers__clock_control.a(clock_control_nrf.c.obj)
 .text.api_stop
                0x0002ea3e        0x6 zephyr/drivers/clock_control/libdrivers__clock_control.a(clock_control_nrf.c.obj)
 .text.async_start
                0x0002ea44       0x60 zephyr/drivers/clock_control/libdrivers__clock_control.a(clock_control_nrf.c.obj)
 .text.api_start
                0x0002eaa4        0xe zephyr/drivers/clock_control/libdrivers__clock_control.a(clock_control_nrf.c.obj)
 .text.onoff_started_callback
                0x0002eab2       0x12 zephyr/drivers/clock_control/libdrivers__clock_control.a(clock_control_nrf.c.obj)
 .text.blocking_start_callback
                0x0002eac4        0x6 zephyr/drivers/clock_control/libdrivers__clock_control.a(clock_control_nrf.c.obj)
 .text.lfclk_stop
                0x0002eaca        0x4 zephyr/drivers/clock_control/libdrivers__clock_control.a(clock_control_nrf.c.obj)
 .text.lfclk_start
                0x0002eace        0x4 zephyr/drivers/clock_control/libdrivers__clock_control.a(clock_control_nrf.c.obj)
 .text.gpio_nrfx_port_get_raw
                0x0002ead2        0xe zephyr/drivers/gpio/libdrivers__gpio.a(gpio_nrfx.c.obj)
 .text.gpio_nrfx_port_set_masked_raw
                0x0002eae0       0x18 zephyr/drivers/gpio/libdrivers__gpio.a(gpio_nrfx.c.obj)
 .text.gpio_nrfx_port_set_bits_raw
                0x0002eaf8        0xc zephyr/drivers/gpio/libdrivers__gpio.a(gpio_nrfx.c.obj)
 .text.gpio_nrfx_port_clear_bits_raw
                0x0002eb04        0xc zephyr/drivers/gpio/libdrivers__gpio.a(gpio_nrfx.c.obj)
 .text.gpio_nrfx_port_toggle_bits
                0x0002eb10       0x1a zephyr/drivers/gpio/libdrivers__gpio.a(gpio_nrfx.c.obj)
 .text.gpio_nrfx_manage_callback
                0x0002eb2a       0x54 zephyr/drivers/gpio/libdrivers__gpio.a(gpio_nrfx.c.obj)
 .text.gpio_nrfx_gpiote_irq_handler
                0x0002eb7e        0x4 zephyr/drivers/gpio/libdrivers__gpio.a(gpio_nrfx.c.obj)
                0x0002eb7e                gpio_nrfx_gpiote_irq_handler
 .text.z_impl_hwinfo_get_device_id
                0x0002eb82       0x28 zephyr/drivers/hwinfo/libdrivers__hwinfo.a(hwinfo_nrf.c.obj)
                0x0002eb82                z_impl_hwinfo_get_device_id
 .text.pinctrl_lookup_state
                0x0002ebaa       0x26 zephyr/drivers/pinctrl/libdrivers__pinctrl.a(common.c.obj)
                0x0002ebaa                pinctrl_lookup_state
 .text.uarte_nrfx_err_check
                0x0002ebd0        0xe zephyr/drivers/serial/libdrivers__serial.a(uart_nrfx_uarte.c.obj)
 .text.uarte_nrfx_poll_in
                0x0002ebde       0x26 zephyr/drivers/serial/libdrivers__serial.a(uart_nrfx_uarte.c.obj)
 .text.uarte_nrfx_fifo_read
                0x0002ec04       0x28 zephyr/drivers/serial/libdrivers__serial.a(uart_nrfx_uarte.c.obj)
 .text.uarte_nrfx_irq_tx_enable
                0x0002ec2c       0x36 zephyr/drivers/serial/libdrivers__serial.a(uart_nrfx_uarte.c.obj)
 .text.uarte_nrfx_irq_tx_disable
                0x0002ec62       0x14 zephyr/drivers/serial/libdrivers__serial.a(uart_nrfx_uarte.c.obj)
 .text.uarte_nrfx_irq_tx_ready_complete
                0x0002ec76       0x1e zephyr/drivers/serial/libdrivers__serial.a(uart_nrfx_uarte.c.obj)
 .text.uarte_nrfx_irq_rx_ready
                0x0002ec94       0x10 zephyr/drivers/serial/libdrivers__serial.a(uart_nrfx_uarte.c.obj)
 .text.uarte_nrfx_irq_rx_enable
                0x0002eca4       0x14 zephyr/drivers/serial/libdrivers__serial.a(uart_nrfx_uarte.c.obj)
 .text.uarte_nrfx_irq_rx_disable
                0x0002ecb8       0x14 zephyr/drivers/serial/libdrivers__serial.a(uart_nrfx_uarte.c.obj)
 .text.uarte_nrfx_irq_err_enable
                0x0002eccc        0xe zephyr/drivers/serial/libdrivers__serial.a(uart_nrfx_uarte.c.obj)
 .text.uarte_nrfx_irq_err_disable
                0x0002ecda        0xe zephyr/drivers/serial/libdrivers__serial.a(uart_nrfx_uarte.c.obj)
 .text.uarte_nrfx_irq_is_pending
                0x0002ece8       0x32 zephyr/drivers/serial/libdrivers__serial.a(uart_nrfx_uarte.c.obj)
 .text.uarte_nrfx_irq_callback_set
                0x0002ed1a        0xc zephyr/drivers/serial/libdrivers__serial.a(uart_nrfx_uarte.c.obj)
 .text.is_tx_ready.isra.0
                0x0002ed26       0x20 zephyr/drivers/serial/libdrivers__serial.a(uart_nrfx_uarte.c.obj)
 .text.uarte_nrfx_isr_int
                0x0002ed46       0x88 zephyr/drivers/serial/libdrivers__serial.a(uart_nrfx_uarte.c.obj)
 .text.pinctrl_apply_state.isra.0
                0x0002edce       0x1e zephyr/drivers/serial/libdrivers__serial.a(uart_nrfx_uarte.c.obj)
 .text.uarte_1_init
                0x0002edec       0xd0 zephyr/drivers/serial/libdrivers__serial.a(uart_nrfx_uarte.c.obj)
 .text.uarte_nrfx_fifo_fill
                0x0002eebc       0x92 zephyr/drivers/serial/libdrivers__serial.a(uart_nrfx_uarte.c.obj)
 .text.event_clear
                0x0002ef4e       0x18 zephyr/drivers/timer/libdrivers__timer.a(nrf_rtc_timer.c.obj)
 .text.nrf52_errata_98
                0x0002ef66       0x1a modules/hal_nordic/nrfx/libnrfx.a(system_nrf52840.c.obj)
 .text.nrfx_isr
                0x0002ef80        0x6 modules/hal_nordic/nrfx/libnrfx.a(nrfx_glue.c.obj)
                0x0002ef80                nrfx_isr
 .text.nrfx_busy_wait
                0x0002ef86        0x4 modules/hal_nordic/nrfx/libnrfx.a(nrfx_glue.c.obj)
                0x0002ef86                nrfx_busy_wait
 .text.nrfx_flag32_alloc
                0x0002ef8a       0x3c modules/hal_nordic/nrfx/libnrfx.a(nrfx_flag32_allocator.c.obj)
                0x0002ef8a                nrfx_flag32_alloc
 .text.nrfx_flag32_free
                0x0002efc6       0x3a modules/hal_nordic/nrfx/libnrfx.a(nrfx_flag32_allocator.c.obj)
                0x0002efc6                nrfx_flag32_free
 .text.nrfx_gppi_conn_alloc
                0x0002f000       0x28 modules/hal_nordic/nrfx/libnrfx.a(nrfx_gppi_ppi.c.obj)
                0x0002f000                nrfx_gppi_conn_alloc
 .text.nrfx_clock_start
                0x0002f028       0x10 modules/hal_nordic/nrfx/libnrfx.a(nrfx_clock.c.obj)
                0x0002f028                nrfx_clock_start
 .text.nrfx_clock_stop
                0x0002f038       0x10 modules/hal_nordic/nrfx/libnrfx.a(nrfx_clock.c.obj)
                0x0002f038                nrfx_clock_stop
 .text.nrfx_clock_irq_handler
                0x0002f048        0xe modules/hal_nordic/nrfx/libnrfx.a(nrfx_clock.c.obj)
                0x0002f048                nrfx_clock_irq_handler
 .text.nrf52_errata_201
                0x0002f056       0x1e modules/hal_nordic/nrfx/libnrfx.a(nrfx_clock_hfclk.c.obj)
 .text.nrfx_clock_hfclk_stop
                0x0002f074        0x4 modules/hal_nordic/nrfx/libnrfx.a(nrfx_clock_hfclk.c.obj)
                0x0002f074                nrfx_clock_hfclk_stop
 .text.clock_stop
                0x0002f078       0x32 modules/hal_nordic/nrfx/libnrfx.a(nrfx_clock_lfclk.c.obj)
 .text.nrfx_clock_lfclk_stop
                0x0002f0aa        0x4 modules/hal_nordic/nrfx/libnrfx.a(nrfx_clock_lfclk.c.obj)
                0x0002f0aa                nrfx_clock_lfclk_stop
 .text.nrf_gpio_reconfigure
                0x0002f0ae       0x92 modules/hal_nordic/nrfx/libnrfx.a(nrfx_gpiote.c.obj)
 .text.nrf_gpio_cfg_sense_set
                0x0002f140       0x1e modules/hal_nordic/nrfx/libnrfx.a(nrfx_gpiote.c.obj)
 .text.pin_in_use_by_te
                0x0002f15e       0x16 modules/hal_nordic/nrfx/libnrfx.a(nrfx_gpiote.c.obj)
 .text.pin_is_output
                0x0002f174       0x16 modules/hal_nordic/nrfx/libnrfx.a(nrfx_gpiote.c.obj)
 .text.pin_te_get
                0x0002f18a       0x14 modules/hal_nordic/nrfx/libnrfx.a(nrfx_gpiote.c.obj)
 .text.call_handler
                0x0002f19e       0x3e modules/hal_nordic/nrfx/libnrfx.a(nrfx_gpiote.c.obj)
 .text.release_handler
                0x0002f1dc       0x52 modules/hal_nordic/nrfx/libnrfx.a(nrfx_gpiote.c.obj)
 .text.__nrfy_internal_gpiote_events_process
                0x0002f22e       0x50 modules/hal_nordic/nrfx/libnrfx.a(nrfx_gpiote.c.obj)
 .text.pin_trigger_disable
                0x0002f27e       0x44 modules/hal_nordic/nrfx/libnrfx.a(nrfx_gpiote.c.obj)
 .text.nrfx_gpiote_input_configure
                0x0002f2c2      0x166 modules/hal_nordic/nrfx/libnrfx.a(nrfx_gpiote.c.obj)
                0x0002f2c2                nrfx_gpiote_input_configure
 .text.nrfx_gpiote_output_configure
                0x0002f428       0xea modules/hal_nordic/nrfx/libnrfx.a(nrfx_gpiote.c.obj)
                0x0002f428                nrfx_gpiote_output_configure
 .text.nrfx_gpiote_global_callback_set
                0x0002f512        0x6 modules/hal_nordic/nrfx/libnrfx.a(nrfx_gpiote.c.obj)
                0x0002f512                nrfx_gpiote_global_callback_set
 .text.nrfx_gpiote_channel_get
                0x0002f518       0x26 modules/hal_nordic/nrfx/libnrfx.a(nrfx_gpiote.c.obj)
                0x0002f518                nrfx_gpiote_channel_get
 .text.nrfx_gpiote_init
                0x0002f53e       0x38 modules/hal_nordic/nrfx/libnrfx.a(nrfx_gpiote.c.obj)
                0x0002f53e                nrfx_gpiote_init
 .text.nrfx_gpiote_init_check
                0x0002f576        0xc modules/hal_nordic/nrfx/libnrfx.a(nrfx_gpiote.c.obj)
                0x0002f576                nrfx_gpiote_init_check
 .text.nrfx_gpiote_pin_uninit
                0x0002f582        0x4 modules/hal_nordic/nrfx/libnrfx.a(nrfx_gpiote.c.obj)
                0x0002f582                nrfx_gpiote_pin_uninit
 .text.nrfx_gpiote_trigger_enable
                0x0002f586       0xa2 modules/hal_nordic/nrfx/libnrfx.a(nrfx_gpiote.c.obj)
                0x0002f586                nrfx_gpiote_trigger_enable
 .text.nrfx_gpiote_trigger_disable
                0x0002f628        0x4 modules/hal_nordic/nrfx/libnrfx.a(nrfx_gpiote.c.obj)
                0x0002f628                nrfx_gpiote_trigger_disable
 .text.nrf_power_event_get_and_clear.constprop.0
                0x0002f62c       0x18 modules/hal_nordic/nrfx/libnrfx.a(nrfx_power.c.obj)
 .text.nrfx_power_usbevt_enable
                0x0002f644        0xe modules/hal_nordic/nrfx/libnrfx.a(nrfx_power.c.obj)
                0x0002f644                nrfx_power_usbevt_enable
 .text.nrfx_power_usbevt_disable
                0x0002f652        0xe modules/hal_nordic/nrfx/libnrfx.a(nrfx_power.c.obj)
                0x0002f652                nrfx_power_usbevt_disable
 .text.nrfx_power_clock_irq_handler
                0x0002f660        0xe modules/hal_nordic/nrfx/libnrfx.a(nrfx_power.c.obj)
                0x0002f660                nrfx_power_clock_irq_handler
 .text.z_impl_k_busy_wait
                0x0002f66e        0x8 zephyr/kernel/libkernel.a(busy_wait.c.obj)
                0x0002f66e                z_impl_k_busy_wait
 .text.do_device_init
                0x0002f676       0x30 zephyr/kernel/libkernel.a(device.c.obj)
                0x0002f676                do_device_init
 .text.z_impl_device_is_ready
                0x0002f6a6       0x16 zephyr/kernel/libkernel.a(device.c.obj)
                0x0002f6a6                z_impl_device_is_ready
 .text.arch_system_halt
                0x0002f6bc       0x10 zephyr/kernel/libkernel.a(fatal.c.obj)
                0x0002f6bc                arch_system_halt
 .text.k_sys_fatal_error_handler
                0x0002f6cc        0x6 zephyr/kernel/libkernel.a(fatal.c.obj)
                0x0002f6cc                k_sys_fatal_error_handler
 .text.z_heap_alloc_helper
                0x0002f6d2       0x84 zephyr/kernel/libkernel.a(kheap.c.obj)
 .text.k_heap_init
                0x0002f756       0x10 zephyr/kernel/libkernel.a(kheap.c.obj)
                0x0002f756                k_heap_init
 .text.k_heap_free
                0x0002f766       0x38 zephyr/kernel/libkernel.a(kheap.c.obj)
                0x0002f766                k_heap_free
 .text.create_free_list
                0x0002f79e       0x44 zephyr/kernel/libkernel.a(mem_slab.c.obj)
 .text.k_mem_slab_free
                0x0002f7e2       0x70 zephyr/kernel/libkernel.a(mem_slab.c.obj)
                0x0002f7e2                k_mem_slab_free
 .text.idle     0x0002f852       0x16 zephyr/kernel/libkernel.a(idle.c.obj)
                0x0002f852                idle
 .text.unpend_thread_no_timeout
                0x0002f868       0x1a zephyr/kernel/libkernel.a(msg_q.c.obj)
 .text.z_impl_k_msgq_put
                0x0002f882        0xe zephyr/kernel/libkernel.a(msg_q.c.obj)
                0x0002f882                z_impl_k_msgq_put
 .text.adjust_owner_prio.isra.0
                0x0002f890       0x10 zephyr/kernel/libkernel.a(mutex.c.obj)
 .text.z_impl_k_mutex_init
                0x0002f8a0        0xe zephyr/kernel/libkernel.a(mutex.c.obj)
                0x0002f8a0                z_impl_k_mutex_init
 .text.unpend_thread_no_timeout
                0x0002f8ae       0x1a zephyr/kernel/libkernel.a(queue.c.obj)
 .text.queue_insert
                0x0002f8c8       0xc4 zephyr/kernel/libkernel.a(queue.c.obj)
 .text.z_impl_k_queue_init
                0x0002f98c       0x10 zephyr/kernel/libkernel.a(queue.c.obj)
                0x0002f98c                z_impl_k_queue_init
 .text.k_queue_append
                0x0002f99c       0x26 zephyr/kernel/libkernel.a(queue.c.obj)
                0x0002f99c                k_queue_append
 .text.k_queue_prepend
                0x0002f9c2       0x24 zephyr/kernel/libkernel.a(queue.c.obj)
                0x0002f9c2                k_queue_prepend
 .text.z_impl_k_queue_peek_head
                0x0002f9e6       0x24 zephyr/kernel/libkernel.a(queue.c.obj)
                0x0002f9e6                z_impl_k_queue_peek_head
 .text.flag_test_and_clear
                0x0002fa0a       0x16 zephyr/kernel/libkernel.a(work.c.obj)
 .text.unschedule_locked
                0x0002fa20       0x3e zephyr/kernel/libkernel.a(work.c.obj)
 .text.notify_queue_locked.isra.0
                0x0002fa5e       0x40 zephyr/kernel/libkernel.a(work.c.obj)
 .text.work_timeout
                0x0002fa9e       0x3c zephyr/kernel/libkernel.a(work.c.obj)
 .text.k_work_init
                0x0002fada       0x12 zephyr/kernel/libkernel.a(work.c.obj)
                0x0002fada                k_work_init
 .text.z_work_submit_to_queue
                0x0002faec       0x26 zephyr/kernel/libkernel.a(work.c.obj)
                0x0002faec                z_work_submit_to_queue
 .text.k_work_submit_to_queue
                0x0002fb12       0x20 zephyr/kernel/libkernel.a(work.c.obj)
                0x0002fb12                k_work_submit_to_queue
 .text.k_work_init_delayable
                0x0002fb32       0x18 zephyr/kernel/libkernel.a(work.c.obj)
                0x0002fb32                k_work_init_delayable
 .text.k_is_in_isr
                0x0002fb4a        0xc zephyr/kernel/libkernel.a(thread.c.obj)
                0x0002fb4a                k_is_in_isr
 .text.z_impl_k_thread_name_set
                0x0002fb56        0x6 zephyr/kernel/libkernel.a(thread.c.obj)
                0x0002fb56                z_impl_k_thread_name_set
 .text.z_thread_abort
                0x0002fb5c       0x3e zephyr/kernel/libkernel.a(thread.c.obj)
                0x0002fb5c                z_thread_abort
 .text.z_impl_k_yield
                0x0002fb9a        0x4 zephyr/kernel/libkernel.a(thread.c.obj)
                0x0002fb9a                z_impl_k_yield
 .text.sys_dlist_remove
                0x0002fb9e       0x10 zephyr/kernel/libkernel.a(sched.c.obj)
 .text.unpend_thread_no_timeout
                0x0002fbae       0x14 zephyr/kernel/libkernel.a(sched.c.obj)
 .text.add_to_waitq_locked
                0x0002fbc2       0x4c zephyr/kernel/libkernel.a(sched.c.obj)
 .text.z_ready_thread
                0x0002fc0e       0x1e zephyr/kernel/libkernel.a(sched.c.obj)
                0x0002fc0e                z_ready_thread
 .text.z_sched_ready_locked
                0x0002fc2c        0x4 zephyr/kernel/libkernel.a(sched.c.obj)
                0x0002fc2c                z_sched_ready_locked
 .text.z_sched_unready_locked
                0x0002fc30        0x4 zephyr/kernel/libkernel.a(sched.c.obj)
                0x0002fc30                z_sched_unready_locked
 .text.z_sched_wake_thread_locked
                0x0002fc34       0x28 zephyr/kernel/libkernel.a(sched.c.obj)
                0x0002fc34                z_sched_wake_thread_locked
 .text.z_thread_timeout
                0x0002fc5c       0x2a zephyr/kernel/libkernel.a(sched.c.obj)
                0x0002fc5c                z_thread_timeout
 .text.z_reschedule
                0x0002fc86        0x6 zephyr/kernel/libkernel.a(sched.c.obj)
                0x0002fc86                z_reschedule
 .text.z_unpend_all
                0x0002fc8c       0x42 zephyr/kernel/libkernel.a(sched.c.obj)
                0x0002fc8c                z_unpend_all
 .text.z_impl_k_sleep
                0x0002fcce       0x32 zephyr/kernel/libkernel.a(sleep.c.obj)
                0x0002fcce                z_impl_k_sleep
 .text.z_sched_waitq_walk
                0x0002fd00       0x68 zephyr/kernel/libkernel.a(scheduler.c.obj)
                0x0002fd00                z_sched_waitq_walk
 .text.z_time_slice_reset
                0x0002fd68        0xe zephyr/kernel/libkernel.a(timeslicing.c.obj)
                0x0002fd68                z_time_slice_reset
 .text.sys_clock_tick_get_32
                0x0002fd76        0x8 zephyr/kernel/libkernel.a(timeout.c.obj)
                0x0002fd76                sys_clock_tick_get_32
 .text.sys_timepoint_calc
                0x0002fd7e       0x4a zephyr/kernel/libkernel.a(timeout.c.obj)
                0x0002fd7e                sys_timepoint_calc
 .text.sys_timepoint_timeout
                0x0002fdc8       0x42 zephyr/kernel/libkernel.a(timeout.c.obj)
                0x0002fdc8                sys_timepoint_timeout
 .text.k_event_wait_internal
                0x0002fe0a       0x86 zephyr/kernel/libkernel.a(events.c.obj)
 .text.event_walk_op
                0x0002fe90       0x3e zephyr/kernel/libkernel.a(events.c.obj)
 .text.z_impl_k_event_post
                0x0002fece        0x6 zephyr/kernel/libkernel.a(events.c.obj)
                0x0002fece                z_impl_k_event_post
 .text.z_impl_k_event_clear
                0x0002fed4        0x8 zephyr/kernel/libkernel.a(events.c.obj)
                0x0002fed4                z_impl_k_event_clear
 .text.z_impl_k_event_wait
                0x0002fedc        0x6 zephyr/kernel/libkernel.a(events.c.obj)
                0x0002fedc                z_impl_k_event_wait
 .text.k_free   0x0002fee2       0x26 zephyr/kernel/libkernel.a(mempool.c.obj)
                0x0002fee2                k_free
 .text.memcpy   0x0002ff08       0x1c /home/urbanpoacher/zephyr-sdk-1.0.1/gnu/arm-zephyr-eabi/bin/../lib/gcc/arm-zephyr-eabi/14.3.0/../../../../arm-zephyr-eabi/lib/thumb/v7e-m/nofp/space/libc.a(memcpy.c.o)
                0x0002ff08                memcpy
                0x0002ff08                __aeabi_memcpy
                0x0002ff08                __aeabi_memcpy4
                0x0002ff08                __aeabi_memcpy8
 .text.memset   0x0002ff24       0x10 /home/urbanpoacher/zephyr-sdk-1.0.1/gnu/arm-zephyr-eabi/bin/../lib/gcc/arm-zephyr-eabi/14.3.0/../../../../arm-zephyr-eabi/lib/thumb/v7e-m/nofp/space/libc.a(memset.c.o)
                0x0002ff24                memset
 .text.strnlen  0x0002ff34       0x18 /home/urbanpoacher/zephyr-sdk-1.0.1/gnu/arm-zephyr-eabi/bin/../lib/gcc/arm-zephyr-eabi/14.3.0/../../../../arm-zephyr-eabi/lib/thumb/v7e-m/nofp/space/libc.a(libc_string_strnlen.c.o)
                0x0002ff34                strnlen
 .text.__ultoa_invert
                0x0002ff4c       0xae /home/urbanpoacher/zephyr-sdk-1.0.1/gnu/arm-zephyr-eabi/bin/../lib/gcc/arm-zephyr-eabi/14.3.0/../../../../arm-zephyr-eabi/lib/thumb/v7e-m/nofp/space/libc.a(libc_tinystdio_vflprintf.c.o)
 *(SORT_BY_ALIGNMENT(.gnu.linkonce.t.*))
 *(SORT_BY_ALIGNMENT(.glue_7t))
 .glue_7t       0x0002fffa        0x0 linker stubs
 *(SORT_BY_ALIGNMENT(.glue_7))
 .glue_7        0x0002fffa        0x0 linker stubs
 *(SORT_BY_ALIGNMENT(.vfp11_veneer))
 .vfp11_veneer  0x0002fffa        0x0 linker stubs
 *(SORT_BY_ALIGNMENT(.v4_bx))
 .v4_bx         0x0002fffa        0x0 linker stubs
                0x0002fffc                        . = ALIGN (0x4)
 *fill*         0x0002fffa        0x2 
                0x0002fffc                        __text_region_end = .

.ARM.exidx      0x0002fffc        0x0
                0x0002fffc                        __exidx_start = .
 *(SORT_BY_ALIGNMENT(.ARM.exidx*) SORT_BY_ALIGNMENT(gnu.linkonce.armexidx.*))
                0x0002fffc                        __exidx_end = .
                0x0002fffc                        __rodata_region_start = .

initlevel       0x0002fffc       0x70
                0x0002fffc                        __init_start = .
                0x0002fffc                        __init_EARLY_start = .
 *(SORT_BY_NAME(SORT_BY_ALIGNMENT(.z_init_EARLY_P_?_*)))
 .z_init_EARLY_P_0_SUB_0_
                0x0002fffc        0x8 zephyr/soc/soc/nrf52840/libsoc__nordic.a(gppi_init.c.obj)
 *(SORT_BY_NAME(SORT_BY_ALIGNMENT(.z_init_EARLY_P_??_*)))
 *(SORT_BY_NAME(SORT_BY_ALIGNMENT(.z_init_EARLY_P_???_*)))
                0x00030004                        __init_PRE_KERNEL_1_start = .
 *(SORT_BY_NAME(SORT_BY_ALIGNMENT(.z_init_PRE_KERNEL_1_P_?_*)))
 .z_init_PRE_KERNEL_1_P_0_SUB_0_
                0x00030004        0x8 zephyr/soc/soc/nrf52840/libsoc__nordic.a(soc.c.obj)
 *(SORT_BY_NAME(SORT_BY_ALIGNMENT(.z_init_PRE_KERNEL_1_P_??_*)))
 .z_init_PRE_KERNEL_1_P_30_SUB_00060_
                0x0003000c        0x8 zephyr/drivers/clock_control/libdrivers__clock_control.a(clock_control_nrf.c.obj)
 .z_init_PRE_KERNEL_1_P_40_SUB_00007_
                0x00030014        0x8 zephyr/drivers/gpio/libdrivers__gpio.a(gpio_nrfx.c.obj)
 .z_init_PRE_KERNEL_1_P_40_SUB_00018_
                0x0003001c        0x8 zephyr/drivers/gpio/libdrivers__gpio.a(gpio_nrfx.c.obj)
 .z_init_PRE_KERNEL_1_P_50_SUB_00119_
                0x00030024        0x8 zephyr/drivers/serial/libdrivers__serial.a(uart_nrfx_uarte.c.obj)
 .z_init_PRE_KERNEL_1_P_50_SUB_00122_
                0x0003002c        0x8 zephyr/subsys/usb/device_next/libsubsys__usb__device_next.a(usbd_cdc_acm.c.obj)
 .z_init_PRE_KERNEL_1_P_60_SUB_0_
                0x00030034        0x8 zephyr/drivers/console/libdrivers__console.a(uart_console.c.obj)
 *(SORT_BY_NAME(SORT_BY_ALIGNMENT(.z_init_PRE_KERNEL_1_P_???_*)))
                0x0003003c                        __init_PRE_KERNEL_2_start = .
 *(SORT_BY_NAME(SORT_BY_ALIGNMENT(.z_init_PRE_KERNEL_2_P_?_*)))
 .z_init_PRE_KERNEL_2_P_0_SUB_0_
                0x0003003c        0x8 zephyr/drivers/timer/libdrivers__timer.a(nrf_rtc_timer.c.obj)
 *(SORT_BY_NAME(SORT_BY_ALIGNMENT(.z_init_PRE_KERNEL_2_P_??_*)))
 *(SORT_BY_NAME(SORT_BY_ALIGNMENT(.z_init_PRE_KERNEL_2_P_???_*)))
                0x00030044                        __init_POST_KERNEL_start = .
 *(SORT_BY_NAME(SORT_BY_ALIGNMENT(.z_init_POST_KERNEL_P_?_*)))
 *(SORT_BY_NAME(SORT_BY_ALIGNMENT(.z_init_POST_KERNEL_P_??_*)))
 .z_init_POST_KERNEL_P_35_SUB_0_
                0x00030044        0x8 zephyr/lib/libc/common/liblib__libc__common.a(malloc.c.obj)
 .z_init_POST_KERNEL_P_50_SUB_00121_
                0x0003004c        0x8 zephyr/drivers/usb/udc/libdrivers__usb__udc.a(udc_nrf.c.obj)
 .z_init_POST_KERNEL_P_90_SUB_0_
                0x00030054        0x8 zephyr/subsys/usb/device_next/libsubsys__usb__device_next.a(usbd_core.c.obj)
 *(SORT_BY_NAME(SORT_BY_ALIGNMENT(.z_init_POST_KERNEL_P_???_*)))
                0x0003005c                        __init_APPLICATION_start = .
 *(SORT_BY_NAME(SORT_BY_ALIGNMENT(.z_init_APPLICATION_P_?_*)))
 .z_init_APPLICATION_P_0_SUB_0_
                0x0003005c        0x8 zephyr/libzephyr.a(boot_banner.c.obj)
 *(SORT_BY_NAME(SORT_BY_ALIGNMENT(.z_init_APPLICATION_P_??_*)))
 .z_init_APPLICATION_P_90_SUB_0_
                0x00030064        0x8 zephyr/libzephyr.a(cdc_acm_serial.c.obj)
 *(SORT_BY_NAME(SORT_BY_ALIGNMENT(.z_init_APPLICATION_P_???_*)))
                0x0003006c                        __init_SMP_start = .
 *(SORT_BY_NAME(SORT_BY_ALIGNMENT(.z_init_SMP_P_?_*)))
 *(SORT_BY_NAME(SORT_BY_ALIGNMENT(.z_init_SMP_P_??_*)))
 *(SORT_BY_NAME(SORT_BY_ALIGNMENT(.z_init_SMP_P_???_*)))
                0x0003006c                        __init_end = .

device_area     0x0003006c       0xa8
                0x0003006c                        _device_list_start = .
 *(SORT_BY_NAME(SORT_BY_ALIGNMENT(._device.static.*_?_*)))
 *(SORT_BY_NAME(SORT_BY_ALIGNMENT(._device.static.*_??_*)))
 ._device.static.1_30_
                0x0003006c       0x1c zephyr/drivers/clock_control/libdrivers__clock_control.a(clock_control_nrf.c.obj)
                0x0003006c                __device_dts_ord_60
 ._device.static.1_40_
                0x00030088       0x38 zephyr/drivers/gpio/libdrivers__gpio.a(gpio_nrfx.c.obj)
                0x00030088                __device_dts_ord_18
                0x000300a4                __device_dts_ord_7
 ._device.static.1_50_
                0x000300c0       0x1c zephyr/subsys/usb/device_next/libsubsys__usb__device_next.a(usbd_cdc_acm.c.obj)
                0x000300c0                __device_dts_ord_122
 ._device.static.1_50_
                0x000300dc       0x1c zephyr/drivers/serial/libdrivers__serial.a(uart_nrfx_uarte.c.obj)
                0x000300dc                __device_dts_ord_119
 ._device.static.3_50_
                0x000300f8       0x1c zephyr/drivers/usb/udc/libdrivers__usb__udc.a(udc_nrf.c.obj)
                0x000300f8                __device_dts_ord_121
 *(SORT_BY_NAME(SORT_BY_ALIGNMENT(._device.static.*_???_*)))
 *(SORT_BY_NAME(SORT_BY_ALIGNMENT(._device.static.*_????_*)))
 *(SORT_BY_NAME(SORT_BY_ALIGNMENT(._device.static.*_?????_*)))
                0x00030114                        _device_list_end = .

sw_isr_table    0x00030114      0x180
                0x00030114                        . = ALIGN (0x4)
 *(SORT_BY_ALIGNMENT(.gnu.linkonce.sw_isr_table*))
 .gnu.linkonce.sw_isr_table
                0x00030114      0x180 zephyr/arch/common/libisr_tables.a(isr_tables.c.obj)
                0x00030114                _sw_isr_table

initlevel_error
 *(SORT_BY_NAME(SORT_BY_ALIGNMENT(.z_init_*)))
                0x00000001                        ASSERT ((SIZEOF (initlevel_error) == 0x0), Undefined initialization levels used.)

app_shmem_regions
                0x00030294        0x0
                0x00030294                        __app_shmem_regions_start = .