Archive member included to satisfy reference by file (symbol)

app/libapp.a(sample_usbd_init.c.obj)
                              (--whole-archive)
app/libapp.a(main.c.obj)      (--whole-archive)
zephyr/libzephyr.a(validate_libc.c.obj)
                              (--whole-archive)
zephyr/libzephyr.a(heap.c.obj)
                              (--whole-archive)
zephyr/libzephyr.a(boot_banner.c.obj)
                              (--whole-archive)
zephyr/libzephyr.a(cbprintf_packaged.c.obj)
                              (--whole-archive)
zephyr/libzephyr.a(clock.c.obj)
                              (--whole-archive)
zephyr/libzephyr.a(printk.c.obj)
                              (--whole-archive)
zephyr/libzephyr.a(cbprintf_complete.c.obj)
                              (--whole-archive)
zephyr/libzephyr.a(assert.c.obj)
                              (--whole-archive)
zephyr/libzephyr.a(dec.c.obj)
                              (--whole-archive)
zephyr/libzephyr.a(hex.c.obj)
                              (--whole-archive)
zephyr/libzephyr.a(rb.c.obj)  (--whole-archive)
zephyr/libzephyr.a(set.c.obj)
                              (--whole-archive)
zephyr/libzephyr.a(timeutil.c.obj)
                              (--whole-archive)
zephyr/libzephyr.a(bitarray.c.obj)
                              (--whole-archive)
zephyr/libzephyr.a(bitmask.c.obj)
                              (--whole-archive)
zephyr/libzephyr.a(getopt.c.obj)
                              (--whole-archive)
zephyr/libzephyr.a(getopt_common.c.obj)
                              (--whole-archive)
zephyr/libzephyr.a(onoff.c.obj)
                              (--whole-archive)
zephyr/libzephyr.a(notify.c.obj)
                              (--whole-archive)
zephyr/libzephyr.a(ring_buffer.c.obj)
                              (--whole-archive)
zephyr/libzephyr.a(last_section_id.c.obj)
                              (--whole-archive)
zephyr/libzephyr.a(configs.c.obj)
                              (--whole-archive)
zephyr/libzephyr.a(mem_attr.c.obj)
                              (--whole-archive)
zephyr/libzephyr.a(tracing_none.c.obj)
                              (--whole-archive)
zephyr/libzephyr.a(cdc_acm_serial.c.obj)
                              (--whole-archive)
zephyr/libzephyr.a(sem.c.obj)
                              (--whole-archive)
zephyr/libzephyr.a(thread_entry.c.obj)
                              (--whole-archive)
zephyr/arch/common/libarch__common.a(sw_isr_common.c.obj)
                              (--whole-archive)
zephyr/arch/common/libarch__common.a(init.c.obj)
                              (--whole-archive)
zephyr/arch/common/libarch__common.a(xip.c.obj)
                              (--whole-archive)
zephyr/arch/arch/arm/core/libarch__arm__core.a(fatal.c.obj)
                              (--whole-archive)
zephyr/arch/arch/arm/core/libarch__arm__core.a(nmi.c.obj)
                              (--whole-archive)
zephyr/arch/arch/arm/core/libarch__arm__core.a(nmi_on_reset.S.obj)
                              (--whole-archive)
zephyr/arch/arch/arm/core/libarch__arm__core.a(tls.c.obj)
                              (--whole-archive)
zephyr/arch/arch/arm/core/cortex_m/libarch__arm__core__cortex_m.a(fault.c.obj)
                              (--whole-archive)
zephyr/arch/arch/arm/core/cortex_m/libarch__arm__core__cortex_m.a(fault_s.S.obj)
                              (--whole-archive)
zephyr/arch/arch/arm/core/cortex_m/libarch__arm__core__cortex_m.a(fpu.c.obj)
                              (--whole-archive)
zephyr/arch/arch/arm/core/cortex_m/libarch__arm__core__cortex_m.a(reset.S.obj)
                              (--whole-archive)
zephyr/arch/arch/arm/core/cortex_m/libarch__arm__core__cortex_m.a(scb.c.obj)
                              (--whole-archive)
zephyr/arch/arch/arm/core/cortex_m/libarch__arm__core__cortex_m.a(vector_table.S.obj)
                              (--whole-archive)
zephyr/arch/arch/arm/core/cortex_m/libarch__arm__core__cortex_m.a(svc.S.obj)
                              (--whole-archive)
zephyr/arch/arch/arm/core/cortex_m/libarch__arm__core__cortex_m.a(irq_manage.c.obj)
                              (--whole-archive)
zephyr/arch/arch/arm/core/cortex_m/libarch__arm__core__cortex_m.a(prep_c.c.obj)
                              (--whole-archive)
zephyr/arch/arch/arm/core/cortex_m/libarch__arm__core__cortex_m.a(thread.c.obj)
                              (--whole-archive)
zephyr/arch/arch/arm/core/cortex_m/libarch__arm__core__cortex_m.a(cpu_idle.c.obj)
                              (--whole-archive)
zephyr/arch/arch/arm/core/cortex_m/libarch__arm__core__cortex_m.a(exc_exit.c.obj)
                              (--whole-archive)
zephyr/arch/arch/arm/core/cortex_m/libarch__arm__core__cortex_m.a(thread_abort.c.obj)
                              (--whole-archive)
zephyr/arch/arch/arm/core/cortex_m/libarch__arm__core__cortex_m.a(swap_helper.S.obj)
                              (--whole-archive)
[...]
Memory Configuration

Name             Origin             Length             Attributes
FLASH            0x00026000         0x000c6000         xr
RAM              0x20000000         0x00040000         xw
IDT_LIST         0xffff7fff         0x00008000         xw
*default*        0x00000000         0xffffffff

Linker script and memory map

                0x0003e168                        vfprintf = __l_vfprintf
                0x00000000                        vfscanf = __l_vfscanf
LOAD zephyr/CMakeFiles/zephyr_pre0.dir/misc/empty_file.c.obj
LOAD zephyr/CMakeFiles/offsets.dir/./arch/arm/core/offsets/offsets.c.obj
LOAD app/libapp.a
LOAD zephyr/libzephyr.a
LOAD zephyr/arch/common/libarch__common.a
LOAD zephyr/arch/arch/arm/core/libarch__arm__core.a
LOAD zephyr/arch/arch/arm/core/cortex_m/libarch__arm__core__cortex_m.a
LOAD zephyr/arch/arch/arm/core/mpu/libarch__arm__core__mpu.a
LOAD zephyr/lib/libc/picolibc/liblib__libc__picolibc.a
LOAD zephyr/lib/libc/common/liblib__libc__common.a
LOAD zephyr/lib/net_buf/liblib__net_buf.a
LOAD zephyr/soc/soc/nrf52840/libsoc__nordic.a
LOAD zephyr/subsys/portability/posix/c_lib_ext/libsubsys__portability__posix__c_lib_ext.a
LOAD zephyr/subsys/random/libsubsys__random.a
LOAD zephyr/subsys/usb/device_next/libsubsys__usb__device_next.a
LOAD zephyr/subsys/bluetooth/common/libsubsys__bluetooth__common.a
LOAD zephyr/subsys/bluetooth/host/libsubsys__bluetooth__host.a
LOAD zephyr/subsys/bluetooth/controller/libsubsys__bluetooth__controller.a
LOAD zephyr/subsys/bluetooth/controller/ll_sw/nordic/libsubsys__bluetooth__controller__ll_sw__nordic.a
LOAD zephyr/drivers/usb/udc/libdrivers__usb__udc.a
LOAD zephyr/drivers/usb/common/buf/libdrivers__usb__common__buf.a
LOAD zephyr/drivers/usb/common/nrf_usbd_common/libdrivers__usb__common__nrf_usbd_common.a
LOAD zephyr/drivers/clock_control/libdrivers__clock_control.a
LOAD zephyr/drivers/entropy/libdrivers__entropy.a
LOAD zephyr/drivers/gpio/libdrivers__gpio.a
LOAD zephyr/drivers/hwinfo/libdrivers__hwinfo.a
LOAD zephyr/drivers/timer/libdrivers__timer.a
LOAD modules/hal_nordic/nrfx/libnrfx.a
LOAD zephyr/kernel/libkernel.a
LOAD zephyr/arch/common/libisr_tables.a
LOAD /home/urbanpoacher/zephyr-sdk-1.0.1/gnu/arm-zephyr-eabi/bin/../lib/gcc/arm-zephyr-eabi/14.3.0/../../../../arm-zephyr-eabi/lib/thumb/v7e-m/nofp/space/libc.a
LOAD /home/urbanpoacher/zephyr-sdk-1.0.1/gnu/arm-zephyr-eabi/bin/../lib/gcc/arm-zephyr-eabi/14.3.0/thumb/v7e-m/nofp/space/libgcc.a
                0x00000020                        _region_min_align = 0x20

.rel.plt        0x00026000        0x0
 *(SORT_BY_ALIGNMENT(.rel.plt))
                [!provide]                        PROVIDE (__rel_iplt_start = .)
 *(SORT_BY_ALIGNMENT(.rel.iplt))
 .rel.iplt      0x00026000        0x0 app/libapp.a(sample_usbd_init.c.obj)
                [!provide]                        PROVIDE (__rel_iplt_end = .)

.rela.plt       0x00000000        0x0
 *(SORT_BY_ALIGNMENT(.rela.plt))
                [!provide]                        PROVIDE (__rela_iplt_start = .)
 *(SORT_BY_ALIGNMENT(.rela.iplt))
                [!provide]                        PROVIDE (__rela_iplt_end = .)

.rel.dyn
 *(SORT_BY_ALIGNMENT(.rel.*))

.rela.dyn
 *(SORT_BY_ALIGNMENT(.rela.*))

/DISCARD/
 *(SORT_BY_ALIGNMENT(.plt))

/DISCARD/
 *(SORT_BY_ALIGNMENT(.iplt))
                0x00026000                        __rom_region_start = 0x26000

rom_start       0x00026000      0x100
                0x00026000                        __rom_start_address = .
 FILL mask 0x00
                0x00026000                        . = (. + (0x0 - (. - __rom_start_address)))
                0x00026000                        . = ALIGN (0x4)
                0x00026000                        . = ALIGN (0x80)
                0x00026000                        . = ALIGN (0x100)
                0x00026000                        _vector_start = .
 *(SORT_BY_ALIGNMENT(.exc_vector_table))
 *(SORT_BY_ALIGNMENT(.exc_vector_table.*))
 .exc_vector_table._vector_table_section
                0x00026000       0x40 zephyr/arch/arch/arm/core/cortex_m/libarch__arm__core__cortex_m.a(vector_table.S.obj)
                0x00026000                _vector_table
 *(SORT_BY_ALIGNMENT(.vectors))
                0x00026100                        _vector_end = .
                0x00026040                        . = ALIGN (0x4)
 *(SORT_BY_ALIGNMENT(.gnu.linkonce.irq_vector_table*))
 .gnu.linkonce.irq_vector_table
                0x00026040       0xc0 zephyr/arch/common/libisr_tables.a(isr_tables.c.obj)
                0x00026040                _irq_vector_table
                0x00026100                        _vector_end = .

text            0x00026100    0x1bb58
                0x00026100                        __text_region_start = .
 *(SORT_BY_ALIGNMENT(.text))
 .text          0x00026100       0x30 /home/urbanpoacher/zephyr-sdk-1.0.1/gnu/arm-zephyr-eabi/bin/../lib/gcc/arm-zephyr-eabi/14.3.0/thumb/v7e-m/nofp/space/libgcc.a(_aeabi_uldivmod.o)
                0x00026100                __aeabi_uldivmod
 .text          0x00026130        0x4 /home/urbanpoacher/zephyr-sdk-1.0.1/gnu/arm-zephyr-eabi/bin/../lib/gcc/arm-zephyr-eabi/14.3.0/thumb/v7e-m/nofp/space/libgcc.a(_dvmd_tls.o)
                0x00026130                __aeabi_ldiv0
                0x00026130                __aeabi_idiv0
 .text          0x00026134       0x14 /home/urbanpoacher/zephyr-sdk-1.0.1/gnu/arm-zephyr-eabi/bin/../lib/gcc/arm-zephyr-eabi/14.3.0/../../../../arm-zephyr-eabi/lib/thumb/v7e-m/nofp/space/libc.a(strcmp.S.o)
                0x00026134                strcmp
 .text          0x00026148      0x2bc /home/urbanpoacher/zephyr-sdk-1.0.1/gnu/arm-zephyr-eabi/bin/../lib/gcc/arm-zephyr-eabi/14.3.0/thumb/v7e-m/nofp/space/libgcc.a(_udivmoddi4.o)
                0x00026148                __udivmoddi4
 *(SORT_BY_ALIGNMENT(.text.*))
 *fill*         0x00026404        0x4 
 .text.ull_drift_ticks_get
                0x00026408       0x90 zephyr/subsys/bluetooth/controller/libsubsys__bluetooth__controller.a(ull.c.obj)
                0x00026408                ull_drift_ticks_get
 .text.ll_adv_enable
                0x00026498      0x368 zephyr/subsys/bluetooth/controller/libsubsys__bluetooth__controller.a(ull_adv.c.obj)
                0x00026498                ll_adv_enable
 .text.ull_adv_time_update
                0x00026800       0xb4 zephyr/subsys/bluetooth/controller/libsubsys__bluetooth__controller.a(ull_adv.c.obj)
                0x00026800                ull_adv_time_update
 *fill*         0x000268b4        0x4 
 .text.ll_scan_params_set
                0x000268b8       0x78 zephyr/subsys/bluetooth/controller/libsubsys__bluetooth__controller.a(ull_scan.c.obj)
                0x000268b8                ll_scan_params_set
 .text.ull_scan_params_set
                0x00026930       0x54 zephyr/subsys/bluetooth/controller/libsubsys__bluetooth__controller.a(ull_scan.c.obj)
                0x00026930                ull_scan_params_set
 *fill*         0x00026984        0x4 
 .text.ull_scan_enable
                0x00026988      0x18c zephyr/subsys/bluetooth/controller/libsubsys__bluetooth__controller.a(ull_scan.c.obj)
                0x00026988                ull_scan_enable
 *fill*         0x00026b14        0x4 
 .text.ull_conn_update_ticker.constprop.0
                0x00026b18      0x104 zephyr/subsys/bluetooth/controller/libsubsys__bluetooth__controller.a(ull_conn.c.obj)
 *fill*         0x00026c1c        0x4 
 .text.ull_conn_done
                0x00026c20      0x3e4 zephyr/subsys/bluetooth/controller/libsubsys__bluetooth__controller.a(ull_conn.c.obj)
                0x00026c20                ull_conn_done
 *fill*         0x00027004        0x4 
 .text.ull_conn_update_parameters
                0x00027008      0x2d4 zephyr/subsys/bluetooth/controller/libsubsys__bluetooth__controller.a(ull_conn.c.obj)
                0x00027008                ull_conn_update_parameters
 *fill*         0x000272dc        0x4 
 .text.ull_periph_setup
                0x000272e0      0x474 zephyr/subsys/bluetooth/controller/libsubsys__bluetooth__controller.a(ull_peripheral.c.obj)
                0x000272e0                ull_periph_setup
 *fill*         0x00027754        0x4 
 .text.ll_create_connection
                0x00027758      0x340 zephyr/subsys/bluetooth/controller/libsubsys__bluetooth__controller.a(ull_central.c.obj)
                0x00027758                ll_create_connection
 .text.ull_central_setup
                0x00027a98      0x234 zephyr/subsys/bluetooth/controller/libsubsys__bluetooth__controller.a(ull_central.c.obj)
                0x00027a98                ull_central_setup
 *fill*         0x00027ccc        0x4 
 .text.ull_sched_after_cen_slot_get
                0x00027cd0      0x1e4 zephyr/subsys/bluetooth/controller/libsubsys__bluetooth__controller.a(ull_sched.c.obj)
                0x00027cd0                ull_sched_after_cen_slot_get
 *fill*         0x00027eb4        0x4 
 .text.ull_sched_mfy_after_cen_offset_get
                0x00027eb8      0x10c zephyr/subsys/bluetooth/controller/libsubsys__bluetooth__controller.a(ull_sched.c.obj)
                0x00027eb8                ull_sched_mfy_after_cen_offset_get
 *fill*         0x00027fc4        0x4 
 .text.prepare_cb
                0x00027fc8      0x158 zephyr/subsys/bluetooth/controller/ll_sw/nordic/libsubsys__bluetooth__controller__ll_sw__nordic.a(lll_adv.c.obj)
 .text.common_prepare_cb
                0x00028120      0x268 zephyr/subsys/bluetooth/controller/ll_sw/nordic/libsubsys__bluetooth__controller__ll_sw__nordic.a(lll_scan.c.obj)
 .text.isr_window
                0x00028388       0x9c zephyr/subsys/bluetooth/controller/ll_sw/nordic/libsubsys__bluetooth__controller__ll_sw__nordic.a(lll_scan.c.obj)
 *fill*         0x00028424        0x4 
 .text.isr_rx   0x00028428      0x550 zephyr/subsys/bluetooth/controller/ll_sw/nordic/libsubsys__bluetooth__controller__ll_sw__nordic.a(lll_scan.c.obj)
 .text.prepare_cb
                0x00028978      0x254 zephyr/subsys/bluetooth/controller/ll_sw/nordic/libsubsys__bluetooth__controller__ll_sw__nordic.a(lll_peripheral.c.obj)
 *fill*         0x00028bcc        0x4 
 .text.prepare_cb
                0x00028bd0      0x1ac zephyr/subsys/bluetooth/controller/ll_sw/nordic/libsubsys__bluetooth__controller__ll_sw__nordic.a(lll_central.c.obj)
 .text.sample_usbd_setup_device
                0x00028d7c       0x9c app/libapp.a(sample_usbd_init.c.obj)
                0x00028d7c                sample_usbd_setup_device
 .text.sample_usbd_init_device
                0x00028e18       0x20 app/libapp.a(sample_usbd_init.c.obj)
                0x00028e18                sample_usbd_init_device
 .text.main     0x00028e38       0x38 app/libapp.a(main.c.obj)
                0x00028e38                main
 .text.boot_banner
                0x00028e70       0x10 zephyr/libzephyr.a(boot_banner.c.obj)
 .text.char_out
                0x00028e80        0xc zephyr/libzephyr.a(printk.c.obj)
 .text.vprintk  0x00028e8c       0x30 zephyr/libzephyr.a(printk.c.obj)
                0x00028e8c                vprintk
 .text.process_event
                0x00028ebc      0x1e8 zephyr/libzephyr.a(onoff.c.obj)
 .text.mem_attr_get_regions
                0x000290a4        0xc zephyr/libzephyr.a(mem_attr.c.obj)
                0x000290a4                mem_attr_get_regions
 .text.cdc_acm_serial_init_device
                0x000290b0       0x8c zephyr/libzephyr.a(cdc_acm_serial.c.obj)
 .text.z_thread_entry
                0x0002913c       0x34 zephyr/libzephyr.a(thread_entry.c.obj)
                0x0002913c                z_thread_entry
 .text.arch_bss_zero
                0x00029170       0x18 zephyr/arch/common/libarch__common.a(init.c.obj)
                0x00029170                arch_bss_zero
 .text.arch_data_copy
                0x00029188       0x38 zephyr/arch/common/libarch__common.a(xip.c.obj)
                0x00029188                arch_data_copy
 .text.z_arm_fatal_error
                0x000291c0       0x60 zephyr/arch/arch/arm/core/libarch__arm__core.a(fatal.c.obj)
                0x000291c0                z_arm_fatal_error
 .text.z_SysNmiOnReset
                0x00029220        0x8 zephyr/arch/arch/arm/core/libarch__arm__core.a(nmi_on_reset.S.obj)
                0x00029220                z_SysNmiOnReset
 .text.arch_tls_stack_setup
                0x00029228       0x40 zephyr/arch/arch/arm/core/libarch__arm__core.a(tls.c.obj)
                0x00029228                arch_tls_stack_setup
 .text.mem_manage_fault
                0x00029268       0xf0 zephyr/arch/arch/arm/core/cortex_m/libarch__arm__core__cortex_m.a(fault.c.obj)
 .text.usage_fault.isra.0
                0x00029358       0x98 zephyr/arch/arch/arm/core/cortex_m/libarch__arm__core__cortex_m.a(fault.c.obj)
 .text.bus_fault.isra.0
                0x000293f0       0xb8 zephyr/arch/arch/arm/core/cortex_m/libarch__arm__core__cortex_m.a(fault.c.obj)
 .text.z_arm_fault
                0x000294a8      0x1a8 zephyr/arch/arch/arm/core/cortex_m/libarch__arm__core__cortex_m.a(fault.c.obj)
                0x000294a8                z_arm_fault
 .text.z_arm_fault_init
                0x00029650       0x18 zephyr/arch/arch/arm/core/cortex_m/libarch__arm__core__cortex_m.a(fault.c.obj)
                0x00029650                z_arm_fault_init
 .text.__fault  0x00029668       0x14 zephyr/arch/arch/arm/core/cortex_m/libarch__arm__core__cortex_m.a(fault_s.S.obj)
                0x00029668                z_arm_bus_fault
                0x00029668                z_arm_usage_fault
                0x00029668                z_arm_mpu_fault
                0x00029668                z_arm_exc_spurious
                0x00029668                z_arm_debug_monitor
                0x00029668                z_arm_hard_fault
 .text._reset_section
                0x0002967c       0x38 zephyr/arch/arch/arm/core/cortex_m/libarch__arm__core__cortex_m.a(reset.S.obj)
                0x0002967c                z_arm_reset
                0x0002967c                __start
 .text.z_arm_svc
                0x000296b4       0x24 zephyr/arch/arch/arm/core/cortex_m/libarch__arm__core__cortex_m.a(svc.S.obj)
                0x000296b4                z_arm_svc
 .text.arm_irq_enable
                0x000296d8       0x1c zephyr/arch/arch/arm/core/cortex_m/libarch__arm__core__cortex_m.a(irq_manage.c.obj)
                0x000296d8                arm_irq_enable
 .text.arm_irq_disable
                0x000296f4       0x28 zephyr/arch/arch/arm/core/cortex_m/libarch__arm__core__cortex_m.a(irq_manage.c.obj)
                0x000296f4                arm_irq_disable
 .text.arm_irq_is_enabled
                0x0002971c       0x1c zephyr/arch/arch/arm/core/cortex_m/libarch__arm__core__cortex_m.a(irq_manage.c.obj)
                0x0002971c                arm_irq_is_enabled
 .text.arm_irq_priority_set
                0x00029738       0x30 zephyr/arch/arch/arm/core/cortex_m/libarch__arm__core__cortex_m.a(irq_manage.c.obj)
                0x00029738                arm_irq_priority_set
 .text.relocate_vector_table
                0x00029768       0x1c zephyr/arch/arch/arm/core/cortex_m/libarch__arm__core__cortex_m.a(prep_c.c.obj)
                0x00029768                relocate_vector_table
 .text.z_prep_c
                0x00029784       0x38 zephyr/arch/arch/arm/core/cortex_m/libarch__arm__core__cortex_m.a(prep_c.c.obj)
                0x00029784                z_prep_c
 .text.arch_new_thread
                0x000297bc       0x38 zephyr/arch/arch/arm/core/cortex_m/libarch__arm__core__cortex_m.a(thread.c.obj)
                0x000297bc                arch_new_thread
 .text.z_check_thread_stack_fail
                0x000297f4       0x2c zephyr/arch/arch/arm/core/cortex_m/libarch__arm__core__cortex_m.a(thread.c.obj)
                0x000297f4                z_check_thread_stack_fail
 .text.arch_switch_to_main_thread
                0x00029820       0x3c zephyr/arch/arch/arm/core/cortex_m/libarch__arm__core__cortex_m.a(thread.c.obj)
                0x00029820                arch_switch_to_main_thread
 .text.z_arm_cpu_idle_init
                0x0002985c        0xc zephyr/arch/arch/arm/core/cortex_m/libarch__arm__core__cortex_m.a(cpu_idle.c.obj)
                0x0002985c                z_arm_cpu_idle_init
 .text._HandlerModeExit
                0x00029868       0x20 zephyr/arch/arch/arm/core/cortex_m/libarch__arm__core__cortex_m.a(exc_exit.c.obj)
                0x00029868                z_arm_exc_exit
                0x00029868                z_arm_int_exit
 .text.z_impl_k_thread_abort
                0x00029888       0x2c zephyr/arch/arch/arm/core/cortex_m/libarch__arm__core__cortex_m.a(thread_abort.c.obj)
                0x00029888                z_impl_k_thread_abort
 .text.z_arm_pendsv
                0x000298b4       0x64 zephyr/arch/arch/arm/core/cortex_m/libarch__arm__core__cortex_m.a(swap_helper.S.obj)
                0x000298b4                z_arm_pendsv
 .text.z_arm_interrupt_init
                0x00029918       0x18 zephyr/arch/arch/arm/core/cortex_m/libarch__arm__core__cortex_m.a(irq_init.c.obj)
                0x00029918                z_arm_interrupt_init
 .text._isr_wrapper
                0x00029930       0x24 zephyr/arch/arch/arm/core/cortex_m/libarch__arm__core__cortex_m.a(isr_wrapper.c.obj)
                0x00029930                _isr_wrapper
 .text.__aeabi_read_tp
                0x00029954        0xc zephyr/arch/arch/arm/core/cortex_m/libarch__arm__core__cortex_m.a(__aeabi_read_tp.S.obj)
                0x00029954                __aeabi_read_tp
 .text.z_arm_configure_static_mpu_regions
                0x00029960       0x18 zephyr/arch/arch/arm/core/mpu/libarch__arm__core__mpu.a(arm_core_mpu.c.obj)
                0x00029960                z_arm_configure_static_mpu_regions
 .text.z_arm_configure_dynamic_mpu_regions
                0x00029978       0x20 zephyr/arch/arch/arm/core/mpu/libarch__arm__core__mpu.a(arm_core_mpu.c.obj)
                0x00029978                z_arm_configure_dynamic_mpu_regions
 .text.region_init
                0x00029998       0x28 zephyr/arch/arch/arm/core/mpu/libarch__arm__core__mpu.a(arm_mpu.c.obj)
 .text.mpu_configure_regions
                0x000299c0       0x6c zephyr/arch/arch/arm/core/mpu/libarch__arm__core__mpu.a(arm_mpu.c.obj)
 .text.arm_core_mpu_enable
                0x00029a2c       0x18 zephyr/arch/arch/arm/core/mpu/libarch__arm__core__mpu.a(arm_mpu.c.obj)
                0x00029a2c                arm_core_mpu_enable
 .text.arm_core_mpu_disable
                0x00029a44       0x14 zephyr/arch/arch/arm/core/mpu/libarch__arm__core__mpu.a(arm_mpu.c.obj)
                0x00029a44                arm_core_mpu_disable
 .text.arm_core_mpu_configure_static_mpu_regions
                0x00029a58       0x14 zephyr/arch/arch/arm/core/mpu/libarch__arm__core__mpu.a(arm_mpu.c.obj)
                0x00029a58                arm_core_mpu_configure_static_mpu_regions
 .text.arm_core_mpu_configure_dynamic_mpu_regions
                0x00029a6c       0x38 zephyr/arch/arch/arm/core/mpu/libarch__arm__core__mpu.a(arm_mpu.c.obj)
                0x00029a6c                arm_core_mpu_configure_dynamic_mpu_regions
 .text.z_arm_mpu_init
                0x00029aa4      0x184 zephyr/arch/arch/arm/core/mpu/libarch__arm__core__mpu.a(arm_mpu.c.obj)
                0x00029aa4                z_arm_mpu_init
 .text.malloc_prepare
                0x00029c28       0x24 zephyr/lib/libc/common/liblib__libc__common.a(malloc.c.obj)
 .text.net_buf_destroy
                0x00029c4c       0x38 zephyr/lib/net_buf/liblib__net_buf.a(buf.c.obj)
 .text.net_buf_pool_get
                0x00029c84       0x10 zephyr/lib/net_buf/liblib__net_buf.a(buf.c.obj)
                0x00029c84                net_buf_pool_get
 .text.net_buf_id
                0x00029c94       0x20 zephyr/lib/net_buf/liblib__net_buf.a(buf.c.obj)
                0x00029c94                net_buf_id
 .text.fixed_data_alloc
                0x00029cb4       0x24 zephyr/lib/net_buf/liblib__net_buf.a(buf.c.obj)
 .text.net_buf_alloc_len
                0x00029cd8       0xfc zephyr/lib/net_buf/liblib__net_buf.a(buf.c.obj)
                0x00029cd8                net_buf_alloc_len
 .text.net_buf_unref
                0x00029dd4       0x50 zephyr/lib/net_buf/liblib__net_buf.a(buf.c.obj)
                0x00029dd4                net_buf_unref
 .text.nordicsemi_nrf52_init
                0x00029e24       0x10 zephyr/soc/soc/nrf52840/libsoc__nordic.a(soc.c.obj)
 .text.arch_busy_wait
                0x00029e34       0x24 zephyr/soc/soc/nrf52840/libsoc__nordic.a(soc.c.obj)
                0x00029e34                arch_busy_wait
 .text.nonstd_request
                0x00029e58       0xac zephyr/subsys/usb/device_next/libsubsys__usb__device_next.a(usbd_ch9.c.obj)
 .text.usbd_handle_ctrl_xfer
                0x00029f04      0x968 zephyr/subsys/usb/device_next/libsubsys__usb__device_next.a(usbd_ch9.c.obj)
                0x00029f04                usbd_handle_ctrl_xfer
 .text.usbd_event_carrier
                0x0002a86c       0x48 zephyr/subsys/usb/device_next/libsubsys__usb__device_next.a(usbd_core.c.obj)
 .text.usbd_thread
                0x0002a8b4      0x188 zephyr/subsys/usb/device_next/libsubsys__usb__device_next.a(usbd_core.c.obj)
 .text.usbd_pre_init
                0x0002aa3c       0xa4 zephyr/subsys/usb/device_next/libsubsys__usb__device_next.a(usbd_core.c.obj)
 .text.usbd_device_init_core
                0x0002aae0       0x30 zephyr/subsys/usb/device_next/libsubsys__usb__device_next.a(usbd_core.c.obj)
                0x0002aae0                usbd_device_init_core
 .text.usbd_class_node_get.part.0
                0x0002ab10       0x2c zephyr/subsys/usb/device_next/libsubsys__usb__device_next.a(usbd_class.c.obj)
 .text.usbd_register_all_classes
                0x0002ab3c       0x5c zephyr/subsys/usb/device_next/libsubsys__usb__device_next.a(usbd_class.c.obj)
                0x0002ab3c                usbd_register_all_classes
 .text.msg_work_handler
                0x0002ab98       0x88 zephyr/subsys/usb/device_next/libsubsys__usb__device_next.a(usbd_msg.c.obj)
 .text.usbd_msg_pub
                0x0002ac20       0x6c zephyr/subsys/usb/device_next/libsubsys__usb__device_next.a(usbd_msg.c.obj)
 .text.bt_hci_ctd
                0x0002ac8c       0x54 zephyr/subsys/usb/device_next/libsubsys__usb__device_next.a(bt_hci.c.obj)
 .text.bt_hci_rx_thread
                0x0002ace0       0x28 zephyr/subsys/usb/device_next/libsubsys__usb__device_next.a(bt_hci.c.obj)
 .text.bt_hci_preinit
                0x0002ad08       0x90 zephyr/subsys/usb/device_next/libsubsys__usb__device_next.a(bt_hci.c.obj)
 .text.bt_hci_buf_alloc
                0x0002ad98       0x18 zephyr/subsys/usb/device_next/libsubsys__usb__device_next.a(bt_hci.c.obj)
                0x0002ad98                bt_hci_buf_alloc
 .text.bt_hci_request
                0x0002adb0       0xec zephyr/subsys/usb/device_next/libsubsys__usb__device_next.a(bt_hci.c.obj)
 .text.bt_hci_tx_thread
                0x0002ae9c       0x70 zephyr/subsys/usb/device_next/libsubsys__usb__device_next.a(bt_hci.c.obj)
 .text.hci_rx_buf_destroy
                0x0002af0c       0x40 zephyr/subsys/bluetooth/host/libsubsys__bluetooth__host.a(hci_raw.c.obj)
 .text.bt_recv  0x0002af4c       0x14 zephyr/subsys/bluetooth/host/libsubsys__bluetooth__host.a(hci_raw.c.obj)
 .text.bt_buf_get_rx
                0x0002af60       0x44 zephyr/subsys/bluetooth/host/libsubsys__bluetooth__host.a(hci_raw.c.obj)
                0x0002af60                bt_buf_get_rx
 .text.bt_buf_get_tx
                0x0002afa4       0x74 zephyr/subsys/bluetooth/host/libsubsys__bluetooth__host.a(hci_raw.c.obj)
                0x0002afa4                bt_buf_get_tx
 .text.bt_send  0x0002b018       0x18 zephyr/subsys/bluetooth/host/libsubsys__bluetooth__host.a(hci_raw.c.obj)
                0x0002b018                bt_send
 .text.bt_enable_raw
                0x0002b030       0x40 zephyr/subsys/bluetooth/host/libsubsys__bluetooth__host.a(hci_raw.c.obj)
                0x0002b030                bt_enable_raw
 .text.bt_hci_evt_create
                0x0002b070       0x50 zephyr/subsys/bluetooth/host/libsubsys__bluetooth__host.a(hci_common.c.obj)
                0x0002b070                bt_hci_evt_create
 .text.mem_init
                0x0002b0c0       0x48 zephyr/subsys/bluetooth/controller/libsubsys__bluetooth__controller.a(mem.c.obj)
                0x0002b0c0                mem_init
 .text.mem_acquire
                0x0002b108       0x2c zephyr/subsys/bluetooth/controller/libsubsys__bluetooth__controller.a(mem.c.obj)
                0x0002b108                mem_acquire
 .text.mem_release
                0x0002b134       0x28 zephyr/subsys/bluetooth/controller/libsubsys__bluetooth__controller.a(mem.c.obj)
                0x0002b134                mem_release
 .text.mem_get  0x0002b15c        0x8 zephyr/subsys/bluetooth/controller/libsubsys__bluetooth__controller.a(mem.c.obj)
                0x0002b15c                mem_get
 .text.mem_index_get
                0x0002b164        0xc zephyr/subsys/bluetooth/controller/libsubsys__bluetooth__controller.a(mem.c.obj)
                0x0002b164                mem_index_get
 .text.mem_rcopy
                0x0002b170       0x1c zephyr/subsys/bluetooth/controller/libsubsys__bluetooth__controller.a(mem.c.obj)
                0x0002b170                mem_rcopy
 .text.mem_nz   0x0002b18c       0x18 zephyr/subsys/bluetooth/controller/libsubsys__bluetooth__controller.a(mem.c.obj)
                0x0002b18c                mem_nz
 .text.memq_init
                0x0002b1a4        0x8 zephyr/subsys/bluetooth/controller/libsubsys__bluetooth__controller.a(memq.c.obj)
                0x0002b1a4                memq_init
 .text.memq_deinit
                0x0002b1ac       0x14 zephyr/subsys/bluetooth/controller/libsubsys__bluetooth__controller.a(memq.c.obj)
                0x0002b1ac                memq_deinit
 .text.memq_enqueue
                0x0002b1c0       0x14 zephyr/subsys/bluetooth/controller/libsubsys__bluetooth__controller.a(memq.c.obj)
                0x0002b1c0                memq_enqueue
 .text.memq_peek
                0x0002b1d4       0x10 zephyr/subsys/bluetooth/controller/libsubsys__bluetooth__controller.a(memq.c.obj)
                0x0002b1d4                memq_peek
 .text.memq_dequeue
                0x0002b1e4       0x20 zephyr/subsys/bluetooth/controller/libsubsys__bluetooth__controller.a(memq.c.obj)
                0x0002b1e4                memq_dequeue
 .text.mayfly_init
                0x0002b204       0x48 zephyr/subsys/bluetooth/controller/libsubsys__bluetooth__controller.a(mayfly.c.obj)
                0x0002b204                mayfly_init
 .text.mayfly_enable
                0x0002b24c       0x68 zephyr/subsys/bluetooth/controller/libsubsys__bluetooth__controller.a(mayfly.c.obj)
                0x0002b24c                mayfly_enable
 .text.mayfly_enqueue
                0x0002b2b4       0xc4 zephyr/subsys/bluetooth/controller/libsubsys__bluetooth__controller.a(mayfly.c.obj)
                0x0002b2b4                mayfly_enqueue
 .text.mayfly_run
                0x0002b378      0x170 zephyr/subsys/bluetooth/controller/libsubsys__bluetooth__controller.a(mayfly.c.obj)
                0x0002b378                mayfly_run
 .text.util_ones_count_get
                0x0002b4e8       0x28 zephyr/subsys/bluetooth/controller/libsubsys__bluetooth__controller.a(util.c.obj)
                0x0002b4e8                util_ones_count_get
 .text.util_aa_le32
                0x0002b510      0x524 zephyr/subsys/bluetooth/controller/libsubsys__bluetooth__controller.a(util.c.obj)
                0x0002b510                util_aa_le32
 .text.ticker_dequeue
                0x0002ba34       0x64 zephyr/subsys/bluetooth/controller/libsubsys__bluetooth__controller.a(ticker.c.obj)
 .text.ticks_to_expire_prep
                0x0002ba98       0x48 zephyr/subsys/bluetooth/controller/libsubsys__bluetooth__controller.a(ticker.c.obj)
 .text.start_us.isra.0
                0x0002bae0       0x9c zephyr/subsys/bluetooth/controller/libsubsys__bluetooth__controller.a(ticker.c.obj)
 .text.ticker_job_list_insert
                0x0002bb7c      0x1fc zephyr/subsys/bluetooth/controller/libsubsys__bluetooth__controller.a(ticker.c.obj)
 .text.ticker_worker
                0x0002bd78      0x3d4 zephyr/subsys/bluetooth/controller/libsubsys__bluetooth__controller.a(ticker.c.obj)
                0x0002bd78                ticker_worker
 .text.ticker_job
                0x0002c14c      0xaf8 zephyr/subsys/bluetooth/controller/libsubsys__bluetooth__controller.a(ticker.c.obj)
                0x0002c14c                ticker_job
 .text.ticker_init
                0x0002cc44       0x64 zephyr/subsys/bluetooth/controller/libsubsys__bluetooth__controller.a(ticker.c.obj)
                0x0002cc44                ticker_init
 .text.ticker_deinit
                0x0002cca8       0x20 zephyr/subsys/bluetooth/controller/libsubsys__bluetooth__controller.a(ticker.c.obj)
                0x0002cca8                ticker_deinit
 .text.ticker_trigger
                0x0002ccc8       0x24 zephyr/subsys/bluetooth/controller/libsubsys__bluetooth__controller.a(ticker.c.obj)
                0x0002ccc8                ticker_trigger
 .text.ticker_start
                0x0002ccec       0x38 zephyr/subsys/bluetooth/controller/libsubsys__bluetooth__controller.a(ticker.c.obj)
                0x0002ccec                ticker_start
 .text.ticker_start_us
                0x0002cd24       0x30 zephyr/subsys/bluetooth/controller/libsubsys__bluetooth__controller.a(ticker.c.obj)
                0x0002cd24                ticker_start_us
 .text.ticker_start_ext
                0x0002cd54       0x10 zephyr/subsys/bluetooth/controller/libsubsys__bluetooth__controller.a(ticker.c.obj)
                0x0002cd54                ticker_start_ext
 .text.ticker_update_ext
                0x0002cd64       0x9c zephyr/subsys/bluetooth/controller/libsubsys__bluetooth__controller.a(ticker.c.obj)
                0x0002cd64                ticker_update_ext
 .text.ticker_update
                0x0002ce00       0x30 zephyr/subsys/bluetooth/controller/libsubsys__bluetooth__controller.a(ticker.c.obj)
                0x0002ce00                ticker_update
 .text.ticker_stop
                0x0002ce30       0x6c zephyr/subsys/bluetooth/controller/libsubsys__bluetooth__controller.a(ticker.c.obj)
                0x0002ce30                ticker_stop
 .text.ticker_stop_abs
                0x0002ce9c       0x70 zephyr/subsys/bluetooth/controller/libsubsys__bluetooth__controller.a(ticker.c.obj)
                0x0002ce9c                ticker_stop_abs
 .text.ticker_next_slot_get_ext
                0x0002cf0c       0x80 zephyr/subsys/bluetooth/controller/libsubsys__bluetooth__controller.a(ticker.c.obj)
                0x0002cf0c                ticker_next_slot_get_ext
 .text.ticker_job_sched
                0x0002cf8c       0x24 zephyr/subsys/bluetooth/controller/libsubsys__bluetooth__controller.a(ticker.c.obj)
                0x0002cf8c                ticker_job_sched
 .text.ticker_ticks_now_get
                0x0002cfb0        0x4 zephyr/subsys/bluetooth/controller/libsubsys__bluetooth__controller.a(ticker.c.obj)
                0x0002cfb0                ticker_ticks_now_get
 .text.ticker_ticks_diff_get
                0x0002cfb4        0x8 zephyr/subsys/bluetooth/controller/libsubsys__bluetooth__controller.a(ticker.c.obj)
                0x0002cfb4                ticker_ticks_diff_get
 .text.ll_feat_get
                0x0002cfbc        0xc zephyr/subsys/bluetooth/controller/libsubsys__bluetooth__controller.a(ll_feat.c.obj)
                0x0002cfbc                ll_feat_get
 .text.ll_tx_pwr_lvl_get
                0x0002cfc8       0x20 zephyr/subsys/bluetooth/controller/libsubsys__bluetooth__controller.a(ll_tx_pwr.c.obj)
                0x0002cfc8                ll_tx_pwr_lvl_get
 .text.ll_tx_pwr_get
                0x0002cfe8        0x8 zephyr/subsys/bluetooth/controller/libsubsys__bluetooth__controller.a(ll_tx_pwr.c.obj)
                0x0002cfe8                ll_tx_pwr_get
 .text.ll_addr_set
                0x0002cff0       0x44 zephyr/subsys/bluetooth/controller/libsubsys__bluetooth__controller.a(ll_addr.c.obj)
                0x0002cff0                ll_addr_set
 .text.ll_addr_get
                0x0002d034       0x1c zephyr/subsys/bluetooth/controller/libsubsys__bluetooth__controller.a(ll_addr.c.obj)
                0x0002d034                ll_addr_get
 .text.ll_addr_read
                0x0002d050       0x28 zephyr/subsys/bluetooth/controller/libsubsys__bluetooth__controller.a(ll_addr.c.obj)
                0x0002d050                ll_addr_read
 .text.perform_lll_reset
                0x0002d078       0x50 zephyr/subsys/bluetooth/controller/libsubsys__bluetooth__controller.a(ull.c.obj)
 .text.ull_ticker_status_give
                0x0002d0c8        0xc zephyr/subsys/bluetooth/controller/libsubsys__bluetooth__controller.a(ull.c.obj)
                0x0002d0c8                ull_ticker_status_give
 .text.disabled_cb
                0x0002d0d4        0x4 zephyr/subsys/bluetooth/controller/libsubsys__bluetooth__controller.a(ull.c.obj)
 .text.tx_cmplt_get
                0x0002d0d8       0xc0 zephyr/subsys/bluetooth/controller/libsubsys__bluetooth__controller.a(ull.c.obj)
 .text.rx_replenish
                0x0002d198       0xe4 zephyr/subsys/bluetooth/controller/libsubsys__bluetooth__controller.a(ull.c.obj)
 .text.init_reset.isra.0
                0x0002d27c       0xec zephyr/subsys/bluetooth/controller/libsubsys__bluetooth__controller.a(ull.c.obj)
 .text.rx_demux
                0x0002d368      0x210 zephyr/subsys/bluetooth/controller/libsubsys__bluetooth__controller.a(ull.c.obj)
 .text.ll_init  0x0002d578       0xd8 zephyr/subsys/bluetooth/controller/libsubsys__bluetooth__controller.a(ull.c.obj)
                0x0002d578                ll_init
 .text.ll_reset
                0x0002d650       0xb0 zephyr/subsys/bluetooth/controller/libsubsys__bluetooth__controller.a(ull.c.obj)
                0x0002d650                ll_reset
 .text.ll_deinit
                0x0002d700       0x18 zephyr/subsys/bluetooth/controller/libsubsys__bluetooth__controller.a(ull.c.obj)
                0x0002d700                ll_deinit
 .text.ll_rx_get
                0x0002d718       0xc8 zephyr/subsys/bluetooth/controller/libsubsys__bluetooth__controller.a(ull.c.obj)
                0x0002d718                ll_rx_get
 .text.ll_rx_dequeue
                0x0002d7e0       0xe0 zephyr/subsys/bluetooth/controller/libsubsys__bluetooth__controller.a(ull.c.obj)
                0x0002d7e0                ll_rx_dequeue
 .text.ll_rx_mem_release
                0x0002d8c0      0x104 zephyr/subsys/bluetooth/controller/libsubsys__bluetooth__controller.a(ull.c.obj)
                0x0002d8c0                ll_rx_mem_release
 .text.ll_rx_link_alloc
                0x0002d9c4        0xc zephyr/subsys/bluetooth/controller/libsubsys__bluetooth__controller.a(ull.c.obj)
                0x0002d9c4                ll_rx_link_alloc
 .text.ll_rx_link_release
                0x0002d9d0        0xc zephyr/subsys/bluetooth/controller/libsubsys__bluetooth__controller.a(ull.c.obj)
                0x0002d9d0                ll_rx_link_release
 .text.ll_rx_alloc
                0x0002d9dc        0xc zephyr/subsys/bluetooth/controller/libsubsys__bluetooth__controller.a(ull.c.obj)
                0x0002d9dc                ll_rx_alloc
 .text.ll_rx_release
                0x0002d9e8        0xc zephyr/subsys/bluetooth/controller/libsubsys__bluetooth__controller.a(ull.c.obj)
                0x0002d9e8                ll_rx_release
 .text.ll_rx_put
                0x0002d9f4       0x18 zephyr/subsys/bluetooth/controller/libsubsys__bluetooth__controller.a(ull.c.obj)
                0x0002d9f4                ll_rx_put
 .text.ll_rx_put_sched
                0x0002da0c       0x28 zephyr/subsys/bluetooth/controller/libsubsys__bluetooth__controller.a(ull.c.obj)
                0x0002da0c                ll_rx_put_sched
 .text.ll_pdu_rx_alloc_peek
                0x0002da34       0x34 zephyr/subsys/bluetooth/controller/libsubsys__bluetooth__controller.a(ull.c.obj)
                0x0002da34                ll_pdu_rx_alloc_peek
 .text.ll_pdu_rx_alloc
                0x0002da68       0x24 zephyr/subsys/bluetooth/controller/libsubsys__bluetooth__controller.a(ull.c.obj)
                0x0002da68                ll_pdu_rx_alloc
 .text.ll_tx_ack_put
                0x0002da8c       0x3c zephyr/subsys/bluetooth/controller/libsubsys__bluetooth__controller.a(ull.c.obj)
                0x0002da8c                ll_tx_ack_put
 .text.ull_ticker_status_take
                0x0002dac8       0x24 zephyr/subsys/bluetooth/controller/libsubsys__bluetooth__controller.a(ull.c.obj)
                0x0002dac8                ull_ticker_status_take
 .text.ull_disable_mark
                0x0002daec       0x18 zephyr/subsys/bluetooth/controller/libsubsys__bluetooth__controller.a(ull.c.obj)
                0x0002daec                ull_disable_mark
 .text.ull_disable_unmark
                0x0002db04       0x18 zephyr/subsys/bluetooth/controller/libsubsys__bluetooth__controller.a(ull.c.obj)
                0x0002db04                ull_disable_unmark
 .text.ull_disable_mark_get
                0x0002db1c        0xc zephyr/subsys/bluetooth/controller/libsubsys__bluetooth__controller.a(ull.c.obj)
                0x0002db1c                ull_disable_mark_get
 .text.ull_update_mark
                0x0002db28       0x18 zephyr/subsys/bluetooth/controller/libsubsys__bluetooth__controller.a(ull.c.obj)
                0x0002db28                ull_update_mark
 .text.ull_update_unmark
                0x0002db40       0x18 zephyr/subsys/bluetooth/controller/libsubsys__bluetooth__controller.a(ull.c.obj)
                0x0002db40                ull_update_unmark
 .text.ull_update_mark_get
                0x0002db58        0xc zephyr/subsys/bluetooth/controller/libsubsys__bluetooth__controller.a(ull.c.obj)
                0x0002db58                ull_update_mark_get
 .text.ull_disable
                0x0002db64       0x54 zephyr/subsys/bluetooth/controller/libsubsys__bluetooth__controller.a(ull.c.obj)
                0x0002db64                ull_disable
 .text.ull_ticker_stop_with_mark
                0x0002dbb8       0xa0 zephyr/subsys/bluetooth/controller/libsubsys__bluetooth__controller.a(ull.c.obj)
                0x0002dbb8                ull_ticker_stop_with_mark
 .text.ull_pdu_rx_alloc_peek
                0x0002dc58       0x38 zephyr/subsys/bluetooth/controller/libsubsys__bluetooth__controller.a(ull.c.obj)
                0x0002dc58                ull_pdu_rx_alloc_peek
 .text.ull_pdu_rx_alloc
                0x0002dc90       0x2c zephyr/subsys/bluetooth/controller/libsubsys__bluetooth__controller.a(ull.c.obj)
                0x0002dc90                ull_pdu_rx_alloc
 .text.ull_rx_put
                0x0002dcbc       0x20 zephyr/subsys/bluetooth/controller/libsubsys__bluetooth__controller.a(ull.c.obj)
                0x0002dcbc                ull_rx_put
 .text.ull_rx_sched
                0x0002dcdc       0x10 zephyr/subsys/bluetooth/controller/libsubsys__bluetooth__controller.a(ull.c.obj)
                0x0002dcdc                ull_rx_sched
 .text.ull_rx_put_sched
                0x0002dcec       0x30 zephyr/subsys/bluetooth/controller/libsubsys__bluetooth__controller.a(ull.c.obj)
                0x0002dcec                ull_rx_put_sched
 .text.ull_prepare_enqueue
                0x0002dd1c       0x74 zephyr/subsys/bluetooth/controller/libsubsys__bluetooth__controller.a(ull.c.obj)
                0x0002dd1c                ull_prepare_enqueue
 .text.ull_prepare_dequeue_get
                0x0002dd90       0x1c zephyr/subsys/bluetooth/controller/libsubsys__bluetooth__controller.a(ull.c.obj)
                0x0002dd90                ull_prepare_dequeue_get
 .text.ull_prepare_dequeue_iter
                0x0002ddac       0x34 zephyr/subsys/bluetooth/controller/libsubsys__bluetooth__controller.a(ull.c.obj)
                0x0002ddac                ull_prepare_dequeue_iter
 .text.ull_prepare_dequeue
                0x0002dde0      0x104 zephyr/subsys/bluetooth/controller/libsubsys__bluetooth__controller.a(ull.c.obj)
                0x0002dde0                ull_prepare_dequeue
 .text.ull_event_done_extra_get
                0x0002dee4       0x20 zephyr/subsys/bluetooth/controller/libsubsys__bluetooth__controller.a(ull.c.obj)
                0x0002dee4                ull_event_done_extra_get
 .text.ull_event_done
                0x0002df04       0x60 zephyr/subsys/bluetooth/controller/libsubsys__bluetooth__controller.a(ull.c.obj)
                0x0002df04                ull_event_done
 .text.lll_prepare
                0x0002df64       0x20 zephyr/subsys/bluetooth/controller/libsubsys__bluetooth__controller.a(lll_common.c.obj)
                0x0002df64                lll_prepare
 .text.lll_resume
                0x0002df84       0x28 zephyr/subsys/bluetooth/controller/libsubsys__bluetooth__controller.a(lll_common.c.obj)
                0x0002df84                lll_resume
 .text.hci_driver_close
                0x0002dfac       0x24 zephyr/subsys/bluetooth/controller/libsubsys__bluetooth__controller.a(hci_driver.c.obj)
 .text.hci_driver_open
                0x0002dfd0       0x7c zephyr/subsys/bluetooth/controller/libsubsys__bluetooth__controller.a(hci_driver.c.obj)
 .text.hci_driver_send
                0x0002e04c       0xb8 zephyr/subsys/bluetooth/controller/libsubsys__bluetooth__controller.a(hci_driver.c.obj)
 .text.recv_thread
                0x0002e104      0x418 zephyr/subsys/bluetooth/controller/libsubsys__bluetooth__controller.a(hci_driver.c.obj)
 .text.hci_recv_fifo_reset
                0x0002e51c       0x20 zephyr/subsys/bluetooth/controller/libsubsys__bluetooth__controller.a(hci_driver.c.obj)
                0x0002e51c                hci_recv_fifo_reset
 .text.dup_found.constprop.0
                0x0002e53c       0xdc zephyr/subsys/bluetooth/controller/libsubsys__bluetooth__controller.a(hci.c.obj)
 .text.le_remote_feat_complete
                0x0002e618       0x78 zephyr/subsys/bluetooth/controller/libsubsys__bluetooth__controller.a(hci.c.obj)
 .text.hci_vendor_cmd_handle_common
                0x0002e690      0x194 zephyr/subsys/bluetooth/controller/libsubsys__bluetooth__controller.a(hci.c.obj)
                0x0002e690                hci_vendor_cmd_handle_common
 .text.hci_cmd_handle
                0x0002e824      0xbd8 zephyr/subsys/bluetooth/controller/libsubsys__bluetooth__controller.a(hci.c.obj)
                0x0002e824                hci_cmd_handle
 .text.hci_acl_handle
                0x0002f3fc       0xc0 zephyr/subsys/bluetooth/controller/libsubsys__bluetooth__controller.a(hci.c.obj)
                0x0002f3fc                hci_acl_handle
 .text.hci_disconn_complete_encode
                0x0002f4bc       0x40 zephyr/subsys/bluetooth/controller/libsubsys__bluetooth__controller.a(hci.c.obj)
                0x0002f4bc                hci_disconn_complete_encode
 .text.hci_acl_encode
                0x0002f4fc       0x90 zephyr/subsys/bluetooth/controller/libsubsys__bluetooth__controller.a(hci.c.obj)
                0x0002f4fc                hci_acl_encode
 .text.hci_evt_encode
                0x0002f58c      0x750 zephyr/subsys/bluetooth/controller/libsubsys__bluetooth__controller.a(hci.c.obj)
                0x0002f58c                hci_evt_encode
 .text.hci_num_cmplt_encode
                0x0002fcdc       0x30 zephyr/subsys/bluetooth/controller/libsubsys__bluetooth__controller.a(hci.c.obj)
                0x0002fcdc                hci_num_cmplt_encode
 .text.hci_get_class
                0x0002fd0c       0x2c zephyr/subsys/bluetooth/controller/libsubsys__bluetooth__controller.a(hci.c.obj)
                0x0002fd0c                hci_get_class
 .text.hci_init
                0x0002fd38       0x74 zephyr/subsys/bluetooth/controller/libsubsys__bluetooth__controller.a(hci.c.obj)
                0x0002fd38                hci_init
 .text.ticker_stop_cb
                0x0002fdac       0x48 zephyr/subsys/bluetooth/controller/libsubsys__bluetooth__controller.a(ull_adv.c.obj)
 .text.disabled_cb
                0x0002fdf4       0x50 zephyr/subsys/bluetooth/controller/libsubsys__bluetooth__controller.a(ull_adv.c.obj)
 .text.ticker_update_op_cb
                0x0002fe44       0x44 zephyr/subsys/bluetooth/controller/libsubsys__bluetooth__controller.a(ull_adv.c.obj)
 .text.ticker_stop_op_cb
                0x0002fe88       0x24 zephyr/subsys/bluetooth/controller/libsubsys__bluetooth__controller.a(ull_adv.c.obj)
 .text.adv_disable
                0x0002feac       0x40 zephyr/subsys/bluetooth/controller/libsubsys__bluetooth__controller.a(ull_adv.c.obj)
 .text.conn_release.constprop.0
                0x0002feec       0x54 zephyr/subsys/bluetooth/controller/libsubsys__bluetooth__controller.a(ull_adv.c.obj)
 .text.disable.constprop.0
                0x0002ff40       0xd8 zephyr/subsys/bluetooth/controller/libsubsys__bluetooth__controller.a(ull_adv.c.obj)
 .text.adv_time_get.constprop.0
                0x00030018       0x78 zephyr/subsys/bluetooth/controller/libsubsys__bluetooth__controller.a(ull_adv.c.obj)
 .text.ticker_cb
                0x00030090       0xe0 zephyr/subsys/bluetooth/controller/libsubsys__bluetooth__controller.a(ull_adv.c.obj)
 .text.init_reset.isra.0
                0x00030170       0x64 zephyr/subsys/bluetooth/controller/libsubsys__bluetooth__controller.a(ull_adv.c.obj)
 .text.ll_adv_params_set
                0x000301d4      0x198 zephyr/subsys/bluetooth/controller/libsubsys__bluetooth__controller.a(ull_adv.c.obj)
                0x000301d4                ll_adv_params_set
 .text.ull_adv_init
                0x0003036c        0xc zephyr/subsys/bluetooth/controller/libsubsys__bluetooth__controller.a(ull_adv.c.obj)
                0x0003036c                ull_adv_init
 .text.ull_adv_reset
                0x00030378        0xc zephyr/subsys/bluetooth/controller/libsubsys__bluetooth__controller.a(ull_adv.c.obj)
                0x00030378                ull_adv_reset
 .text.ull_adv_reset_finalize
                0x00030384       0x20 zephyr/subsys/bluetooth/controller/libsubsys__bluetooth__controller.a(ull_adv.c.obj)
                0x00030384                ull_adv_reset_finalize
 .text.ull_adv_handle_get
                0x000303a4       0x18 zephyr/subsys/bluetooth/controller/libsubsys__bluetooth__controller.a(ull_adv.c.obj)
                0x000303a4                ull_adv_handle_get
 .text.ull_adv_lll_handle_get
                0x000303bc       0x1c zephyr/subsys/bluetooth/controller/libsubsys__bluetooth__controller.a(ull_adv.c.obj)
                0x000303bc                ull_adv_lll_handle_get
 .text.ull_adv_is_enabled_get
                0x000303d8       0x18 zephyr/subsys/bluetooth/controller/libsubsys__bluetooth__controller.a(ull_adv.c.obj)
                0x000303d8                ull_adv_is_enabled_get
 .text.ull_adv_is_enabled
                0x000303f0       0x18 zephyr/subsys/bluetooth/controller/libsubsys__bluetooth__controller.a(ull_adv.c.obj)
                0x000303f0                ull_adv_is_enabled
 .text.ull_adv_filter_pol_get
                0x00030408       0x20 zephyr/subsys/bluetooth/controller/libsubsys__bluetooth__controller.a(ull_adv.c.obj)
                0x00030408                ull_adv_filter_pol_get
 .text.ull_adv_pdu_update_addrs
                0x00030428       0x60 zephyr/subsys/bluetooth/controller/libsubsys__bluetooth__controller.a(ull_adv.c.obj)
                0x00030428                ull_adv_pdu_update_addrs
 .text.ull_adv_data_set
                0x00030488       0xc8 zephyr/subsys/bluetooth/controller/libsubsys__bluetooth__controller.a(ull_adv.c.obj)
                0x00030488                ull_adv_data_set
 .text.ll_adv_data_set
                0x00030550       0x10 zephyr/subsys/bluetooth/controller/libsubsys__bluetooth__controller.a(ull_adv.c.obj)
                0x00030550                ll_adv_data_set
 .text.ull_scan_rsp_set
                0x00030560       0xcc zephyr/subsys/bluetooth/controller/libsubsys__bluetooth__controller.a(ull_adv.c.obj)
                0x00030560                ull_scan_rsp_set
 .text.ll_adv_scan_rsp_set
                0x0003062c       0x10 zephyr/subsys/bluetooth/controller/libsubsys__bluetooth__controller.a(ull_adv.c.obj)
                0x0003062c                ll_adv_scan_rsp_set
 .text.ticker_cb
                0x0003063c       0x4c zephyr/subsys/bluetooth/controller/libsubsys__bluetooth__controller.a(ull_scan.c.obj)
 .text.ull_scan_init
                0x00030688        0x4 zephyr/subsys/bluetooth/controller/libsubsys__bluetooth__controller.a(ull_scan.c.obj)
                0x00030688                ull_scan_init
 .text.ull_scan_disable
                0x0003068c       0x5c zephyr/subsys/bluetooth/controller/libsubsys__bluetooth__controller.a(ull_scan.c.obj)
                0x0003068c                ull_scan_disable
 .text.ll_scan_enable
                0x000306e8       0xb4 zephyr/subsys/bluetooth/controller/libsubsys__bluetooth__controller.a(ull_scan.c.obj)
                0x000306e8                ll_scan_enable
 .text.ull_scan_reset
                0x0003079c       0x44 zephyr/subsys/bluetooth/controller/libsubsys__bluetooth__controller.a(ull_scan.c.obj)
                0x0003079c                ull_scan_reset
 .text.ull_scan_handle_get
                0x000307e0       0x18 zephyr/subsys/bluetooth/controller/libsubsys__bluetooth__controller.a(ull_scan.c.obj)
                0x000307e0                ull_scan_handle_get
 .text.ull_scan_lll_handle_get
                0x000307f8       0x1c zephyr/subsys/bluetooth/controller/libsubsys__bluetooth__controller.a(ull_scan.c.obj)
                0x000307f8                ull_scan_lll_handle_get
 .text.ull_scan_is_enabled_get
                0x00030814       0x18 zephyr/subsys/bluetooth/controller/libsubsys__bluetooth__controller.a(ull_scan.c.obj)
                0x00030814                ull_scan_is_enabled_get
 .text.ull_scan_is_disabled_get
                0x0003082c       0x18 zephyr/subsys/bluetooth/controller/libsubsys__bluetooth__controller.a(ull_scan.c.obj)
                0x0003082c                ull_scan_is_disabled_get
 .text.ull_scan_is_enabled
                0x00030844       0x34 zephyr/subsys/bluetooth/controller/libsubsys__bluetooth__controller.a(ull_scan.c.obj)
                0x00030844                ull_scan_is_enabled
 .text.ull_scan_filter_pol_get
                0x00030878       0x20 zephyr/subsys/bluetooth/controller/libsubsys__bluetooth__controller.a(ull_scan.c.obj)
                0x00030878                ull_scan_filter_pol_get
 .text.disabled_cb
                0x00030898       0x1c zephyr/subsys/bluetooth/controller/libsubsys__bluetooth__controller.a(ull_conn.c.obj)
 .text.conn_setup_adv_scan_disabled_cb
                0x000308b4       0x18 zephyr/subsys/bluetooth/controller/libsubsys__bluetooth__controller.a(ull_conn.c.obj)
 .text.tx_lll_flush
                0x000308cc       0xa4 zephyr/subsys/bluetooth/controller/libsubsys__bluetooth__controller.a(ull_conn.c.obj)
 .text.ticker_start_conn_op_cb
                0x00030970       0x18 zephyr/subsys/bluetooth/controller/libsubsys__bluetooth__controller.a(ull_conn.c.obj)
 .text.ticker_stop_conn_op_cb
                0x00030988       0x18 zephyr/subsys/bluetooth/controller/libsubsys__bluetooth__controller.a(ull_conn.c.obj)
 .text.ticker_stop_op_cb
                0x000309a0       0x28 zephyr/subsys/bluetooth/controller/libsubsys__bluetooth__controller.a(ull_conn.c.obj)
 .text.ticker_update_conn_op_cb
                0x000309c8       0x28 zephyr/subsys/bluetooth/controller/libsubsys__bluetooth__controller.a(ull_conn.c.obj)
 .text.init_reset.isra.0
                0x000309f0       0x6c zephyr/subsys/bluetooth/controller/libsubsys__bluetooth__controller.a(ull_conn.c.obj)
 .text.conn_disable
                0x00030a5c       0x54 zephyr/subsys/bluetooth/controller/libsubsys__bluetooth__controller.a(ull_conn.c.obj)
 .text.ll_conn_acquire
                0x00030ab0        0xc zephyr/subsys/bluetooth/controller/libsubsys__bluetooth__controller.a(ull_conn.c.obj)
                0x00030ab0                ll_conn_acquire
 .text.ll_conn_release
                0x00030abc        0xc zephyr/subsys/bluetooth/controller/libsubsys__bluetooth__controller.a(ull_conn.c.obj)
                0x00030abc                ll_conn_release
 .text.ll_conn_handle_get
                0x00030ac8       0x10 zephyr/subsys/bluetooth/controller/libsubsys__bluetooth__controller.a(ull_conn.c.obj)
                0x00030ac8                ll_conn_handle_get
 .text.ll_conn_get
                0x00030ad8       0x18 zephyr/subsys/bluetooth/controller/libsubsys__bluetooth__controller.a(ull_conn.c.obj)
                0x00030ad8                ll_conn_get
 .text.ll_connected_get
                0x00030af0       0x24 zephyr/subsys/bluetooth/controller/libsubsys__bluetooth__controller.a(ull_conn.c.obj)
                0x00030af0                ll_connected_get
 .text.ll_tx_mem_acquire
                0x00030b14        0xc zephyr/subsys/bluetooth/controller/libsubsys__bluetooth__controller.a(ull_conn.c.obj)
                0x00030b14                ll_tx_mem_acquire
 .text.ll_tx_mem_release
                0x00030b20        0xc zephyr/subsys/bluetooth/controller/libsubsys__bluetooth__controller.a(ull_conn.c.obj)
                0x00030b20                ll_tx_mem_release
 .text.ll_tx_mem_enqueue
                0x00030b2c      0x1c8 zephyr/subsys/bluetooth/controller/libsubsys__bluetooth__controller.a(ull_conn.c.obj)
                0x00030b2c                ll_tx_mem_enqueue
 .text.ll_conn_update
                0x00030cf4       0x88 zephyr/subsys/bluetooth/controller/libsubsys__bluetooth__controller.a(ull_conn.c.obj)
                0x00030cf4                ll_conn_update
 .text.ll_chm_get
                0x00030d7c       0x48 zephyr/subsys/bluetooth/controller/libsubsys__bluetooth__controller.a(ull_conn.c.obj)
                0x00030d7c                ll_chm_get
 .text.ll_terminate_ind_send
                0x00030dc4       0x6c zephyr/subsys/bluetooth/controller/libsubsys__bluetooth__controller.a(ull_conn.c.obj)
                0x00030dc4                ll_terminate_ind_send
 .text.ll_feature_req_send
                0x00030e30       0x44 zephyr/subsys/bluetooth/controller/libsubsys__bluetooth__controller.a(ull_conn.c.obj)
                0x00030e30                ll_feature_req_send
 .text.ll_version_ind_send
                0x00030e74       0x44 zephyr/subsys/bluetooth/controller/libsubsys__bluetooth__controller.a(ull_conn.c.obj)
                0x00030e74                ll_version_ind_send
 .text.ll_phy_get
                0x00030eb8       0x40 zephyr/subsys/bluetooth/controller/libsubsys__bluetooth__controller.a(ull_conn.c.obj)
                0x00030eb8                ll_phy_get
 .text.ll_phy_default_set
                0x00030ef8       0x14 zephyr/subsys/bluetooth/controller/libsubsys__bluetooth__controller.a(ull_conn.c.obj)
                0x00030ef8                ll_phy_default_set
 .text.ll_phy_req_send
                0x00030f0c       0x6c zephyr/subsys/bluetooth/controller/libsubsys__bluetooth__controller.a(ull_conn.c.obj)
                0x00030f0c                ll_phy_req_send
 .text.ll_rssi_get
                0x00030f78       0x30 zephyr/subsys/bluetooth/controller/libsubsys__bluetooth__controller.a(ull_conn.c.obj)
                0x00030f78                ll_rssi_get
 .text.ll_apto_get
                0x00030fa8       0x64 zephyr/subsys/bluetooth/controller/libsubsys__bluetooth__controller.a(ull_conn.c.obj)
                0x00030fa8                ll_apto_get
 .text.ll_apto_set
                0x0003100c       0x60 zephyr/subsys/bluetooth/controller/libsubsys__bluetooth__controller.a(ull_conn.c.obj)
                0x0003100c                ll_apto_set
 .text.ull_conn_init
                0x0003106c        0xc zephyr/subsys/bluetooth/controller/libsubsys__bluetooth__controller.a(ull_conn.c.obj)
                0x0003106c                ull_conn_init
 .text.ull_conn_reset
                0x00031078       0x90 zephyr/subsys/bluetooth/controller/libsubsys__bluetooth__controller.a(ull_conn.c.obj)
                0x00031078                ull_conn_reset
 .text.ull_conn_default_phy_tx_get
                0x00031108        0xc zephyr/subsys/bluetooth/controller/libsubsys__bluetooth__controller.a(ull_conn.c.obj)
                0x00031108                ull_conn_default_phy_tx_get
 .text.ull_conn_default_phy_rx_get
                0x00031114        0xc zephyr/subsys/bluetooth/controller/libsubsys__bluetooth__controller.a(ull_conn.c.obj)
                0x00031114                ull_conn_default_phy_rx_get
 .text.ull_conn_setup
                0x00031120       0x24 zephyr/subsys/bluetooth/controller/libsubsys__bluetooth__controller.a(ull_conn.c.obj)
                0x00031120                ull_conn_setup
 .text.ull_conn_rx
                0x00031144       0x78 zephyr/subsys/bluetooth/controller/libsubsys__bluetooth__controller.a(ull_conn.c.obj)
                0x00031144                ull_conn_rx
 .text.ull_conn_llcp
                0x000311bc       0x3c zephyr/subsys/bluetooth/controller/libsubsys__bluetooth__controller.a(ull_conn.c.obj)
                0x000311bc                ull_conn_llcp
 .text.ull_conn_tx_demux
                0x000311f8       0xc4 zephyr/subsys/bluetooth/controller/libsubsys__bluetooth__controller.a(ull_conn.c.obj)
                0x000311f8                ull_conn_tx_demux
 .text.conn_cleanup
                0x000312bc       0xd4 zephyr/subsys/bluetooth/controller/libsubsys__bluetooth__controller.a(ull_conn.c.obj)
 .text.tx_demux
                0x00031390       0x48 zephyr/subsys/bluetooth/controller/libsubsys__bluetooth__controller.a(ull_conn.c.obj)
 .text.ull_conn_tx_lll_enqueue
                0x000313d8       0x54 zephyr/subsys/bluetooth/controller/libsubsys__bluetooth__controller.a(ull_conn.c.obj)
                0x000313d8                ull_conn_tx_lll_enqueue
 .text.ull_conn_link_tx_release
                0x0003142c        0xc zephyr/subsys/bluetooth/controller/libsubsys__bluetooth__controller.a(ull_conn.c.obj)
                0x0003142c                ull_conn_link_tx_release
 .text.ull_conn_ack_last_idx_get
                0x00031438        0xc zephyr/subsys/bluetooth/controller/libsubsys__bluetooth__controller.a(ull_conn.c.obj)
                0x00031438                ull_conn_ack_last_idx_get
 .text.ull_conn_ack_peek
                0x00031444       0x30 zephyr/subsys/bluetooth/controller/libsubsys__bluetooth__controller.a(ull_conn.c.obj)
                0x00031444                ull_conn_ack_peek
 .text.ull_conn_ack_by_last_peek
                0x00031474       0x24 zephyr/subsys/bluetooth/controller/libsubsys__bluetooth__controller.a(ull_conn.c.obj)
                0x00031474                ull_conn_ack_by_last_peek
 .text.ull_conn_ack_dequeue
                0x00031498       0x2c zephyr/subsys/bluetooth/controller/libsubsys__bluetooth__controller.a(ull_conn.c.obj)
                0x00031498                ull_conn_ack_dequeue
 .text.ull_conn_lll_ack_enqueue
                0x000314c4       0x3c zephyr/subsys/bluetooth/controller/libsubsys__bluetooth__controller.a(ull_conn.c.obj)
                0x000314c4                ull_conn_lll_ack_enqueue
 .text.ull_conn_tx_ack
                0x00031500       0x9c zephyr/subsys/bluetooth/controller/libsubsys__bluetooth__controller.a(ull_conn.c.obj)
                0x00031500                ull_conn_tx_ack
 .text.ull_conn_lll_max_tx_octets_get
                0x0003159c        0x4 zephyr/subsys/bluetooth/controller/libsubsys__bluetooth__controller.a(ull_conn.c.obj)
                0x0003159c                ull_conn_lll_max_tx_octets_get
 .text.ull_pdu_data_init
                0x000315a0        0x4 zephyr/subsys/bluetooth/controller/libsubsys__bluetooth__controller.a(ull_conn.c.obj)
                0x000315a0                ull_pdu_data_init
 .text.ull_conn_pause_rx_data
                0x000315a4       0x10 zephyr/subsys/bluetooth/controller/libsubsys__bluetooth__controller.a(ull_conn.c.obj)
                0x000315a4                ull_conn_pause_rx_data
 .text.ull_conn_resume_rx_data
                0x000315b4       0x10 zephyr/subsys/bluetooth/controller/libsubsys__bluetooth__controller.a(ull_conn.c.obj)
                0x000315b4                ull_conn_resume_rx_data
 .text.ull_conn_event_counter_at_prepare
                0x000315c4       0x10 zephyr/subsys/bluetooth/controller/libsubsys__bluetooth__controller.a(ull_conn.c.obj)
                0x000315c4                ull_conn_event_counter_at_prepare
 .text.ull_conn_event_counter
                0x000315d4       0x1c zephyr/subsys/bluetooth/controller/libsubsys__bluetooth__controller.a(ull_conn.c.obj)
                0x000315d4                ull_conn_event_counter
 .text.ull_conn_chan_map_set
                0x000315f0       0x24 zephyr/subsys/bluetooth/controller/libsubsys__bluetooth__controller.a(ull_conn.c.obj)
                0x000315f0                ull_conn_chan_map_set
 .text.ull_conn_lll_tx_queue_is_empty
                0x00031614       0x14 zephyr/subsys/bluetooth/controller/libsubsys__bluetooth__controller.a(ull_conn.c.obj)
                0x00031614                ull_conn_lll_tx_queue_is_empty
 .text.lp_enc_ntf
                0x00031628       0x3c zephyr/subsys/bluetooth/controller/libsubsys__bluetooth__controller.a(ull_llcp_enc.c.obj)
 .text.lp_enc_send_start_enc_rsp.part.0
                0x00031664       0xc8 zephyr/subsys/bluetooth/controller/libsubsys__bluetooth__controller.a(ull_llcp_enc.c.obj)
 .text.rp_enc_send_enc_rsp.part.0
                0x0003172c       0x78 zephyr/subsys/bluetooth/controller/libsubsys__bluetooth__controller.a(ull_llcp_enc.c.obj)
 .text.rp_enc_send_start_enc_req.constprop.0
                0x000317a4       0xd0 zephyr/subsys/bluetooth/controller/libsubsys__bluetooth__controller.a(ull_llcp_enc.c.obj)
 .text.lp_enc_execute_fsm
                0x00031874      0x294 zephyr/subsys/bluetooth/controller/libsubsys__bluetooth__controller.a(ull_llcp_enc.c.obj)
 .text.rp_enc_execute_fsm
                0x00031b08      0x2b8 zephyr/subsys/bluetooth/controller/libsubsys__bluetooth__controller.a(ull_llcp_enc.c.obj)
 .text.llcp_lp_enc_rx
                0x00031dc0       0x4c zephyr/subsys/bluetooth/controller/libsubsys__bluetooth__controller.a(ull_llcp_enc.c.obj)
                0x00031dc0                llcp_lp_enc_rx
 .text.llcp_lp_enc_run
                0x00031e0c        0x8 zephyr/subsys/bluetooth/controller/libsubsys__bluetooth__controller.a(ull_llcp_enc.c.obj)
                0x00031e0c                llcp_lp_enc_run
 .text.llcp_rp_enc_rx
                0x00031e14       0x40 zephyr/subsys/bluetooth/controller/libsubsys__bluetooth__controller.a(ull_llcp_enc.c.obj)
                0x00031e14                llcp_rp_enc_rx
 .text.llcp_rp_enc_ltk_req_reply
                0x00031e54       0x1c zephyr/subsys/bluetooth/controller/libsubsys__bluetooth__controller.a(ull_llcp_enc.c.obj)
                0x00031e54                llcp_rp_enc_ltk_req_reply
 .text.llcp_rp_enc_ltk_req_neg_reply
                0x00031e70       0x28 zephyr/subsys/bluetooth/controller/libsubsys__bluetooth__controller.a(ull_llcp_enc.c.obj)
                0x00031e70                llcp_rp_enc_ltk_req_neg_reply
 .text.llcp_rp_enc_ltk_req_reply_allowed
                0x00031e98       0x10 zephyr/subsys/bluetooth/controller/libsubsys__bluetooth__controller.a(ull_llcp_enc.c.obj)
                0x00031e98                llcp_rp_enc_ltk_req_reply_allowed
 .text.llcp_rp_enc_run
                0x00031ea8        0x8 zephyr/subsys/bluetooth/controller/libsubsys__bluetooth__controller.a(ull_llcp_enc.c.obj)
                0x00031ea8                llcp_rp_enc_run
 .text.pu_check_update_ind
                0x00031eb0       0x58 zephyr/subsys/bluetooth/controller/libsubsys__bluetooth__controller.a(ull_llcp_phy.c.obj)
 .text.pu_ntf   0x00031f08       0x60 zephyr/subsys/bluetooth/controller/libsubsys__bluetooth__controller.a(ull_llcp_phy.c.obj)
 .text.rp_pu_st_wait_tx_ack_phy.part.0
                0x00031f68       0xa0 zephyr/subsys/bluetooth/controller/libsubsys__bluetooth__controller.a(ull_llcp_phy.c.obj)
 .text.pu_prep_update_ind.constprop.0
                0x00032008       0x9c zephyr/subsys/bluetooth/controller/libsubsys__bluetooth__controller.a(ull_llcp_phy.c.obj)
 .text.lp_pu_tx.isra.0
                0x000320a4       0xb4 zephyr/subsys/bluetooth/controller/libsubsys__bluetooth__controller.a(ull_llcp_phy.c.obj)
 .text.lp_pu_send_phy_update_ind.isra.0
                0x00032158       0x50 zephyr/subsys/bluetooth/controller/libsubsys__bluetooth__controller.a(ull_llcp_phy.c.obj)
 .text.lp_pu_send_phy_req.constprop.0.isra.0
                0x000321a8       0x5c zephyr/subsys/bluetooth/controller/libsubsys__bluetooth__controller.a(ull_llcp_phy.c.obj)
 .text.pu_apply_phy_update.isra.0
                0x00032204       0x88 zephyr/subsys/bluetooth/controller/libsubsys__bluetooth__controller.a(ull_llcp_phy.c.obj)
 .text.lp_pu_execute_fsm
                0x0003228c      0x314 zephyr/subsys/bluetooth/controller/libsubsys__bluetooth__controller.a(ull_llcp_phy.c.obj)
 .text.rp_pu_tx.isra.0
                0x000325a0       0x74 zephyr/subsys/bluetooth/controller/libsubsys__bluetooth__controller.a(ull_llcp_phy.c.obj)
 .text.rp_pu_send_phy_update_ind.isra.0
                0x00032614       0x60 zephyr/subsys/bluetooth/controller/libsubsys__bluetooth__controller.a(ull_llcp_phy.c.obj)
 .text.rp_pu_send_phy_rsp.isra.0
                0x00032674       0x4c zephyr/subsys/bluetooth/controller/libsubsys__bluetooth__controller.a(ull_llcp_phy.c.obj)
 .text.rp_pu_execute_fsm
                0x000326c0      0x188 zephyr/subsys/bluetooth/controller/libsubsys__bluetooth__controller.a(ull_llcp_phy.c.obj)
 .text.llcp_lp_pu_rx
                0x00032848       0x5c zephyr/subsys/bluetooth/controller/libsubsys__bluetooth__controller.a(ull_llcp_phy.c.obj)
                0x00032848                llcp_lp_pu_rx
 .text.llcp_lp_pu_run
                0x000328a4        0x8 zephyr/subsys/bluetooth/controller/libsubsys__bluetooth__controller.a(ull_llcp_phy.c.obj)
                0x000328a4                llcp_lp_pu_run
 .text.llcp_lp_pu_tx_ack
                0x000328ac        0x8 zephyr/subsys/bluetooth/controller/libsubsys__bluetooth__controller.a(ull_llcp_phy.c.obj)
                0x000328ac                llcp_lp_pu_tx_ack
 .text.llcp_lp_pu_tx_ntf
                0x000328b4       0x34 zephyr/subsys/bluetooth/controller/libsubsys__bluetooth__controller.a(ull_llcp_phy.c.obj)
                0x000328b4                llcp_lp_pu_tx_ntf
 .text.llcp_rp_pu_rx
                0x000328e8       0x3c zephyr/subsys/bluetooth/controller/libsubsys__bluetooth__controller.a(ull_llcp_phy.c.obj)
                0x000328e8                llcp_rp_pu_rx
 .text.llcp_rp_pu_run
                0x00032924        0x8 zephyr/subsys/bluetooth/controller/libsubsys__bluetooth__controller.a(ull_llcp_phy.c.obj)
                0x00032924                llcp_rp_pu_run
 .text.llcp_rp_pu_tx_ack
                0x0003292c        0x8 zephyr/subsys/bluetooth/controller/libsubsys__bluetooth__controller.a(ull_llcp_phy.c.obj)
                0x0003292c                llcp_rp_pu_tx_ack
 .text.llcp_rp_pu_tx_ntf
                0x00032934        0x8 zephyr/subsys/bluetooth/controller/libsubsys__bluetooth__controller.a(ull_llcp_phy.c.obj)
                0x00032934                llcp_rp_pu_tx_ntf
 .text.ull_tx_q_init
                0x0003293c       0x10 zephyr/subsys/bluetooth/controller/libsubsys__bluetooth__controller.a(ull_tx_queue.c.obj)
                0x0003293c                ull_tx_q_init
 .text.ull_tx_q_pause_data
                0x0003294c        0x8 zephyr/subsys/bluetooth/controller/libsubsys__bluetooth__controller.a(ull_tx_queue.c.obj)
                0x0003294c                ull_tx_q_pause_data
 .text.ull_tx_q_resume_data
                0x00032954       0x30 zephyr/subsys/bluetooth/controller/libsubsys__bluetooth__controller.a(ull_tx_queue.c.obj)
                0x00032954                ull_tx_q_resume_data
 .text.ull_tx_q_enqueue_data
                0x00032984       0x28 zephyr/subsys/bluetooth/controller/libsubsys__bluetooth__controller.a(ull_tx_queue.c.obj)
                0x00032984                ull_tx_q_enqueue_data
 .text.ull_tx_q_enqueue_ctrl
                0x000329ac       0x14 zephyr/subsys/bluetooth/controller/libsubsys__bluetooth__controller.a(ull_tx_queue.c.obj)
                0x000329ac                ull_tx_q_enqueue_ctrl
 .text.ull_tx_q_peek
                0x000329c0        0x4 zephyr/subsys/bluetooth/controller/libsubsys__bluetooth__controller.a(ull_tx_queue.c.obj)
                0x000329c0                ull_tx_q_peek
 .text.ull_tx_q_dequeue
                0x000329c4       0x14 zephyr/subsys/bluetooth/controller/libsubsys__bluetooth__controller.a(ull_tx_queue.c.obj)
                0x000329c4                ull_tx_q_dequeue
 .text.pdu_validate_conn_update_ind
                0x000329d8       0x10 zephyr/subsys/bluetooth/controller/libsubsys__bluetooth__controller.a(ull_llcp.c.obj)
 .text.pdu_validate_chan_map_ind
                0x000329e8       0x10 zephyr/subsys/bluetooth/controller/libsubsys__bluetooth__controller.a(ull_llcp.c.obj)
 .text.pdu_validate_terminate_ind
                0x000329f8       0x10 zephyr/subsys/bluetooth/controller/libsubsys__bluetooth__controller.a(ull_llcp.c.obj)
 .text.pdu_validate_enc_req
                0x00032a08       0x10 zephyr/subsys/bluetooth/controller/libsubsys__bluetooth__controller.a(ull_llcp.c.obj)
 .text.pdu_validate_enc_rsp
                0x00032a18       0x10 zephyr/subsys/bluetooth/controller/libsubsys__bluetooth__controller.a(ull_llcp.c.obj)
 .text.pdu_validate_start_enc_req
                0x00032a28       0x10 zephyr/subsys/bluetooth/controller/libsubsys__bluetooth__controller.a(ull_llcp.c.obj)
 .text.pdu_validate_feature_req
                0x00032a38       0x10 zephyr/subsys/bluetooth/controller/libsubsys__bluetooth__controller.a(ull_llcp.c.obj)
 .text.pdu_validate_version_ind
                0x00032a48       0x10 zephyr/subsys/bluetooth/controller/libsubsys__bluetooth__controller.a(ull_llcp.c.obj)
 .text.pdu_validate_conn_param_req
                0x00032a58       0x10 zephyr/subsys/bluetooth/controller/libsubsys__bluetooth__controller.a(ull_llcp.c.obj)
 .text.pdu_validate_reject_ext_ind
                0x00032a68       0x10 zephyr/subsys/bluetooth/controller/libsubsys__bluetooth__controller.a(ull_llcp.c.obj)
 .text.pdu_validate_phy_upd_ind
                0x00032a78       0x10 zephyr/subsys/bluetooth/controller/libsubsys__bluetooth__controller.a(ull_llcp.c.obj)
 .text.create_procedure
                0x00032a88       0x38 zephyr/subsys/bluetooth/controller/libsubsys__bluetooth__controller.a(ull_llcp.c.obj)
 .text.pdu_validate_unknown_rsp
                0x00032ac0       0x10 zephyr/subsys/bluetooth/controller/libsubsys__bluetooth__controller.a(ull_llcp.c.obj)
 .text.pdu_validate_reject_ind
                0x00032ad0       0x10 zephyr/subsys/bluetooth/controller/libsubsys__bluetooth__controller.a(ull_llcp.c.obj)
 .text.pdu_validate_clock_accuracy_rsp
                0x00032ae0       0x10 zephyr/subsys/bluetooth/controller/libsubsys__bluetooth__controller.a(ull_llcp.c.obj)
 .text.pdu_validate_start_enc_rsp
                0x00032af0       0x10 zephyr/subsys/bluetooth/controller/libsubsys__bluetooth__controller.a(ull_llcp.c.obj)
 .text.pdu_validate_pause_enc_req
                0x00032b00       0x10 zephyr/subsys/bluetooth/controller/libsubsys__bluetooth__controller.a(ull_llcp.c.obj)
 .text.pdu_validate_pause_enc_rsp
                0x00032b10       0x10 zephyr/subsys/bluetooth/controller/libsubsys__bluetooth__controller.a(ull_llcp.c.obj)
 .text.pdu_validate_ping_req
                0x00032b20       0x10 zephyr/subsys/bluetooth/controller/libsubsys__bluetooth__controller.a(ull_llcp.c.obj)
 .text.pdu_validate_ping_rsp
                0x00032b30       0x10 zephyr/subsys/bluetooth/controller/libsubsys__bluetooth__controller.a(ull_llcp.c.obj)
 .text.pdu_validate_feature_rsp
                0x00032b40       0x10 zephyr/subsys/bluetooth/controller/libsubsys__bluetooth__controller.a(ull_llcp.c.obj)
 .text.pdu_validate_per_init_feat_xchg
                0x00032b50       0x10 zephyr/subsys/bluetooth/controller/libsubsys__bluetooth__controller.a(ull_llcp.c.obj)
 .text.pdu_validate_length_rsp
                0x00032b60       0x10 zephyr/subsys/bluetooth/controller/libsubsys__bluetooth__controller.a(ull_llcp.c.obj)
 .text.pdu_validate_conn_param_rsp
                0x00032b70       0x10 zephyr/subsys/bluetooth/controller/libsubsys__bluetooth__controller.a(ull_llcp.c.obj)
 .text.pdu_validate_phy_req
                0x00032b80       0x10 zephyr/subsys/bluetooth/controller/libsubsys__bluetooth__controller.a(ull_llcp.c.obj)
 .text.pdu_validate_phy_rsp
                0x00032b90       0x10 zephyr/subsys/bluetooth/controller/libsubsys__bluetooth__controller.a(ull_llcp.c.obj)
 .text.pdu_validate_min_used_chan_ind
                0x00032ba0       0x10 zephyr/subsys/bluetooth/controller/libsubsys__bluetooth__controller.a(ull_llcp.c.obj)
 .text.llcp_proc_ctx_release
                0x00032bb0       0x10 zephyr/subsys/bluetooth/controller/libsubsys__bluetooth__controller.a(ull_llcp.c.obj)
                0x00032bb0                llcp_proc_ctx_release
 .text.llcp_tx_alloc_peek
                0x00032bc0       0x10 zephyr/subsys/bluetooth/controller/libsubsys__bluetooth__controller.a(ull_llcp.c.obj)
                0x00032bc0                llcp_tx_alloc_peek
 .text.llcp_tx_alloc
                0x00032bd0       0x18 zephyr/subsys/bluetooth/controller/libsubsys__bluetooth__controller.a(ull_llcp.c.obj)
                0x00032bd0                llcp_tx_alloc
 .text.llcp_ntf_alloc_is_available
                0x00032be8       0x10 zephyr/subsys/bluetooth/controller/libsubsys__bluetooth__controller.a(ull_llcp.c.obj)
                0x00032be8                llcp_ntf_alloc_is_available
 .text.llcp_ntf_alloc
                0x00032bf8        0x4 zephyr/subsys/bluetooth/controller/libsubsys__bluetooth__controller.a(ull_llcp.c.obj)
                0x00032bf8                llcp_ntf_alloc
 .text.llcp_tx_enqueue
                0x00032bfc        0x8 zephyr/subsys/bluetooth/controller/libsubsys__bluetooth__controller.a(ull_llcp.c.obj)
                0x00032bfc                llcp_tx_enqueue
 .text.llcp_tx_pause_data
                0x00032c04       0x28 zephyr/subsys/bluetooth/controller/libsubsys__bluetooth__controller.a(ull_llcp.c.obj)
                0x00032c04                llcp_tx_pause_data
 .text.llcp_tx_resume_data
                0x00032c2c       0x18 zephyr/subsys/bluetooth/controller/libsubsys__bluetooth__controller.a(ull_llcp.c.obj)
                0x00032c2c                llcp_tx_resume_data
 .text.llcp_rx_node_retain
                0x00032c44       0x1c zephyr/subsys/bluetooth/controller/libsubsys__bluetooth__controller.a(ull_llcp.c.obj)
                0x00032c44                llcp_rx_node_retain
 .text.llcp_rx_node_release
                0x00032c60       0x20 zephyr/subsys/bluetooth/controller/libsubsys__bluetooth__controller.a(ull_llcp.c.obj)
                0x00032c60                llcp_rx_node_release
 .text.llcp_nodes_release
                0x00032c80       0x34 zephyr/subsys/bluetooth/controller/libsubsys__bluetooth__controller.a(ull_llcp.c.obj)
                0x00032c80                llcp_nodes_release
 .text.llcp_create_remote_procedure
                0x00032cb4       0x3c zephyr/subsys/bluetooth/controller/libsubsys__bluetooth__controller.a(ull_llcp.c.obj)
                0x00032cb4                llcp_create_remote_procedure
 .text.ull_cp_init
                0x00032cf0       0x38 zephyr/subsys/bluetooth/controller/libsubsys__bluetooth__controller.a(ull_llcp.c.obj)
                0x00032cf0                ull_cp_init
 .text.ull_llcp_init
                0x00032d28       0x6c zephyr/subsys/bluetooth/controller/libsubsys__bluetooth__controller.a(ull_llcp.c.obj)
                0x00032d28                ull_llcp_init
 .text.ull_cp_release_tx
                0x00032d94        0xc zephyr/subsys/bluetooth/controller/libsubsys__bluetooth__controller.a(ull_llcp.c.obj)
                0x00032d94                ull_cp_release_tx
 .text.ull_cp_prt_elapse
                0x00032da0       0x58 zephyr/subsys/bluetooth/controller/libsubsys__bluetooth__controller.a(ull_llcp.c.obj)
                0x00032da0                ull_cp_prt_elapse
 .text.ull_cp_prt_reload_set
                0x00032df8       0x14 zephyr/subsys/bluetooth/controller/libsubsys__bluetooth__controller.a(ull_llcp.c.obj)
                0x00032df8                ull_cp_prt_reload_set
 .text.ull_cp_run
                0x00032e0c       0x14 zephyr/subsys/bluetooth/controller/libsubsys__bluetooth__controller.a(ull_llcp.c.obj)
                0x00032e0c                ull_cp_run
 .text.ull_cp_state_set
                0x00032e20       0x28 zephyr/subsys/bluetooth/controller/libsubsys__bluetooth__controller.a(ull_llcp.c.obj)
                0x00032e20                ull_cp_state_set
 .text.ull_cp_release_nodes
                0x00032e48       0x40 zephyr/subsys/bluetooth/controller/libsubsys__bluetooth__controller.a(ull_llcp.c.obj)
                0x00032e48                ull_cp_release_nodes
 .text.ull_cp_min_used_chans
                0x00032e88       0x3c zephyr/subsys/bluetooth/controller/libsubsys__bluetooth__controller.a(ull_llcp.c.obj)
                0x00032e88                ull_cp_min_used_chans
 .text.ull_cp_le_ping
                0x00032ec4       0x24 zephyr/subsys/bluetooth/controller/libsubsys__bluetooth__controller.a(ull_llcp.c.obj)
                0x00032ec4                ull_cp_le_ping
 .text.ull_cp_feature_exchange
                0x00032ee8       0x30 zephyr/subsys/bluetooth/controller/libsubsys__bluetooth__controller.a(ull_llcp.c.obj)
                0x00032ee8                ull_cp_feature_exchange
 .text.ull_cp_version_exchange
                0x00032f18       0x24 zephyr/subsys/bluetooth/controller/libsubsys__bluetooth__controller.a(ull_llcp.c.obj)
                0x00032f18                ull_cp_version_exchange
 .text.ull_cp_encryption_start
                0x00032f3c       0x60 zephyr/subsys/bluetooth/controller/libsubsys__bluetooth__controller.a(ull_llcp.c.obj)
                0x00032f3c                ull_cp_encryption_start
 .text.ull_cp_encryption_pause
                0x00032f9c       0x60 zephyr/subsys/bluetooth/controller/libsubsys__bluetooth__controller.a(ull_llcp.c.obj)
                0x00032f9c                ull_cp_encryption_pause
 .text.ull_cp_phy_update
                0x00032ffc       0x50 zephyr/subsys/bluetooth/controller/libsubsys__bluetooth__controller.a(ull_llcp.c.obj)
                0x00032ffc                ull_cp_phy_update
 .text.ull_cp_terminate
                0x0003304c       0x34 zephyr/subsys/bluetooth/controller/libsubsys__bluetooth__controller.a(ull_llcp.c.obj)
                0x0003304c                ull_cp_terminate
 .text.ull_cp_chan_map_update
                0x00033080       0x38 zephyr/subsys/bluetooth/controller/libsubsys__bluetooth__controller.a(ull_llcp.c.obj)
                0x00033080                ull_cp_chan_map_update
 .text.ull_cp_chan_map_update_pending
                0x000330b8       0x24 zephyr/subsys/bluetooth/controller/libsubsys__bluetooth__controller.a(ull_llcp.c.obj)
                0x000330b8                ull_cp_chan_map_update_pending
 .text.ull_cp_ltk_req_reply
                0x000330dc       0x4c zephyr/subsys/bluetooth/controller/libsubsys__bluetooth__controller.a(ull_llcp.c.obj)
                0x000330dc                ull_cp_ltk_req_reply
 .text.ull_cp_ltk_req_neq_reply
                0x00033128       0x30 zephyr/subsys/bluetooth/controller/libsubsys__bluetooth__controller.a(ull_llcp.c.obj)
                0x00033128                ull_cp_ltk_req_neq_reply
 .text.ull_cp_conn_update
                0x00033158       0xd4 zephyr/subsys/bluetooth/controller/libsubsys__bluetooth__controller.a(ull_llcp.c.obj)
                0x00033158                ull_cp_conn_update
 .text.ull_cp_conn_param_req_reply
                0x0003322c       0x20 zephyr/subsys/bluetooth/controller/libsubsys__bluetooth__controller.a(ull_llcp.c.obj)
                0x0003322c                ull_cp_conn_param_req_reply
 .text.ull_cp_conn_param_req_neg_reply
                0x0003324c       0x24 zephyr/subsys/bluetooth/controller/libsubsys__bluetooth__controller.a(ull_llcp.c.obj)
                0x0003324c                ull_cp_conn_param_req_neg_reply
 .text.ull_cp_remote_cpr_pending
                0x00033270       0x18 zephyr/subsys/bluetooth/controller/libsubsys__bluetooth__controller.a(ull_llcp.c.obj)
                0x00033270                ull_cp_remote_cpr_pending
 .text.ull_cp_tx_ack
                0x00033288       0x3c zephyr/subsys/bluetooth/controller/libsubsys__bluetooth__controller.a(ull_llcp.c.obj)
                0x00033288                ull_cp_tx_ack
 .text.ull_cp_tx_ntf
                0x000332c4       0x28 zephyr/subsys/bluetooth/controller/libsubsys__bluetooth__controller.a(ull_llcp.c.obj)
                0x000332c4                ull_cp_tx_ntf
 .text.ull_cp_rx
                0x000332ec      0x184 zephyr/subsys/bluetooth/controller/libsubsys__bluetooth__controller.a(ull_llcp.c.obj)
                0x000332ec                ull_cp_rx
 .text.lp_comm_ntf
                0x00033470       0x74 zephyr/subsys/bluetooth/controller/libsubsys__bluetooth__controller.a(ull_llcp_common.c.obj)
 .text.lp_comm_tx
                0x000334e4       0xb4 zephyr/subsys/bluetooth/controller/libsubsys__bluetooth__controller.a(ull_llcp_common.c.obj)
 .text.rp_comm_tx_proxy.constprop.0
                0x00033598       0x90 zephyr/subsys/bluetooth/controller/libsubsys__bluetooth__controller.a(ull_llcp_common.c.obj)
 .text.rp_comm_send_rsp.isra.0
                0x00033628       0x6c zephyr/subsys/bluetooth/controller/libsubsys__bluetooth__controller.a(ull_llcp_common.c.obj)
 .text.lp_comm_complete.isra.0
                0x00033694       0x9c zephyr/subsys/bluetooth/controller/libsubsys__bluetooth__controller.a(ull_llcp_common.c.obj)
 .text.lp_comm_send_req.constprop.0.isra.0
                0x00033730      0x108 zephyr/subsys/bluetooth/controller/libsubsys__bluetooth__controller.a(ull_llcp_common.c.obj)
 .text.llcp_lp_comm_tx_ack
                0x00033838       0x24 zephyr/subsys/bluetooth/controller/libsubsys__bluetooth__controller.a(ull_llcp_common.c.obj)
                0x00033838                llcp_lp_comm_tx_ack
 .text.llcp_lp_comm_rx
                0x0003385c       0x70 zephyr/subsys/bluetooth/controller/libsubsys__bluetooth__controller.a(ull_llcp_common.c.obj)
                0x0003385c                llcp_lp_comm_rx
 .text.llcp_lp_comm_run
                0x000338cc       0x44 zephyr/subsys/bluetooth/controller/libsubsys__bluetooth__controller.a(ull_llcp_common.c.obj)
                0x000338cc                llcp_lp_comm_run
 .text.llcp_rp_comm_rx
                0x00033910       0x7c zephyr/subsys/bluetooth/controller/libsubsys__bluetooth__controller.a(ull_llcp_common.c.obj)
                0x00033910                llcp_rp_comm_rx
 .text.llcp_rp_comm_run
                0x0003398c       0x50 zephyr/subsys/bluetooth/controller/libsubsys__bluetooth__controller.a(ull_llcp_common.c.obj)
                0x0003398c                llcp_rp_comm_run
 .text.lr_dequeue
                0x000339dc       0x6c zephyr/subsys/bluetooth/controller/libsubsys__bluetooth__controller.a(ull_llcp_local.c.obj)
 .text.llcp_lr_check_done.part.0
                0x00033a48       0x68 zephyr/subsys/bluetooth/controller/libsubsys__bluetooth__controller.a(ull_llcp_local.c.obj)
 .text.llcp_lr_enqueue
                0x00033ab0       0x60 zephyr/subsys/bluetooth/controller/libsubsys__bluetooth__controller.a(ull_llcp_local.c.obj)
                0x00033ab0                llcp_lr_enqueue
 .text.llcp_lr_peek
                0x00033b10       0x40 zephyr/subsys/bluetooth/controller/libsubsys__bluetooth__controller.a(ull_llcp_local.c.obj)
                0x00033b10                llcp_lr_peek
 .text.lr_act_run
                0x00033b50       0x74 zephyr/subsys/bluetooth/controller/libsubsys__bluetooth__controller.a(ull_llcp_local.c.obj)
 .text.llcp_lr_ispaused
                0x00033bc4       0x10 zephyr/subsys/bluetooth/controller/libsubsys__bluetooth__controller.a(ull_llcp_local.c.obj)
                0x00033bc4                llcp_lr_ispaused
 .text.llcp_lr_pause
                0x00033bd4        0x8 zephyr/subsys/bluetooth/controller/libsubsys__bluetooth__controller.a(ull_llcp_local.c.obj)
                0x00033bd4                llcp_lr_pause
 .text.llcp_lr_resume
                0x00033bdc        0x8 zephyr/subsys/bluetooth/controller/libsubsys__bluetooth__controller.a(ull_llcp_local.c.obj)
                0x00033bdc                llcp_lr_resume
 .text.llcp_lr_prt_restart
                0x00033be4        0xc zephyr/subsys/bluetooth/controller/libsubsys__bluetooth__controller.a(ull_llcp_local.c.obj)
                0x00033be4                llcp_lr_prt_restart
 .text.llcp_lr_prt_restart_with_value
                0x00033bf0        0x8 zephyr/subsys/bluetooth/controller/libsubsys__bluetooth__controller.a(ull_llcp_local.c.obj)
                0x00033bf0                llcp_lr_prt_restart_with_value
 .text.llcp_lr_prt_stop
                0x00033bf8        0x8 zephyr/subsys/bluetooth/controller/libsubsys__bluetooth__controller.a(ull_llcp_local.c.obj)
                0x00033bf8                llcp_lr_prt_stop
 .text.llcp_lr_rx
                0x00033c00       0x80 zephyr/subsys/bluetooth/controller/libsubsys__bluetooth__controller.a(ull_llcp_local.c.obj)
                0x00033c00                llcp_lr_rx
 .text.llcp_lr_tx_ack
                0x00033c80       0x44 zephyr/subsys/bluetooth/controller/libsubsys__bluetooth__controller.a(ull_llcp_local.c.obj)
                0x00033c80                llcp_lr_tx_ack
 .text.llcp_lr_tx_ntf
                0x00033cc4       0x24 zephyr/subsys/bluetooth/controller/libsubsys__bluetooth__controller.a(ull_llcp_local.c.obj)
                0x00033cc4                llcp_lr_tx_ntf
 .text.llcp_lr_init
                0x00033ce8       0x10 zephyr/subsys/bluetooth/controller/libsubsys__bluetooth__controller.a(ull_llcp_local.c.obj)
                0x00033ce8                llcp_lr_init
 .text.llcp_lr_run
                0x00033cf8       0x48 zephyr/subsys/bluetooth/controller/libsubsys__bluetooth__controller.a(ull_llcp_local.c.obj)
                0x00033cf8                llcp_lr_run
 .text.llcp_lr_complete
                0x00033d40       0x48 zephyr/subsys/bluetooth/controller/libsubsys__bluetooth__controller.a(ull_llcp_local.c.obj)
                0x00033d40                llcp_lr_complete
 .text.llcp_lr_connect
                0x00033d88       0x1c zephyr/subsys/bluetooth/controller/libsubsys__bluetooth__controller.a(ull_llcp_local.c.obj)
                0x00033d88                llcp_lr_connect
 .text.llcp_lr_disconnect
                0x00033da4       0x88 zephyr/subsys/bluetooth/controller/libsubsys__bluetooth__controller.a(ull_llcp_local.c.obj)
                0x00033da4                llcp_lr_disconnect
 .text.llcp_lr_terminate
                0x00033e2c       0x3c zephyr/subsys/bluetooth/controller/libsubsys__bluetooth__controller.a(ull_llcp_local.c.obj)
                0x00033e2c                llcp_lr_terminate
 .text.llcp_pdu_encode_ping_req
                0x00033e68       0x14 zephyr/subsys/bluetooth/controller/libsubsys__bluetooth__controller.a(ull_llcp_pdu.c.obj)
                0x00033e68                llcp_pdu_encode_ping_req
 .text.llcp_pdu_encode_ping_rsp
                0x00033e7c       0x14 zephyr/subsys/bluetooth/controller/libsubsys__bluetooth__controller.a(ull_llcp_pdu.c.obj)
                0x00033e7c                llcp_pdu_encode_ping_rsp
 .text.llcp_pdu_encode_unknown_rsp
                0x00033e90       0x1c zephyr/subsys/bluetooth/controller/libsubsys__bluetooth__controller.a(ull_llcp_pdu.c.obj)
                0x00033e90                llcp_pdu_encode_unknown_rsp
 .text.llcp_pdu_decode_unknown_rsp
                0x00033eac        0x8 zephyr/subsys/bluetooth/controller/libsubsys__bluetooth__controller.a(ull_llcp_pdu.c.obj)
                0x00033eac                llcp_pdu_decode_unknown_rsp
 .text.llcp_ntf_encode_unknown_rsp
                0x00033eb4       0x1c zephyr/subsys/bluetooth/controller/libsubsys__bluetooth__controller.a(ull_llcp_pdu.c.obj)
                0x00033eb4                llcp_ntf_encode_unknown_rsp
 .text.llcp_pdu_encode_feature_req
                0x00033ed0       0x48 zephyr/subsys/bluetooth/controller/libsubsys__bluetooth__controller.a(ull_llcp_pdu.c.obj)
                0x00033ed0                llcp_pdu_encode_feature_req
 .text.llcp_pdu_encode_feature_rsp
                0x00033f18       0x44 zephyr/subsys/bluetooth/controller/libsubsys__bluetooth__controller.a(ull_llcp_pdu.c.obj)
                0x00033f18                llcp_pdu_encode_feature_rsp
 .text.llcp_ntf_encode_feature_rsp
                0x00033f5c       0x3c zephyr/subsys/bluetooth/controller/libsubsys__bluetooth__controller.a(ull_llcp_pdu.c.obj)
                0x00033f5c                llcp_ntf_encode_feature_rsp
 .text.llcp_pdu_decode_feature_req
                0x00033f98       0x54 zephyr/subsys/bluetooth/controller/libsubsys__bluetooth__controller.a(ull_llcp_pdu.c.obj)
                0x00033f98                llcp_pdu_decode_feature_req
 .text.llcp_pdu_decode_feature_rsp
                0x00033fec       0x4c zephyr/subsys/bluetooth/controller/libsubsys__bluetooth__controller.a(ull_llcp_pdu.c.obj)
                0x00033fec                llcp_pdu_decode_feature_rsp
 .text.llcp_pdu_encode_min_used_chans_ind
                0x00034038       0x24 zephyr/subsys/bluetooth/controller/libsubsys__bluetooth__controller.a(ull_llcp_pdu.c.obj)
                0x00034038                llcp_pdu_encode_min_used_chans_ind
 .text.llcp_pdu_decode_min_used_chans_ind
                0x0003405c       0x10 zephyr/subsys/bluetooth/controller/libsubsys__bluetooth__controller.a(ull_llcp_pdu.c.obj)
                0x0003405c                llcp_pdu_decode_min_used_chans_ind
 .text.llcp_pdu_encode_terminate_ind
                0x0003406c       0x18 zephyr/subsys/bluetooth/controller/libsubsys__bluetooth__controller.a(ull_llcp_pdu.c.obj)
                0x0003406c                llcp_pdu_encode_terminate_ind
 .text.llcp_pdu_decode_terminate_ind
                0x00034084        0x8 zephyr/subsys/bluetooth/controller/libsubsys__bluetooth__controller.a(ull_llcp_pdu.c.obj)
                0x00034084                llcp_pdu_decode_terminate_ind
 .text.llcp_pdu_encode_version_ind
                0x0003408c       0x24 zephyr/subsys/bluetooth/controller/libsubsys__bluetooth__controller.a(ull_llcp_pdu.c.obj)
                0x0003408c                llcp_pdu_encode_version_ind
 .text.llcp_ntf_encode_version_ind
                0x000340b0       0x2c zephyr/subsys/bluetooth/controller/libsubsys__bluetooth__controller.a(ull_llcp_pdu.c.obj)
                0x000340b0                llcp_ntf_encode_version_ind
 .text.llcp_pdu_decode_version_ind
                0x000340dc       0x20 zephyr/subsys/bluetooth/controller/libsubsys__bluetooth__controller.a(ull_llcp_pdu.c.obj)
                0x000340dc                llcp_pdu_decode_version_ind
 .text.llcp_pdu_encode_enc_req
                0x000340fc       0x4c zephyr/subsys/bluetooth/controller/libsubsys__bluetooth__controller.a(ull_llcp_pdu.c.obj)
                0x000340fc                llcp_pdu_encode_enc_req
 .text.llcp_ntf_encode_enc_req
                0x00034148       0x30 zephyr/subsys/bluetooth/controller/libsubsys__bluetooth__controller.a(ull_llcp_pdu.c.obj)
                0x00034148                llcp_ntf_encode_enc_req
 .text.llcp_pdu_encode_enc_rsp
                0x00034178       0x30 zephyr/subsys/bluetooth/controller/libsubsys__bluetooth__controller.a(ull_llcp_pdu.c.obj)
                0x00034178                llcp_pdu_encode_enc_rsp
 .text.llcp_pdu_encode_start_enc_req
                0x000341a8       0x14 zephyr/subsys/bluetooth/controller/libsubsys__bluetooth__controller.a(ull_llcp_pdu.c.obj)
                0x000341a8                llcp_pdu_encode_start_enc_req
 .text.llcp_pdu_encode_start_enc_rsp
                0x000341bc       0x14 zephyr/subsys/bluetooth/controller/libsubsys__bluetooth__controller.a(ull_llcp_pdu.c.obj)
                0x000341bc                llcp_pdu_encode_start_enc_rsp
 .text.llcp_pdu_encode_pause_enc_req
                0x000341d0       0x14 zephyr/subsys/bluetooth/controller/libsubsys__bluetooth__controller.a(ull_llcp_pdu.c.obj)
                0x000341d0                llcp_pdu_encode_pause_enc_req
 .text.llcp_pdu_encode_pause_enc_rsp
                0x000341e4       0x14 zephyr/subsys/bluetooth/controller/libsubsys__bluetooth__controller.a(ull_llcp_pdu.c.obj)
                0x000341e4                llcp_pdu_encode_pause_enc_rsp
 .text.llcp_pdu_encode_reject_ind
                0x000341f8       0x18 zephyr/subsys/bluetooth/controller/libsubsys__bluetooth__controller.a(ull_llcp_pdu.c.obj)
                0x000341f8                llcp_pdu_encode_reject_ind
 .text.llcp_pdu_encode_reject_ext_ind
                0x00034210       0x1c zephyr/subsys/bluetooth/controller/libsubsys__bluetooth__controller.a(ull_llcp_pdu.c.obj)
                0x00034210                llcp_pdu_encode_reject_ext_ind
 .text.llcp_pdu_decode_reject_ext_ind
                0x0003422c       0x10 zephyr/subsys/bluetooth/controller/libsubsys__bluetooth__controller.a(ull_llcp_pdu.c.obj)
                0x0003422c                llcp_pdu_decode_reject_ext_ind
 .text.llcp_pdu_encode_phy_req
                0x0003423c       0x2c zephyr/subsys/bluetooth/controller/libsubsys__bluetooth__controller.a(ull_llcp_pdu.c.obj)
                0x0003423c                llcp_pdu_encode_phy_req
 .text.llcp_pdu_decode_phy_req
                0x00034268       0x1c zephyr/subsys/bluetooth/controller/libsubsys__bluetooth__controller.a(ull_llcp_pdu.c.obj)
                0x00034268                llcp_pdu_decode_phy_req
 .text.llcp_pdu_encode_phy_rsp
                0x00034284       0x2c zephyr/subsys/bluetooth/controller/libsubsys__bluetooth__controller.a(ull_llcp_pdu.c.obj)