Archive member included to satisfy reference by file (symbol)

app/libapp.a(sample_usbd_init.c.obj)
                              (--whole-archive)
app/libapp.a(main.c.obj)      (--whole-archive)
zephyr/libzephyr.a(validate_libc.c.obj)
                              (--whole-archive)
zephyr/libzephyr.a(heap.c.obj)
                              (--whole-archive)
zephyr/libzephyr.a(boot_banner.c.obj)
                              (--whole-archive)
zephyr/libzephyr.a(cbprintf_packaged.c.obj)
                              (--whole-archive)
zephyr/libzephyr.a(clock.c.obj)
                              (--whole-archive)
zephyr/libzephyr.a(printk.c.obj)
                              (--whole-archive)
zephyr/libzephyr.a(cbprintf_complete.c.obj)
                              (--whole-archive)
zephyr/libzephyr.a(assert.c.obj)
                              (--whole-archive)
zephyr/libzephyr.a(dec.c.obj)
                              (--whole-archive)
zephyr/libzephyr.a(hex.c.obj)
                              (--whole-archive)
zephyr/libzephyr.a(rb.c.obj)  (--whole-archive)
zephyr/libzephyr.a(set.c.obj)
                              (--whole-archive)
zephyr/libzephyr.a(timeutil.c.obj)
                              (--whole-archive)
zephyr/libzephyr.a(bitarray.c.obj)
                              (--whole-archive)
zephyr/libzephyr.a(bitmask.c.obj)
                              (--whole-archive)
zephyr/libzephyr.a(getopt.c.obj)
                              (--whole-archive)
zephyr/libzephyr.a(getopt_common.c.obj)
                              (--whole-archive)
zephyr/libzephyr.a(onoff.c.obj)
                              (--whole-archive)
zephyr/libzephyr.a(notify.c.obj)
                              (--whole-archive)
zephyr/libzephyr.a(ring_buffer.c.obj)
                              (--whole-archive)
zephyr/libzephyr.a(last_section_id.c.obj)
                              (--whole-archive)
zephyr/libzephyr.a(configs.c.obj)
                              (--whole-archive)
zephyr/libzephyr.a(mem_attr.c.obj)
                              (--whole-archive)
zephyr/libzephyr.a(tracing_none.c.obj)
                              (--whole-archive)
zephyr/libzephyr.a(cdc_acm_serial.c.obj)
                              (--whole-archive)
zephyr/libzephyr.a(sem.c.obj)
                              (--whole-archive)
zephyr/libzephyr.a(thread_entry.c.obj)
                              (--whole-archive)
zephyr/arch/common/libarch__common.a(sw_isr_common.c.obj)
                              (--whole-archive)
zephyr/arch/common/libarch__common.a(init.c.obj)
                              (--whole-archive)
zephyr/arch/common/libarch__common.a(xip.c.obj)
                              (--whole-archive)
zephyr/arch/arch/arm/core/libarch__arm__core.a(fatal.c.obj)
                              (--whole-archive)
zephyr/arch/arch/arm/core/libarch__arm__core.a(nmi.c.obj)
                              (--whole-archive)
zephyr/arch/arch/arm/core/libarch__arm__core.a(nmi_on_reset.S.obj)
                              (--whole-archive)
zephyr/arch/arch/arm/core/libarch__arm__core.a(tls.c.obj)
                              (--whole-archive)
zephyr/arch/arch/arm/core/cortex_m/libarch__arm__core__cortex_m.a(fault.c.obj)
                              (--whole-archive)
zephyr/arch/arch/arm/core/cortex_m/libarch__arm__core__cortex_m.a(fault_s.S.obj)
                              (--whole-archive)
zephyr/arch/arch/arm/core/cortex_m/libarch__arm__core__cortex_m.a(fpu.c.obj)
                              (--whole-archive)
zephyr/arch/arch/arm/core/cortex_m/libarch__arm__core__cortex_m.a(reset.S.obj)
                              (--whole-archive)
zephyr/arch/arch/arm/core/cortex_m/libarch__arm__core__cortex_m.a(scb.c.obj)
                              (--whole-archive)
zephyr/arch/arch/arm/core/cortex_m/libarch__arm__core__cortex_m.a(vector_table.S.obj)
                              (--whole-archive)
zephyr/arch/arch/arm/core/cortex_m/libarch__arm__core__cortex_m.a(svc.S.obj)
                              (--whole-archive)
zephyr/arch/arch/arm/core/cortex_m/libarch__arm__core__cortex_m.a(irq_manage.c.obj)
                              (--whole-archive)
zephyr/arch/arch/arm/core/cortex_m/libarch__arm__core__cortex_m.a(prep_c.c.obj)
                              (--whole-archive)
zephyr/arch/arch/arm/core/cortex_m/libarch__arm__core__cortex_m.a(thread.c.obj)
                              (--whole-archive)
zephyr/arch/arch/arm/core/cortex_m/libarch__arm__core__cortex_m.a(cpu_idle.c.obj)
                              (--whole-archive)
zephyr/arch/arch/arm/core/cortex_m/libarch__arm__core__cortex_m.a(exc_exit.c.obj)
                              (--whole-archive)
zephyr/arch/arch/arm/core/cortex_m/libarch__arm__core__cortex_m.a(thread_abort.c.obj)
                              (--whole-archive)
zephyr/arch/arch/arm/core/cortex_m/libarch__arm__core__cortex_m.a(swap_helper.S.obj)
                              (--whole-archive)
[...]
Memory Configuration

Name             Origin             Length             Attributes
FLASH            0x00000000         0x00100000         xr
RAM              0x20000000         0x00040000         xw
IDT_LIST         0xffff7fff         0x00008000         xw
*default*        0x00000000         0xffffffff

Linker script and memory map

                0x00018168                        vfprintf = __l_vfprintf
                0x00000000                        vfscanf = __l_vfscanf
LOAD zephyr/CMakeFiles/zephyr_final.dir/misc/empty_file.c.obj
LOAD zephyr/CMakeFiles/zephyr_final.dir/isr_tables.c.obj
LOAD zephyr/CMakeFiles/offsets.dir/./arch/arm/core/offsets/offsets.c.obj
LOAD app/libapp.a
LOAD zephyr/libzephyr.a
LOAD zephyr/arch/common/libarch__common.a
LOAD zephyr/arch/arch/arm/core/libarch__arm__core.a
LOAD zephyr/arch/arch/arm/core/cortex_m/libarch__arm__core__cortex_m.a
LOAD zephyr/arch/arch/arm/core/mpu/libarch__arm__core__mpu.a
LOAD zephyr/lib/libc/picolibc/liblib__libc__picolibc.a
LOAD zephyr/lib/libc/common/liblib__libc__common.a
LOAD zephyr/lib/net_buf/liblib__net_buf.a
LOAD zephyr/soc/soc/nrf52840/libsoc__nordic.a
LOAD zephyr/subsys/portability/posix/c_lib_ext/libsubsys__portability__posix__c_lib_ext.a
LOAD zephyr/subsys/random/libsubsys__random.a
LOAD zephyr/subsys/usb/device_next/libsubsys__usb__device_next.a
LOAD zephyr/subsys/bluetooth/common/libsubsys__bluetooth__common.a
LOAD zephyr/subsys/bluetooth/host/libsubsys__bluetooth__host.a
LOAD zephyr/subsys/bluetooth/controller/libsubsys__bluetooth__controller.a
LOAD zephyr/subsys/bluetooth/controller/ll_sw/nordic/libsubsys__bluetooth__controller__ll_sw__nordic.a
LOAD zephyr/drivers/usb/udc/libdrivers__usb__udc.a
LOAD zephyr/drivers/usb/common/buf/libdrivers__usb__common__buf.a
LOAD zephyr/drivers/usb/common/nrf_usbd_common/libdrivers__usb__common__nrf_usbd_common.a
LOAD zephyr/drivers/clock_control/libdrivers__clock_control.a
LOAD zephyr/drivers/entropy/libdrivers__entropy.a
LOAD zephyr/drivers/gpio/libdrivers__gpio.a
LOAD zephyr/drivers/hwinfo/libdrivers__hwinfo.a
LOAD zephyr/drivers/timer/libdrivers__timer.a
LOAD modules/hal_nordic/nrfx/libnrfx.a
LOAD zephyr/kernel/libkernel.a
LOAD zephyr/arch/common/libisr_tables.a
LOAD /home/urbanpoacher/zephyr-sdk-1.0.1/gnu/arm-zephyr-eabi/bin/../lib/gcc/arm-zephyr-eabi/14.3.0/../../../../arm-zephyr-eabi/lib/thumb/v7e-m/nofp/space/libc.a
LOAD /home/urbanpoacher/zephyr-sdk-1.0.1/gnu/arm-zephyr-eabi/bin/../lib/gcc/arm-zephyr-eabi/14.3.0/thumb/v7e-m/nofp/space/libgcc.a
                0x00000020                        _region_min_align = 0x20

.rel.plt        0x00000000        0x0
 *(SORT_BY_ALIGNMENT(.rel.plt))
                [!provide]                        PROVIDE (__rel_iplt_start = .)
 *(SORT_BY_ALIGNMENT(.rel.iplt))
 .rel.iplt      0x00000000        0x0 zephyr/CMakeFiles/zephyr_final.dir/isr_tables.c.obj
                [!provide]                        PROVIDE (__rel_iplt_end = .)

.rela.plt       0x00000000        0x0
 *(SORT_BY_ALIGNMENT(.rela.plt))
                [!provide]                        PROVIDE (__rela_iplt_start = .)
 *(SORT_BY_ALIGNMENT(.rela.iplt))
                [!provide]                        PROVIDE (__rela_iplt_end = .)

.rel.dyn
 *(SORT_BY_ALIGNMENT(.rel.*))

.rela.dyn
 *(SORT_BY_ALIGNMENT(.rela.*))

/DISCARD/
 *(SORT_BY_ALIGNMENT(.plt))

/DISCARD/
 *(SORT_BY_ALIGNMENT(.iplt))
                0x00000000                        __rom_region_start = 0x0

rom_start       0x00000000      0x100
                0x00000000                        __rom_start_address = .
 FILL mask 0x00
                0x00000000                        . = (. + (0x0 - (. - __rom_start_address)))
                0x00000000                        . = ALIGN (0x4)
                0x00000000                        . = ALIGN (0x80)
                0x00000000                        . = ALIGN (0x100)
                0x00000000                        _vector_start = .
 *(SORT_BY_ALIGNMENT(.exc_vector_table))
 *(SORT_BY_ALIGNMENT(.exc_vector_table.*))
 .exc_vector_table._vector_table_section
                0x00000000       0x40 zephyr/arch/arch/arm/core/cortex_m/libarch__arm__core__cortex_m.a(vector_table.S.obj)
                0x00000000                _vector_table
 *(SORT_BY_ALIGNMENT(.vectors))
                0x00000100                        _vector_end = .
                0x00000040                        . = ALIGN (0x4)
 *(SORT_BY_ALIGNMENT(.gnu.linkonce.irq_vector_table*))
 .gnu.linkonce.irq_vector_table
                0x00000040       0xc0 zephyr/CMakeFiles/zephyr_final.dir/isr_tables.c.obj
                0x00000040                _irq_vector_table
                0x00000100                        _vector_end = .

text            0x00000100    0x1bb58
                0x00000100                        __text_region_start = .
 *(SORT_BY_ALIGNMENT(.text))
 .text          0x00000100       0x30 /home/urbanpoacher/zephyr-sdk-1.0.1/gnu/arm-zephyr-eabi/bin/../lib/gcc/arm-zephyr-eabi/14.3.0/thumb/v7e-m/nofp/space/libgcc.a(_aeabi_uldivmod.o)
                0x00000100                __aeabi_uldivmod
 .text          0x00000130        0x4 /home/urbanpoacher/zephyr-sdk-1.0.1/gnu/arm-zephyr-eabi/bin/../lib/gcc/arm-zephyr-eabi/14.3.0/thumb/v7e-m/nofp/space/libgcc.a(_dvmd_tls.o)
                0x00000130                __aeabi_ldiv0
                0x00000130                __aeabi_idiv0
 .text          0x00000134       0x14 /home/urbanpoacher/zephyr-sdk-1.0.1/gnu/arm-zephyr-eabi/bin/../lib/gcc/arm-zephyr-eabi/14.3.0/../../../../arm-zephyr-eabi/lib/thumb/v7e-m/nofp/space/libc.a(strcmp.S.o)
                0x00000134                strcmp
 .text          0x00000148      0x2bc /home/urbanpoacher/zephyr-sdk-1.0.1/gnu/arm-zephyr-eabi/bin/../lib/gcc/arm-zephyr-eabi/14.3.0/thumb/v7e-m/nofp/space/libgcc.a(_udivmoddi4.o)
                0x00000148                __udivmoddi4
 *(SORT_BY_ALIGNMENT(.text.*))
 *fill*         0x00000404        0x4 
 .text.ull_drift_ticks_get
                0x00000408       0x90 zephyr/subsys/bluetooth/controller/libsubsys__bluetooth__controller.a(ull.c.obj)
                0x00000408                ull_drift_ticks_get
 .text.ll_adv_enable
                0x00000498      0x368 zephyr/subsys/bluetooth/controller/libsubsys__bluetooth__controller.a(ull_adv.c.obj)
                0x00000498                ll_adv_enable
 .text.ull_adv_time_update
                0x00000800       0xb4 zephyr/subsys/bluetooth/controller/libsubsys__bluetooth__controller.a(ull_adv.c.obj)
                0x00000800                ull_adv_time_update
 *fill*         0x000008b4        0x4 
 .text.ll_scan_params_set
                0x000008b8       0x78 zephyr/subsys/bluetooth/controller/libsubsys__bluetooth__controller.a(ull_scan.c.obj)
                0x000008b8                ll_scan_params_set
 .text.ull_scan_params_set
                0x00000930       0x54 zephyr/subsys/bluetooth/controller/libsubsys__bluetooth__controller.a(ull_scan.c.obj)
                0x00000930                ull_scan_params_set
 *fill*         0x00000984        0x4 
 .text.ull_scan_enable
                0x00000988      0x18c zephyr/subsys/bluetooth/controller/libsubsys__bluetooth__controller.a(ull_scan.c.obj)
                0x00000988                ull_scan_enable
 *fill*         0x00000b14        0x4 
 .text.ull_conn_update_ticker.constprop.0
                0x00000b18      0x104 zephyr/subsys/bluetooth/controller/libsubsys__bluetooth__controller.a(ull_conn.c.obj)
 *fill*         0x00000c1c        0x4 
 .text.ull_conn_done
                0x00000c20      0x3e4 zephyr/subsys/bluetooth/controller/libsubsys__bluetooth__controller.a(ull_conn.c.obj)
                0x00000c20                ull_conn_done
 *fill*         0x00001004        0x4 
 .text.ull_conn_update_parameters
                0x00001008      0x2d4 zephyr/subsys/bluetooth/controller/libsubsys__bluetooth__controller.a(ull_conn.c.obj)
                0x00001008                ull_conn_update_parameters
 *fill*         0x000012dc        0x4 
 .text.ull_periph_setup
                0x000012e0      0x474 zephyr/subsys/bluetooth/controller/libsubsys__bluetooth__controller.a(ull_peripheral.c.obj)
                0x000012e0                ull_periph_setup
 *fill*         0x00001754        0x4 
 .text.ll_create_connection
                0x00001758      0x340 zephyr/subsys/bluetooth/controller/libsubsys__bluetooth__controller.a(ull_central.c.obj)
                0x00001758                ll_create_connection
 .text.ull_central_setup
                0x00001a98      0x234 zephyr/subsys/bluetooth/controller/libsubsys__bluetooth__controller.a(ull_central.c.obj)
                0x00001a98                ull_central_setup
 *fill*         0x00001ccc        0x4 
 .text.ull_sched_after_cen_slot_get
                0x00001cd0      0x1e4 zephyr/subsys/bluetooth/controller/libsubsys__bluetooth__controller.a(ull_sched.c.obj)
                0x00001cd0                ull_sched_after_cen_slot_get
 *fill*         0x00001eb4        0x4 
 .text.ull_sched_mfy_after_cen_offset_get
                0x00001eb8      0x10c zephyr/subsys/bluetooth/controller/libsubsys__bluetooth__controller.a(ull_sched.c.obj)
                0x00001eb8                ull_sched_mfy_after_cen_offset_get
 *fill*         0x00001fc4        0x4 
 .text.prepare_cb
                0x00001fc8      0x158 zephyr/subsys/bluetooth/controller/ll_sw/nordic/libsubsys__bluetooth__controller__ll_sw__nordic.a(lll_adv.c.obj)
 .text.common_prepare_cb
                0x00002120      0x268 zephyr/subsys/bluetooth/controller/ll_sw/nordic/libsubsys__bluetooth__controller__ll_sw__nordic.a(lll_scan.c.obj)
 .text.isr_window
                0x00002388       0x9c zephyr/subsys/bluetooth/controller/ll_sw/nordic/libsubsys__bluetooth__controller__ll_sw__nordic.a(lll_scan.c.obj)
 *fill*         0x00002424        0x4 
 .text.isr_rx   0x00002428      0x550 zephyr/subsys/bluetooth/controller/ll_sw/nordic/libsubsys__bluetooth__controller__ll_sw__nordic.a(lll_scan.c.obj)
 .text.prepare_cb
                0x00002978      0x254 zephyr/subsys/bluetooth/controller/ll_sw/nordic/libsubsys__bluetooth__controller__ll_sw__nordic.a(lll_peripheral.c.obj)
 *fill*         0x00002bcc        0x4 
 .text.prepare_cb
                0x00002bd0      0x1ac zephyr/subsys/bluetooth/controller/ll_sw/nordic/libsubsys__bluetooth__controller__ll_sw__nordic.a(lll_central.c.obj)
 .text.sample_usbd_setup_device
                0x00002d7c       0x9c app/libapp.a(sample_usbd_init.c.obj)
                0x00002d7c                sample_usbd_setup_device
 .text.sample_usbd_init_device
                0x00002e18       0x20 app/libapp.a(sample_usbd_init.c.obj)
                0x00002e18                sample_usbd_init_device
 .text.main     0x00002e38       0x38 app/libapp.a(main.c.obj)
                0x00002e38                main
 .text.boot_banner
                0x00002e70       0x10 zephyr/libzephyr.a(boot_banner.c.obj)
 .text.char_out
                0x00002e80        0xc zephyr/libzephyr.a(printk.c.obj)
 .text.vprintk  0x00002e8c       0x30 zephyr/libzephyr.a(printk.c.obj)
                0x00002e8c                vprintk
 .text.process_event
                0x00002ebc      0x1e8 zephyr/libzephyr.a(onoff.c.obj)
 .text.mem_attr_get_regions
                0x000030a4        0xc zephyr/libzephyr.a(mem_attr.c.obj)
                0x000030a4                mem_attr_get_regions
 .text.cdc_acm_serial_init_device
                0x000030b0       0x8c zephyr/libzephyr.a(cdc_acm_serial.c.obj)
 .text.z_thread_entry
                0x0000313c       0x34 zephyr/libzephyr.a(thread_entry.c.obj)
                0x0000313c                z_thread_entry
 .text.arch_bss_zero
                0x00003170       0x18 zephyr/arch/common/libarch__common.a(init.c.obj)
                0x00003170                arch_bss_zero
 .text.arch_data_copy
                0x00003188       0x38 zephyr/arch/common/libarch__common.a(xip.c.obj)
                0x00003188                arch_data_copy
 .text.z_arm_fatal_error
                0x000031c0       0x60 zephyr/arch/arch/arm/core/libarch__arm__core.a(fatal.c.obj)
                0x000031c0                z_arm_fatal_error
 .text.z_SysNmiOnReset
                0x00003220        0x8 zephyr/arch/arch/arm/core/libarch__arm__core.a(nmi_on_reset.S.obj)
                0x00003220                z_SysNmiOnReset
 .text.arch_tls_stack_setup
                0x00003228       0x40 zephyr/arch/arch/arm/core/libarch__arm__core.a(tls.c.obj)
                0x00003228                arch_tls_stack_setup
 .text.mem_manage_fault
                0x00003268       0xf0 zephyr/arch/arch/arm/core/cortex_m/libarch__arm__core__cortex_m.a(fault.c.obj)
 .text.usage_fault.isra.0
                0x00003358       0x98 zephyr/arch/arch/arm/core/cortex_m/libarch__arm__core__cortex_m.a(fault.c.obj)
 .text.bus_fault.isra.0
                0x000033f0       0xb8 zephyr/arch/arch/arm/core/cortex_m/libarch__arm__core__cortex_m.a(fault.c.obj)
 .text.z_arm_fault
                0x000034a8      0x1a8 zephyr/arch/arch/arm/core/cortex_m/libarch__arm__core__cortex_m.a(fault.c.obj)
                0x000034a8                z_arm_fault
 .text.z_arm_fault_init
                0x00003650       0x18 zephyr/arch/arch/arm/core/cortex_m/libarch__arm__core__cortex_m.a(fault.c.obj)
                0x00003650                z_arm_fault_init
 .text.__fault  0x00003668       0x14 zephyr/arch/arch/arm/core/cortex_m/libarch__arm__core__cortex_m.a(fault_s.S.obj)
                0x00003668                z_arm_bus_fault
                0x00003668                z_arm_usage_fault
                0x00003668                z_arm_mpu_fault
                0x00003668                z_arm_exc_spurious
                0x00003668                z_arm_debug_monitor
                0x00003668                z_arm_hard_fault
 .text._reset_section
                0x0000367c       0x38 zephyr/arch/arch/arm/core/cortex_m/libarch__arm__core__cortex_m.a(reset.S.obj)
                0x0000367c                z_arm_reset
                0x0000367c                __start
 .text.z_arm_svc
                0x000036b4       0x24 zephyr/arch/arch/arm/core/cortex_m/libarch__arm__core__cortex_m.a(svc.S.obj)
                0x000036b4                z_arm_svc
 .text.arm_irq_enable
                0x000036d8       0x1c zephyr/arch/arch/arm/core/cortex_m/libarch__arm__core__cortex_m.a(irq_manage.c.obj)
                0x000036d8                arm_irq_enable
 .text.arm_irq_disable
                0x000036f4       0x28 zephyr/arch/arch/arm/core/cortex_m/libarch__arm__core__cortex_m.a(irq_manage.c.obj)
                0x000036f4                arm_irq_disable
 .text.arm_irq_is_enabled
                0x0000371c       0x1c zephyr/arch/arch/arm/core/cortex_m/libarch__arm__core__cortex_m.a(irq_manage.c.obj)
                0x0000371c                arm_irq_is_enabled
 .text.arm_irq_priority_set
                0x00003738       0x30 zephyr/arch/arch/arm/core/cortex_m/libarch__arm__core__cortex_m.a(irq_manage.c.obj)
                0x00003738                arm_irq_priority_set
 .text.relocate_vector_table
                0x00003768       0x1c zephyr/arch/arch/arm/core/cortex_m/libarch__arm__core__cortex_m.a(prep_c.c.obj)
                0x00003768                relocate_vector_table
 .text.z_prep_c
                0x00003784       0x38 zephyr/arch/arch/arm/core/cortex_m/libarch__arm__core__cortex_m.a(prep_c.c.obj)
                0x00003784                z_prep_c
 .text.arch_new_thread
                0x000037bc       0x38 zephyr/arch/arch/arm/core/cortex_m/libarch__arm__core__cortex_m.a(thread.c.obj)
                0x000037bc                arch_new_thread
 .text.z_check_thread_stack_fail
                0x000037f4       0x2c zephyr/arch/arch/arm/core/cortex_m/libarch__arm__core__cortex_m.a(thread.c.obj)
                0x000037f4                z_check_thread_stack_fail
 .text.arch_switch_to_main_thread
                0x00003820       0x3c zephyr/arch/arch/arm/core/cortex_m/libarch__arm__core__cortex_m.a(thread.c.obj)
                0x00003820                arch_switch_to_main_thread
 .text.z_arm_cpu_idle_init
                0x0000385c        0xc zephyr/arch/arch/arm/core/cortex_m/libarch__arm__core__cortex_m.a(cpu_idle.c.obj)
                0x0000385c                z_arm_cpu_idle_init
 .text._HandlerModeExit
                0x00003868       0x20 zephyr/arch/arch/arm/core/cortex_m/libarch__arm__core__cortex_m.a(exc_exit.c.obj)
                0x00003868                z_arm_exc_exit
                0x00003868                z_arm_int_exit
 .text.z_impl_k_thread_abort
                0x00003888       0x2c zephyr/arch/arch/arm/core/cortex_m/libarch__arm__core__cortex_m.a(thread_abort.c.obj)
                0x00003888                z_impl_k_thread_abort
 .text.z_arm_pendsv
                0x000038b4       0x64 zephyr/arch/arch/arm/core/cortex_m/libarch__arm__core__cortex_m.a(swap_helper.S.obj)
                0x000038b4                z_arm_pendsv
 .text.z_arm_interrupt_init
                0x00003918       0x18 zephyr/arch/arch/arm/core/cortex_m/libarch__arm__core__cortex_m.a(irq_init.c.obj)
                0x00003918                z_arm_interrupt_init
 .text._isr_wrapper
                0x00003930       0x24 zephyr/arch/arch/arm/core/cortex_m/libarch__arm__core__cortex_m.a(isr_wrapper.c.obj)
                0x00003930                _isr_wrapper
 .text.__aeabi_read_tp
                0x00003954        0xc zephyr/arch/arch/arm/core/cortex_m/libarch__arm__core__cortex_m.a(__aeabi_read_tp.S.obj)
                0x00003954                __aeabi_read_tp
 .text.z_arm_configure_static_mpu_regions
                0x00003960       0x18 zephyr/arch/arch/arm/core/mpu/libarch__arm__core__mpu.a(arm_core_mpu.c.obj)
                0x00003960                z_arm_configure_static_mpu_regions
 .text.z_arm_configure_dynamic_mpu_regions
                0x00003978       0x20 zephyr/arch/arch/arm/core/mpu/libarch__arm__core__mpu.a(arm_core_mpu.c.obj)
                0x00003978                z_arm_configure_dynamic_mpu_regions
 .text.region_init
                0x00003998       0x28 zephyr/arch/arch/arm/core/mpu/libarch__arm__core__mpu.a(arm_mpu.c.obj)
 .text.mpu_configure_regions
                0x000039c0       0x6c zephyr/arch/arch/arm/core/mpu/libarch__arm__core__mpu.a(arm_mpu.c.obj)
 .text.arm_core_mpu_enable
                0x00003a2c       0x18 zephyr/arch/arch/arm/core/mpu/libarch__arm__core__mpu.a(arm_mpu.c.obj)
                0x00003a2c                arm_core_mpu_enable
 .text.arm_core_mpu_disable
                0x00003a44       0x14 zephyr/arch/arch/arm/core/mpu/libarch__arm__core__mpu.a(arm_mpu.c.obj)
                0x00003a44                arm_core_mpu_disable
 .text.arm_core_mpu_configure_static_mpu_regions
                0x00003a58       0x14 zephyr/arch/arch/arm/core/mpu/libarch__arm__core__mpu.a(arm_mpu.c.obj)
                0x00003a58                arm_core_mpu_configure_static_mpu_regions
 .text.arm_core_mpu_configure_dynamic_mpu_regions
                0x00003a6c       0x38 zephyr/arch/arch/arm/core/mpu/libarch__arm__core__mpu.a(arm_mpu.c.obj)
                0x00003a6c                arm_core_mpu_configure_dynamic_mpu_regions
 .text.z_arm_mpu_init
                0x00003aa4      0x184 zephyr/arch/arch/arm/core/mpu/libarch__arm__core__mpu.a(arm_mpu.c.obj)
                0x00003aa4                z_arm_mpu_init
 .text.malloc_prepare
                0x00003c28       0x24 zephyr/lib/libc/common/liblib__libc__common.a(malloc.c.obj)
 .text.net_buf_destroy
                0x00003c4c       0x38 zephyr/lib/net_buf/liblib__net_buf.a(buf.c.obj)
 .text.net_buf_pool_get
                0x00003c84       0x10 zephyr/lib/net_buf/liblib__net_buf.a(buf.c.obj)
                0x00003c84                net_buf_pool_get
 .text.net_buf_id
                0x00003c94       0x20 zephyr/lib/net_buf/liblib__net_buf.a(buf.c.obj)
                0x00003c94                net_buf_id
 .text.fixed_data_alloc
                0x00003cb4       0x24 zephyr/lib/net_buf/liblib__net_buf.a(buf.c.obj)
 .text.net_buf_alloc_len
                0x00003cd8       0xfc zephyr/lib/net_buf/liblib__net_buf.a(buf.c.obj)
                0x00003cd8                net_buf_alloc_len
 .text.net_buf_unref
                0x00003dd4       0x50 zephyr/lib/net_buf/liblib__net_buf.a(buf.c.obj)
                0x00003dd4                net_buf_unref
 .text.nordicsemi_nrf52_init
                0x00003e24       0x10 zephyr/soc/soc/nrf52840/libsoc__nordic.a(soc.c.obj)
 .text.arch_busy_wait
                0x00003e34       0x24 zephyr/soc/soc/nrf52840/libsoc__nordic.a(soc.c.obj)
                0x00003e34                arch_busy_wait
 .text.nonstd_request
                0x00003e58       0xac zephyr/subsys/usb/device_next/libsubsys__usb__device_next.a(usbd_ch9.c.obj)
 .text.usbd_handle_ctrl_xfer
                0x00003f04      0x968 zephyr/subsys/usb/device_next/libsubsys__usb__device_next.a(usbd_ch9.c.obj)
                0x00003f04                usbd_handle_ctrl_xfer
 .text.usbd_event_carrier
                0x0000486c       0x48 zephyr/subsys/usb/device_next/libsubsys__usb__device_next.a(usbd_core.c.obj)
 .text.usbd_thread
                0x000048b4      0x188 zephyr/subsys/usb/device_next/libsubsys__usb__device_next.a(usbd_core.c.obj)
 .text.usbd_pre_init
                0x00004a3c       0xa4 zephyr/subsys/usb/device_next/libsubsys__usb__device_next.a(usbd_core.c.obj)
 .text.usbd_device_init_core
                0x00004ae0       0x30 zephyr/subsys/usb/device_next/libsubsys__usb__device_next.a(usbd_core.c.obj)
                0x00004ae0                usbd_device_init_core
 .text.usbd_class_node_get.part.0
                0x00004b10       0x2c zephyr/subsys/usb/device_next/libsubsys__usb__device_next.a(usbd_class.c.obj)
 .text.usbd_register_all_classes
                0x00004b3c       0x5c zephyr/subsys/usb/device_next/libsubsys__usb__device_next.a(usbd_class.c.obj)
                0x00004b3c                usbd_register_all_classes
 .text.msg_work_handler
                0x00004b98       0x88 zephyr/subsys/usb/device_next/libsubsys__usb__device_next.a(usbd_msg.c.obj)
 .text.usbd_msg_pub
                0x00004c20       0x6c zephyr/subsys/usb/device_next/libsubsys__usb__device_next.a(usbd_msg.c.obj)
 .text.bt_hci_ctd
                0x00004c8c       0x54 zephyr/subsys/usb/device_next/libsubsys__usb__device_next.a(bt_hci.c.obj)
 .text.bt_hci_rx_thread
                0x00004ce0       0x28 zephyr/subsys/usb/device_next/libsubsys__usb__device_next.a(bt_hci.c.obj)
 .text.bt_hci_preinit
                0x00004d08       0x90 zephyr/subsys/usb/device_next/libsubsys__usb__device_next.a(bt_hci.c.obj)
 .text.bt_hci_buf_alloc
                0x00004d98       0x18 zephyr/subsys/usb/device_next/libsubsys__usb__device_next.a(bt_hci.c.obj)
                0x00004d98                bt_hci_buf_alloc
 .text.bt_hci_request
                0x00004db0       0xec zephyr/subsys/usb/device_next/libsubsys__usb__device_next.a(bt_hci.c.obj)
 .text.bt_hci_tx_thread
                0x00004e9c       0x70 zephyr/subsys/usb/device_next/libsubsys__usb__device_next.a(bt_hci.c.obj)
 .text.hci_rx_buf_destroy
                0x00004f0c       0x40 zephyr/subsys/bluetooth/host/libsubsys__bluetooth__host.a(hci_raw.c.obj)
 .text.bt_recv  0x00004f4c       0x14 zephyr/subsys/bluetooth/host/libsubsys__bluetooth__host.a(hci_raw.c.obj)
 .text.bt_buf_get_rx
                0x00004f60       0x44 zephyr/subsys/bluetooth/host/libsubsys__bluetooth__host.a(hci_raw.c.obj)
                0x00004f60                bt_buf_get_rx
 .text.bt_buf_get_tx
                0x00004fa4       0x74 zephyr/subsys/bluetooth/host/libsubsys__bluetooth__host.a(hci_raw.c.obj)
                0x00004fa4                bt_buf_get_tx
 .text.bt_send  0x00005018       0x18 zephyr/subsys/bluetooth/host/libsubsys__bluetooth__host.a(hci_raw.c.obj)
                0x00005018                bt_send
 .text.bt_enable_raw
                0x00005030       0x40 zephyr/subsys/bluetooth/host/libsubsys__bluetooth__host.a(hci_raw.c.obj)
                0x00005030                bt_enable_raw
 .text.bt_hci_evt_create
                0x00005070       0x50 zephyr/subsys/bluetooth/host/libsubsys__bluetooth__host.a(hci_common.c.obj)
                0x00005070                bt_hci_evt_create
 .text.mem_init
                0x000050c0       0x48 zephyr/subsys/bluetooth/controller/libsubsys__bluetooth__controller.a(mem.c.obj)
                0x000050c0                mem_init
 .text.mem_acquire
                0x00005108       0x2c zephyr/subsys/bluetooth/controller/libsubsys__bluetooth__controller.a(mem.c.obj)
                0x00005108                mem_acquire
 .text.mem_release
                0x00005134       0x28 zephyr/subsys/bluetooth/controller/libsubsys__bluetooth__controller.a(mem.c.obj)
                0x00005134                mem_release
 .text.mem_get  0x0000515c        0x8 zephyr/subsys/bluetooth/controller/libsubsys__bluetooth__controller.a(mem.c.obj)
                0x0000515c                mem_get
 .text.mem_index_get
                0x00005164        0xc zephyr/subsys/bluetooth/controller/libsubsys__bluetooth__controller.a(mem.c.obj)
                0x00005164                mem_index_get
 .text.mem_rcopy
                0x00005170       0x1c zephyr/subsys/bluetooth/controller/libsubsys__bluetooth__controller.a(mem.c.obj)
                0x00005170                mem_rcopy
 .text.mem_nz   0x0000518c       0x18 zephyr/subsys/bluetooth/controller/libsubsys__bluetooth__controller.a(mem.c.obj)
                0x0000518c                mem_nz
 .text.memq_init
                0x000051a4        0x8 zephyr/subsys/bluetooth/controller/libsubsys__bluetooth__controller.a(memq.c.obj)
                0x000051a4                memq_init
 .text.memq_deinit
                0x000051ac       0x14 zephyr/subsys/bluetooth/controller/libsubsys__bluetooth__controller.a(memq.c.obj)
                0x000051ac                memq_deinit
 .text.memq_enqueue
                0x000051c0       0x14 zephyr/subsys/bluetooth/controller/libsubsys__bluetooth__controller.a(memq.c.obj)
                0x000051c0                memq_enqueue
 .text.memq_peek
                0x000051d4       0x10 zephyr/subsys/bluetooth/controller/libsubsys__bluetooth__controller.a(memq.c.obj)
                0x000051d4                memq_peek
 .text.memq_dequeue
                0x000051e4       0x20 zephyr/subsys/bluetooth/controller/libsubsys__bluetooth__controller.a(memq.c.obj)
                0x000051e4                memq_dequeue
 .text.mayfly_init
                0x00005204       0x48 zephyr/subsys/bluetooth/controller/libsubsys__bluetooth__controller.a(mayfly.c.obj)
                0x00005204                mayfly_init
 .text.mayfly_enable
                0x0000524c       0x68 zephyr/subsys/bluetooth/controller/libsubsys__bluetooth__controller.a(mayfly.c.obj)
                0x0000524c                mayfly_enable
 .text.mayfly_enqueue
                0x000052b4       0xc4 zephyr/subsys/bluetooth/controller/libsubsys__bluetooth__controller.a(mayfly.c.obj)
                0x000052b4                mayfly_enqueue
 .text.mayfly_run
                0x00005378      0x170 zephyr/subsys/bluetooth/controller/libsubsys__bluetooth__controller.a(mayfly.c.obj)
                0x00005378                mayfly_run
 .text.util_ones_count_get
                0x000054e8       0x28 zephyr/subsys/bluetooth/controller/libsubsys__bluetooth__controller.a(util.c.obj)
                0x000054e8                util_ones_count_get
 .text.util_aa_le32
                0x00005510      0x524 zephyr/subsys/bluetooth/controller/libsubsys__bluetooth__controller.a(util.c.obj)
                0x00005510                util_aa_le32
 .text.ticker_dequeue
                0x00005a34       0x64 zephyr/subsys/bluetooth/controller/libsubsys__bluetooth__controller.a(ticker.c.obj)
 .text.ticks_to_expire_prep
                0x00005a98       0x48 zephyr/subsys/bluetooth/controller/libsubsys__bluetooth__controller.a(ticker.c.obj)
 .text.start_us.isra.0
                0x00005ae0       0x9c zephyr/subsys/bluetooth/controller/libsubsys__bluetooth__controller.a(ticker.c.obj)
 .text.ticker_job_list_insert
                0x00005b7c      0x1fc zephyr/subsys/bluetooth/controller/libsubsys__bluetooth__controller.a(ticker.c.obj)
 .text.ticker_worker
                0x00005d78      0x3d4 zephyr/subsys/bluetooth/controller/libsubsys__bluetooth__controller.a(ticker.c.obj)
                0x00005d78                ticker_worker
 .text.ticker_job
                0x0000614c      0xaf8 zephyr/subsys/bluetooth/controller/libsubsys__bluetooth__controller.a(ticker.c.obj)
                0x0000614c                ticker_job
 .text.ticker_init
                0x00006c44       0x64 zephyr/subsys/bluetooth/controller/libsubsys__bluetooth__controller.a(ticker.c.obj)
                0x00006c44                ticker_init
 .text.ticker_deinit
                0x00006ca8       0x20 zephyr/subsys/bluetooth/controller/libsubsys__bluetooth__controller.a(ticker.c.obj)
                0x00006ca8                ticker_deinit
 .text.ticker_trigger
                0x00006cc8       0x24 zephyr/subsys/bluetooth/controller/libsubsys__bluetooth__controller.a(ticker.c.obj)
                0x00006cc8                ticker_trigger
 .text.ticker_start
                0x00006cec       0x38 zephyr/subsys/bluetooth/controller/libsubsys__bluetooth__controller.a(ticker.c.obj)
                0x00006cec                ticker_start
 .text.ticker_start_us
                0x00006d24       0x30 zephyr/subsys/bluetooth/controller/libsubsys__bluetooth__controller.a(ticker.c.obj)
                0x00006d24                ticker_start_us
 .text.ticker_start_ext
                0x00006d54       0x10 zephyr/subsys/bluetooth/controller/libsubsys__bluetooth__controller.a(ticker.c.obj)
                0x00006d54                ticker_start_ext
 .text.ticker_update_ext
                0x00006d64       0x9c zephyr/subsys/bluetooth/controller/libsubsys__bluetooth__controller.a(ticker.c.obj)
                0x00006d64                ticker_update_ext
 .text.ticker_update
                0x00006e00       0x30 zephyr/subsys/bluetooth/controller/libsubsys__bluetooth__controller.a(ticker.c.obj)
                0x00006e00                ticker_update
 .text.ticker_stop
                0x00006e30       0x6c zephyr/subsys/bluetooth/controller/libsubsys__bluetooth__controller.a(ticker.c.obj)
                0x00006e30                ticker_stop
 .text.ticker_stop_abs
                0x00006e9c       0x70 zephyr/subsys/bluetooth/controller/libsubsys__bluetooth__controller.a(ticker.c.obj)
                0x00006e9c                ticker_stop_abs
 .text.ticker_next_slot_get_ext
                0x00006f0c       0x80 zephyr/subsys/bluetooth/controller/libsubsys__bluetooth__controller.a(ticker.c.obj)
                0x00006f0c                ticker_next_slot_get_ext
 .text.ticker_job_sched
                0x00006f8c       0x24 zephyr/subsys/bluetooth/controller/libsubsys__bluetooth__controller.a(ticker.c.obj)
                0x00006f8c                ticker_job_sched
 .text.ticker_ticks_now_get
                0x00006fb0        0x4 zephyr/subsys/bluetooth/controller/libsubsys__bluetooth__controller.a(ticker.c.obj)
                0x00006fb0                ticker_ticks_now_get
 .text.ticker_ticks_diff_get
                0x00006fb4        0x8 zephyr/subsys/bluetooth/controller/libsubsys__bluetooth__controller.a(ticker.c.obj)
                0x00006fb4                ticker_ticks_diff_get
 .text.ll_feat_get
                0x00006fbc        0xc zephyr/subsys/bluetooth/controller/libsubsys__bluetooth__controller.a(ll_feat.c.obj)
                0x00006fbc                ll_feat_get
 .text.ll_tx_pwr_lvl_get
                0x00006fc8       0x20 zephyr/subsys/bluetooth/controller/libsubsys__bluetooth__controller.a(ll_tx_pwr.c.obj)
                0x00006fc8                ll_tx_pwr_lvl_get
 .text.ll_tx_pwr_get
                0x00006fe8        0x8 zephyr/subsys/bluetooth/controller/libsubsys__bluetooth__controller.a(ll_tx_pwr.c.obj)
                0x00006fe8                ll_tx_pwr_get
 .text.ll_addr_set
                0x00006ff0       0x44 zephyr/subsys/bluetooth/controller/libsubsys__bluetooth__controller.a(ll_addr.c.obj)
                0x00006ff0                ll_addr_set
 .text.ll_addr_get
                0x00007034       0x1c zephyr/subsys/bluetooth/controller/libsubsys__bluetooth__controller.a(ll_addr.c.obj)
                0x00007034                ll_addr_get
 .text.ll_addr_read
                0x00007050       0x28 zephyr/subsys/bluetooth/controller/libsubsys__bluetooth__controller.a(ll_addr.c.obj)
                0x00007050                ll_addr_read
 .text.perform_lll_reset
                0x00007078       0x50 zephyr/subsys/bluetooth/controller/libsubsys__bluetooth__controller.a(ull.c.obj)
 .text.ull_ticker_status_give
                0x000070c8        0xc zephyr/subsys/bluetooth/controller/libsubsys__bluetooth__controller.a(ull.c.obj)
                0x000070c8                ull_ticker_status_give
 .text.disabled_cb
                0x000070d4        0x4 zephyr/subsys/bluetooth/controller/libsubsys__bluetooth__controller.a(ull.c.obj)
 .text.tx_cmplt_get
                0x000070d8       0xc0 zephyr/subsys/bluetooth/controller/libsubsys__bluetooth__controller.a(ull.c.obj)
 .text.rx_replenish
                0x00007198       0xe4 zephyr/subsys/bluetooth/controller/libsubsys__bluetooth__controller.a(ull.c.obj)
 .text.init_reset.isra.0
                0x0000727c       0xec zephyr/subsys/bluetooth/controller/libsubsys__bluetooth__controller.a(ull.c.obj)
 .text.rx_demux
                0x00007368      0x210 zephyr/subsys/bluetooth/controller/libsubsys__bluetooth__controller.a(ull.c.obj)
 .text.ll_init  0x00007578       0xd8 zephyr/subsys/bluetooth/controller/libsubsys__bluetooth__controller.a(ull.c.obj)
                0x00007578                ll_init
 .text.ll_reset
                0x00007650       0xb0 zephyr/subsys/bluetooth/controller/libsubsys__bluetooth__controller.a(ull.c.obj)
                0x00007650                ll_reset
 .text.ll_deinit
                0x00007700       0x18 zephyr/subsys/bluetooth/controller/libsubsys__bluetooth__controller.a(ull.c.obj)
                0x00007700                ll_deinit
 .text.ll_rx_get
                0x00007718       0xc8 zephyr/subsys/bluetooth/controller/libsubsys__bluetooth__controller.a(ull.c.obj)
                0x00007718                ll_rx_get
 .text.ll_rx_dequeue
                0x000077e0       0xe0 zephyr/subsys/bluetooth/controller/libsubsys__bluetooth__controller.a(ull.c.obj)
                0x000077e0                ll_rx_dequeue
 .text.ll_rx_mem_release
                0x000078c0      0x104 zephyr/subsys/bluetooth/controller/libsubsys__bluetooth__controller.a(ull.c.obj)
                0x000078c0                ll_rx_mem_release
 .text.ll_rx_link_alloc
                0x000079c4        0xc zephyr/subsys/bluetooth/controller/libsubsys__bluetooth__controller.a(ull.c.obj)
                0x000079c4                ll_rx_link_alloc
 .text.ll_rx_link_release
                0x000079d0        0xc zephyr/subsys/bluetooth/controller/libsubsys__bluetooth__controller.a(ull.c.obj)
                0x000079d0                ll_rx_link_release
 .text.ll_rx_alloc
                0x000079dc        0xc zephyr/subsys/bluetooth/controller/libsubsys__bluetooth__controller.a(ull.c.obj)
                0x000079dc                ll_rx_alloc
 .text.ll_rx_release
                0x000079e8        0xc zephyr/subsys/bluetooth/controller/libsubsys__bluetooth__controller.a(ull.c.obj)
                0x000079e8                ll_rx_release
 .text.ll_rx_put
                0x000079f4       0x18 zephyr/subsys/bluetooth/controller/libsubsys__bluetooth__controller.a(ull.c.obj)
                0x000079f4                ll_rx_put
 .text.ll_rx_put_sched
                0x00007a0c       0x28 zephyr/subsys/bluetooth/controller/libsubsys__bluetooth__controller.a(ull.c.obj)
                0x00007a0c                ll_rx_put_sched
 .text.ll_pdu_rx_alloc_peek
                0x00007a34       0x34 zephyr/subsys/bluetooth/controller/libsubsys__bluetooth__controller.a(ull.c.obj)
                0x00007a34                ll_pdu_rx_alloc_peek
 .text.ll_pdu_rx_alloc
                0x00007a68       0x24 zephyr/subsys/bluetooth/controller/libsubsys__bluetooth__controller.a(ull.c.obj)
                0x00007a68                ll_pdu_rx_alloc
 .text.ll_tx_ack_put
                0x00007a8c       0x3c zephyr/subsys/bluetooth/controller/libsubsys__bluetooth__controller.a(ull.c.obj)
                0x00007a8c                ll_tx_ack_put
 .text.ull_ticker_status_take
                0x00007ac8       0x24 zephyr/subsys/bluetooth/controller/libsubsys__bluetooth__controller.a(ull.c.obj)
                0x00007ac8                ull_ticker_status_take
 .text.ull_disable_mark
                0x00007aec       0x18 zephyr/subsys/bluetooth/controller/libsubsys__bluetooth__controller.a(ull.c.obj)
                0x00007aec                ull_disable_mark
 .text.ull_disable_unmark
                0x00007b04       0x18 zephyr/subsys/bluetooth/controller/libsubsys__bluetooth__controller.a(ull.c.obj)
                0x00007b04                ull_disable_unmark
 .text.ull_disable_mark_get
                0x00007b1c        0xc zephyr/subsys/bluetooth/controller/libsubsys__bluetooth__controller.a(ull.c.obj)
                0x00007b1c                ull_disable_mark_get
 .text.ull_update_mark
                0x00007b28       0x18 zephyr/subsys/bluetooth/controller/libsubsys__bluetooth__controller.a(ull.c.obj)
                0x00007b28                ull_update_mark
 .text.ull_update_unmark
                0x00007b40       0x18 zephyr/subsys/bluetooth/controller/libsubsys__bluetooth__controller.a(ull.c.obj)
                0x00007b40                ull_update_unmark
 .text.ull_update_mark_get
                0x00007b58        0xc zephyr/subsys/bluetooth/controller/libsubsys__bluetooth__controller.a(ull.c.obj)
                0x00007b58                ull_update_mark_get
 .text.ull_disable
                0x00007b64       0x54 zephyr/subsys/bluetooth/controller/libsubsys__bluetooth__controller.a(ull.c.obj)
                0x00007b64                ull_disable
 .text.ull_ticker_stop_with_mark
                0x00007bb8       0xa0 zephyr/subsys/bluetooth/controller/libsubsys__bluetooth__controller.a(ull.c.obj)
                0x00007bb8                ull_ticker_stop_with_mark
 .text.ull_pdu_rx_alloc_peek
                0x00007c58       0x38 zephyr/subsys/bluetooth/controller/libsubsys__bluetooth__controller.a(ull.c.obj)
                0x00007c58                ull_pdu_rx_alloc_peek
 .text.ull_pdu_rx_alloc
                0x00007c90       0x2c zephyr/subsys/bluetooth/controller/libsubsys__bluetooth__controller.a(ull.c.obj)
                0x00007c90                ull_pdu_rx_alloc
 .text.ull_rx_put
                0x00007cbc       0x20 zephyr/subsys/bluetooth/controller/libsubsys__bluetooth__controller.a(ull.c.obj)
                0x00007cbc                ull_rx_put
 .text.ull_rx_sched
                0x00007cdc       0x10 zephyr/subsys/bluetooth/controller/libsubsys__bluetooth__controller.a(ull.c.obj)
                0x00007cdc                ull_rx_sched
 .text.ull_rx_put_sched
                0x00007cec       0x30 zephyr/subsys/bluetooth/controller/libsubsys__bluetooth__controller.a(ull.c.obj)
                0x00007cec                ull_rx_put_sched
 .text.ull_prepare_enqueue
                0x00007d1c       0x74 zephyr/subsys/bluetooth/controller/libsubsys__bluetooth__controller.a(ull.c.obj)
                0x00007d1c                ull_prepare_enqueue
 .text.ull_prepare_dequeue_get
                0x00007d90       0x1c zephyr/subsys/bluetooth/controller/libsubsys__bluetooth__controller.a(ull.c.obj)
                0x00007d90                ull_prepare_dequeue_get
 .text.ull_prepare_dequeue_iter
                0x00007dac       0x34 zephyr/subsys/bluetooth/controller/libsubsys__bluetooth__controller.a(ull.c.obj)
                0x00007dac                ull_prepare_dequeue_iter
 .text.ull_prepare_dequeue
                0x00007de0      0x104 zephyr/subsys/bluetooth/controller/libsubsys__bluetooth__controller.a(ull.c.obj)
                0x00007de0                ull_prepare_dequeue
 .text.ull_event_done_extra_get
                0x00007ee4       0x20 zephyr/subsys/bluetooth/controller/libsubsys__bluetooth__controller.a(ull.c.obj)
                0x00007ee4                ull_event_done_extra_get
 .text.ull_event_done
                0x00007f04       0x60 zephyr/subsys/bluetooth/controller/libsubsys__bluetooth__controller.a(ull.c.obj)
                0x00007f04                ull_event_done
 .text.lll_prepare
                0x00007f64       0x20 zephyr/subsys/bluetooth/controller/libsubsys__bluetooth__controller.a(lll_common.c.obj)
                0x00007f64                lll_prepare
 .text.lll_resume
                0x00007f84       0x28 zephyr/subsys/bluetooth/controller/libsubsys__bluetooth__controller.a(lll_common.c.obj)
                0x00007f84                lll_resume
 .text.hci_driver_close
                0x00007fac       0x24 zephyr/subsys/bluetooth/controller/libsubsys__bluetooth__controller.a(hci_driver.c.obj)
 .text.hci_driver_open
                0x00007fd0       0x7c zephyr/subsys/bluetooth/controller/libsubsys__bluetooth__controller.a(hci_driver.c.obj)
 .text.hci_driver_send
                0x0000804c       0xb8 zephyr/subsys/bluetooth/controller/libsubsys__bluetooth__controller.a(hci_driver.c.obj)
 .text.recv_thread
                0x00008104      0x418 zephyr/subsys/bluetooth/controller/libsubsys__bluetooth__controller.a(hci_driver.c.obj)
 .text.hci_recv_fifo_reset
                0x0000851c       0x20 zephyr/subsys/bluetooth/controller/libsubsys__bluetooth__controller.a(hci_driver.c.obj)
                0x0000851c                hci_recv_fifo_reset
 .text.dup_found.constprop.0
                0x0000853c       0xdc zephyr/subsys/bluetooth/controller/libsubsys__bluetooth__controller.a(hci.c.obj)
 .text.le_remote_feat_complete
                0x00008618       0x78 zephyr/subsys/bluetooth/controller/libsubsys__bluetooth__controller.a(hci.c.obj)
 .text.hci_vendor_cmd_handle_common
                0x00008690      0x194 zephyr/subsys/bluetooth/controller/libsubsys__bluetooth__controller.a(hci.c.obj)
                0x00008690                hci_vendor_cmd_handle_common
 .text.hci_cmd_handle
                0x00008824      0xbd8 zephyr/subsys/bluetooth/controller/libsubsys__bluetooth__controller.a(hci.c.obj)
                0x00008824                hci_cmd_handle
 .text.hci_acl_handle
                0x000093fc       0xc0 zephyr/subsys/bluetooth/controller/libsubsys__bluetooth__controller.a(hci.c.obj)
                0x000093fc                hci_acl_handle
 .text.hci_disconn_complete_encode
                0x000094bc       0x40 zephyr/subsys/bluetooth/controller/libsubsys__bluetooth__controller.a(hci.c.obj)
                0x000094bc                hci_disconn_complete_encode
 .text.hci_acl_encode
                0x000094fc       0x90 zephyr/subsys/bluetooth/controller/libsubsys__bluetooth__controller.a(hci.c.obj)
                0x000094fc                hci_acl_encode
 .text.hci_evt_encode
                0x0000958c      0x750 zephyr/subsys/bluetooth/controller/libsubsys__bluetooth__controller.a(hci.c.obj)
                0x0000958c                hci_evt_encode
 .text.hci_num_cmplt_encode
                0x00009cdc       0x30 zephyr/subsys/bluetooth/controller/libsubsys__bluetooth__controller.a(hci.c.obj)
                0x00009cdc                hci_num_cmplt_encode
 .text.hci_get_class
                0x00009d0c       0x2c zephyr/subsys/bluetooth/controller/libsubsys__bluetooth__controller.a(hci.c.obj)
                0x00009d0c                hci_get_class
 .text.hci_init
                0x00009d38       0x74 zephyr/subsys/bluetooth/controller/libsubsys__bluetooth__controller.a(hci.c.obj)
                0x00009d38                hci_init
 .text.ticker_stop_cb
                0x00009dac       0x48 zephyr/subsys/bluetooth/controller/libsubsys__bluetooth__controller.a(ull_adv.c.obj)
 .text.disabled_cb
                0x00009df4       0x50 zephyr/subsys/bluetooth/controller/libsubsys__bluetooth__controller.a(ull_adv.c.obj)
 .text.ticker_update_op_cb
                0x00009e44       0x44 zephyr/subsys/bluetooth/controller/libsubsys__bluetooth__controller.a(ull_adv.c.obj)
 .text.ticker_stop_op_cb
                0x00009e88       0x24 zephyr/subsys/bluetooth/controller/libsubsys__bluetooth__controller.a(ull_adv.c.obj)
 .text.adv_disable
                0x00009eac       0x40 zephyr/subsys/bluetooth/controller/libsubsys__bluetooth__controller.a(ull_adv.c.obj)
 .text.conn_release.constprop.0
                0x00009eec       0x54 zephyr/subsys/bluetooth/controller/libsubsys__bluetooth__controller.a(ull_adv.c.obj)
 .text.disable.constprop.0
                0x00009f40       0xd8 zephyr/subsys/bluetooth/controller/libsubsys__bluetooth__controller.a(ull_adv.c.obj)
 .text.adv_time_get.constprop.0
                0x0000a018       0x78 zephyr/subsys/bluetooth/controller/libsubsys__bluetooth__controller.a(ull_adv.c.obj)
 .text.ticker_cb
                0x0000a090       0xe0 zephyr/subsys/bluetooth/controller/libsubsys__bluetooth__controller.a(ull_adv.c.obj)
 .text.init_reset.isra.0
                0x0000a170       0x64 zephyr/subsys/bluetooth/controller/libsubsys__bluetooth__controller.a(ull_adv.c.obj)
 .text.ll_adv_params_set
                0x0000a1d4      0x198 zephyr/subsys/bluetooth/controller/libsubsys__bluetooth__controller.a(ull_adv.c.obj)
                0x0000a1d4                ll_adv_params_set
 .text.ull_adv_init
                0x0000a36c        0xc zephyr/subsys/bluetooth/controller/libsubsys__bluetooth__controller.a(ull_adv.c.obj)
                0x0000a36c                ull_adv_init
 .text.ull_adv_reset
                0x0000a378        0xc zephyr/subsys/bluetooth/controller/libsubsys__bluetooth__controller.a(ull_adv.c.obj)
                0x0000a378                ull_adv_reset
 .text.ull_adv_reset_finalize
                0x0000a384       0x20 zephyr/subsys/bluetooth/controller/libsubsys__bluetooth__controller.a(ull_adv.c.obj)
                0x0000a384                ull_adv_reset_finalize
 .text.ull_adv_handle_get
                0x0000a3a4       0x18 zephyr/subsys/bluetooth/controller/libsubsys__bluetooth__controller.a(ull_adv.c.obj)
                0x0000a3a4                ull_adv_handle_get
 .text.ull_adv_lll_handle_get
                0x0000a3bc       0x1c zephyr/subsys/bluetooth/controller/libsubsys__bluetooth__controller.a(ull_adv.c.obj)
                0x0000a3bc                ull_adv_lll_handle_get
 .text.ull_adv_is_enabled_get
                0x0000a3d8       0x18 zephyr/subsys/bluetooth/controller/libsubsys__bluetooth__controller.a(ull_adv.c.obj)
                0x0000a3d8                ull_adv_is_enabled_get
 .text.ull_adv_is_enabled
                0x0000a3f0       0x18 zephyr/subsys/bluetooth/controller/libsubsys__bluetooth__controller.a(ull_adv.c.obj)
                0x0000a3f0                ull_adv_is_enabled
 .text.ull_adv_filter_pol_get
                0x0000a408       0x20 zephyr/subsys/bluetooth/controller/libsubsys__bluetooth__controller.a(ull_adv.c.obj)
                0x0000a408                ull_adv_filter_pol_get
 .text.ull_adv_pdu_update_addrs
                0x0000a428       0x60 zephyr/subsys/bluetooth/controller/libsubsys__bluetooth__controller.a(ull_adv.c.obj)
                0x0000a428                ull_adv_pdu_update_addrs
 .text.ull_adv_data_set
                0x0000a488       0xc8 zephyr/subsys/bluetooth/controller/libsubsys__bluetooth__controller.a(ull_adv.c.obj)
                0x0000a488                ull_adv_data_set
 .text.ll_adv_data_set
                0x0000a550       0x10 zephyr/subsys/bluetooth/controller/libsubsys__bluetooth__controller.a(ull_adv.c.obj)
                0x0000a550                ll_adv_data_set
 .text.ull_scan_rsp_set
                0x0000a560       0xcc zephyr/subsys/bluetooth/controller/libsubsys__bluetooth__controller.a(ull_adv.c.obj)
                0x0000a560                ull_scan_rsp_set
 .text.ll_adv_scan_rsp_set
                0x0000a62c       0x10 zephyr/subsys/bluetooth/controller/libsubsys__bluetooth__controller.a(ull_adv.c.obj)
                0x0000a62c                ll_adv_scan_rsp_set
 .text.ticker_cb
                0x0000a63c       0x4c zephyr/subsys/bluetooth/controller/libsubsys__bluetooth__controller.a(ull_scan.c.obj)
 .text.ull_scan_init
                0x0000a688        0x4 zephyr/subsys/bluetooth/controller/libsubsys__bluetooth__controller.a(ull_scan.c.obj)
                0x0000a688                ull_scan_init
 .text.ull_scan_disable
                0x0000a68c       0x5c zephyr/subsys/bluetooth/controller/libsubsys__bluetooth__controller.a(ull_scan.c.obj)
                0x0000a68c                ull_scan_disable
 .text.ll_scan_enable
                0x0000a6e8       0xb4 zephyr/subsys/bluetooth/controller/libsubsys__bluetooth__controller.a(ull_scan.c.obj)
                0x0000a6e8                ll_scan_enable
 .text.ull_scan_reset
                0x0000a79c       0x44 zephyr/subsys/bluetooth/controller/libsubsys__bluetooth__controller.a(ull_scan.c.obj)
                0x0000a79c                ull_scan_reset
 .text.ull_scan_handle_get
                0x0000a7e0       0x18 zephyr/subsys/bluetooth/controller/libsubsys__bluetooth__controller.a(ull_scan.c.obj)
                0x0000a7e0                ull_scan_handle_get
 .text.ull_scan_lll_handle_get
                0x0000a7f8       0x1c zephyr/subsys/bluetooth/controller/libsubsys__bluetooth__controller.a(ull_scan.c.obj)
                0x0000a7f8                ull_scan_lll_handle_get
 .text.ull_scan_is_enabled_get
                0x0000a814       0x18 zephyr/subsys/bluetooth/controller/libsubsys__bluetooth__controller.a(ull_scan.c.obj)
                0x0000a814                ull_scan_is_enabled_get
 .text.ull_scan_is_disabled_get
                0x0000a82c       0x18 zephyr/subsys/bluetooth/controller/libsubsys__bluetooth__controller.a(ull_scan.c.obj)
                0x0000a82c                ull_scan_is_disabled_get
 .text.ull_scan_is_enabled
                0x0000a844       0x34 zephyr/subsys/bluetooth/controller/libsubsys__bluetooth__controller.a(ull_scan.c.obj)
                0x0000a844                ull_scan_is_enabled
 .text.ull_scan_filter_pol_get
                0x0000a878       0x20 zephyr/subsys/bluetooth/controller/libsubsys__bluetooth__controller.a(ull_scan.c.obj)
                0x0000a878                ull_scan_filter_pol_get
 .text.disabled_cb
                0x0000a898       0x1c zephyr/subsys/bluetooth/controller/libsubsys__bluetooth__controller.a(ull_conn.c.obj)
 .text.conn_setup_adv_scan_disabled_cb
                0x0000a8b4       0x18 zephyr/subsys/bluetooth/controller/libsubsys__bluetooth__controller.a(ull_conn.c.obj)
 .text.tx_lll_flush
                0x0000a8cc       0xa4 zephyr/subsys/bluetooth/controller/libsubsys__bluetooth__controller.a(ull_conn.c.obj)
 .text.ticker_start_conn_op_cb
                0x0000a970       0x18 zephyr/subsys/bluetooth/controller/libsubsys__bluetooth__controller.a(ull_conn.c.obj)
 .text.ticker_stop_conn_op_cb
                0x0000a988       0x18 zephyr/subsys/bluetooth/controller/libsubsys__bluetooth__controller.a(ull_conn.c.obj)
 .text.ticker_stop_op_cb
                0x0000a9a0       0x28 zephyr/subsys/bluetooth/controller/libsubsys__bluetooth__controller.a(ull_conn.c.obj)
 .text.ticker_update_conn_op_cb
                0x0000a9c8       0x28 zephyr/subsys/bluetooth/controller/libsubsys__bluetooth__controller.a(ull_conn.c.obj)
 .text.init_reset.isra.0
                0x0000a9f0       0x6c zephyr/subsys/bluetooth/controller/libsubsys__bluetooth__controller.a(ull_conn.c.obj)
 .text.conn_disable
                0x0000aa5c       0x54 zephyr/subsys/bluetooth/controller/libsubsys__bluetooth__controller.a(ull_conn.c.obj)
 .text.ll_conn_acquire
                0x0000aab0        0xc zephyr/subsys/bluetooth/controller/libsubsys__bluetooth__controller.a(ull_conn.c.obj)
                0x0000aab0                ll_conn_acquire
 .text.ll_conn_release
                0x0000aabc        0xc zephyr/subsys/bluetooth/controller/libsubsys__bluetooth__controller.a(ull_conn.c.obj)
                0x0000aabc                ll_conn_release
 .text.ll_conn_handle_get
                0x0000aac8       0x10 zephyr/subsys/bluetooth/controller/libsubsys__bluetooth__controller.a(ull_conn.c.obj)
                0x0000aac8                ll_conn_handle_get
 .text.ll_conn_get
                0x0000aad8       0x18 zephyr/subsys/bluetooth/controller/libsubsys__bluetooth__controller.a(ull_conn.c.obj)
                0x0000aad8                ll_conn_get
 .text.ll_connected_get
                0x0000aaf0       0x24 zephyr/subsys/bluetooth/controller/libsubsys__bluetooth__controller.a(ull_conn.c.obj)
                0x0000aaf0                ll_connected_get
 .text.ll_tx_mem_acquire
                0x0000ab14        0xc zephyr/subsys/bluetooth/controller/libsubsys__bluetooth__controller.a(ull_conn.c.obj)
                0x0000ab14                ll_tx_mem_acquire
 .text.ll_tx_mem_release
                0x0000ab20        0xc zephyr/subsys/bluetooth/controller/libsubsys__bluetooth__controller.a(ull_conn.c.obj)
                0x0000ab20                ll_tx_mem_release
 .text.ll_tx_mem_enqueue
                0x0000ab2c      0x1c8 zephyr/subsys/bluetooth/controller/libsubsys__bluetooth__controller.a(ull_conn.c.obj)
                0x0000ab2c                ll_tx_mem_enqueue
 .text.ll_conn_update
                0x0000acf4       0x88 zephyr/subsys/bluetooth/controller/libsubsys__bluetooth__controller.a(ull_conn.c.obj)
                0x0000acf4                ll_conn_update
 .text.ll_chm_get
                0x0000ad7c       0x48 zephyr/subsys/bluetooth/controller/libsubsys__bluetooth__controller.a(ull_conn.c.obj)
                0x0000ad7c                ll_chm_get
 .text.ll_terminate_ind_send
                0x0000adc4       0x6c zephyr/subsys/bluetooth/controller/libsubsys__bluetooth__controller.a(ull_conn.c.obj)
                0x0000adc4                ll_terminate_ind_send
 .text.ll_feature_req_send
                0x0000ae30       0x44 zephyr/subsys/bluetooth/controller/libsubsys__bluetooth__controller.a(ull_conn.c.obj)
                0x0000ae30                ll_feature_req_send
 .text.ll_version_ind_send
                0x0000ae74       0x44 zephyr/subsys/bluetooth/controller/libsubsys__bluetooth__controller.a(ull_conn.c.obj)
                0x0000ae74                ll_version_ind_send
 .text.ll_phy_get
                0x0000aeb8       0x40 zephyr/subsys/bluetooth/controller/libsubsys__bluetooth__controller.a(ull_conn.c.obj)
                0x0000aeb8                ll_phy_get
 .text.ll_phy_default_set
                0x0000aef8       0x14 zephyr/subsys/bluetooth/controller/libsubsys__bluetooth__controller.a(ull_conn.c.obj)
                0x0000aef8                ll_phy_default_set
 .text.ll_phy_req_send
                0x0000af0c       0x6c zephyr/subsys/bluetooth/controller/libsubsys__bluetooth__controller.a(ull_conn.c.obj)
                0x0000af0c                ll_phy_req_send
 .text.ll_rssi_get
                0x0000af78       0x30 zephyr/subsys/bluetooth/controller/libsubsys__bluetooth__controller.a(ull_conn.c.obj)
                0x0000af78                ll_rssi_get
 .text.ll_apto_get
                0x0000afa8       0x64 zephyr/subsys/bluetooth/controller/libsubsys__bluetooth__controller.a(ull_conn.c.obj)
                0x0000afa8                ll_apto_get
 .text.ll_apto_set
                0x0000b00c       0x60 zephyr/subsys/bluetooth/controller/libsubsys__bluetooth__controller.a(ull_conn.c.obj)
                0x0000b00c                ll_apto_set
 .text.ull_conn_init
                0x0000b06c        0xc zephyr/subsys/bluetooth/controller/libsubsys__bluetooth__controller.a(ull_conn.c.obj)
                0x0000b06c                ull_conn_init
 .text.ull_conn_reset
                0x0000b078       0x90 zephyr/subsys/bluetooth/controller/libsubsys__bluetooth__controller.a(ull_conn.c.obj)
                0x0000b078                ull_conn_reset
 .text.ull_conn_default_phy_tx_get
                0x0000b108        0xc zephyr/subsys/bluetooth/controller/libsubsys__bluetooth__controller.a(ull_conn.c.obj)
                0x0000b108                ull_conn_default_phy_tx_get
 .text.ull_conn_default_phy_rx_get
                0x0000b114        0xc zephyr/subsys/bluetooth/controller/libsubsys__bluetooth__controller.a(ull_conn.c.obj)
                0x0000b114                ull_conn_default_phy_rx_get
 .text.ull_conn_setup
                0x0000b120       0x24 zephyr/subsys/bluetooth/controller/libsubsys__bluetooth__controller.a(ull_conn.c.obj)
                0x0000b120                ull_conn_setup
 .text.ull_conn_rx
                0x0000b144       0x78 zephyr/subsys/bluetooth/controller/libsubsys__bluetooth__controller.a(ull_conn.c.obj)
                0x0000b144                ull_conn_rx
 .text.ull_conn_llcp
                0x0000b1bc       0x3c zephyr/subsys/bluetooth/controller/libsubsys__bluetooth__controller.a(ull_conn.c.obj)
                0x0000b1bc                ull_conn_llcp
 .text.ull_conn_tx_demux
                0x0000b1f8       0xc4 zephyr/subsys/bluetooth/controller/libsubsys__bluetooth__controller.a(ull_conn.c.obj)
                0x0000b1f8                ull_conn_tx_demux
 .text.conn_cleanup
                0x0000b2bc       0xd4 zephyr/subsys/bluetooth/controller/libsubsys__bluetooth__controller.a(ull_conn.c.obj)
 .text.tx_demux
                0x0000b390       0x48 zephyr/subsys/bluetooth/controller/libsubsys__bluetooth__controller.a(ull_conn.c.obj)
 .text.ull_conn_tx_lll_enqueue
                0x0000b3d8       0x54 zephyr/subsys/bluetooth/controller/libsubsys__bluetooth__controller.a(ull_conn.c.obj)
                0x0000b3d8                ull_conn_tx_lll_enqueue
 .text.ull_conn_link_tx_release
                0x0000b42c        0xc zephyr/subsys/bluetooth/controller/libsubsys__bluetooth__controller.a(ull_conn.c.obj)
                0x0000b42c                ull_conn_link_tx_release
 .text.ull_conn_ack_last_idx_get
                0x0000b438        0xc zephyr/subsys/bluetooth/controller/libsubsys__bluetooth__controller.a(ull_conn.c.obj)
                0x0000b438                ull_conn_ack_last_idx_get
 .text.ull_conn_ack_peek
                0x0000b444       0x30 zephyr/subsys/bluetooth/controller/libsubsys__bluetooth__controller.a(ull_conn.c.obj)
                0x0000b444                ull_conn_ack_peek
 .text.ull_conn_ack_by_last_peek
                0x0000b474       0x24 zephyr/subsys/bluetooth/controller/libsubsys__bluetooth__controller.a(ull_conn.c.obj)
                0x0000b474                ull_conn_ack_by_last_peek
 .text.ull_conn_ack_dequeue
                0x0000b498       0x2c zephyr/subsys/bluetooth/controller/libsubsys__bluetooth__controller.a(ull_conn.c.obj)
                0x0000b498                ull_conn_ack_dequeue
 .text.ull_conn_lll_ack_enqueue
                0x0000b4c4       0x3c zephyr/subsys/bluetooth/controller/libsubsys__bluetooth__controller.a(ull_conn.c.obj)
                0x0000b4c4                ull_conn_lll_ack_enqueue
 .text.ull_conn_tx_ack
                0x0000b500       0x9c zephyr/subsys/bluetooth/controller/libsubsys__bluetooth__controller.a(ull_conn.c.obj)
                0x0000b500                ull_conn_tx_ack
 .text.ull_conn_lll_max_tx_octets_get
                0x0000b59c        0x4 zephyr/subsys/bluetooth/controller/libsubsys__bluetooth__controller.a(ull_conn.c.obj)
                0x0000b59c                ull_conn_lll_max_tx_octets_get
 .text.ull_pdu_data_init
                0x0000b5a0        0x4 zephyr/subsys/bluetooth/controller/libsubsys__bluetooth__controller.a(ull_conn.c.obj)
                0x0000b5a0                ull_pdu_data_init
 .text.ull_conn_pause_rx_data
                0x0000b5a4       0x10 zephyr/subsys/bluetooth/controller/libsubsys__bluetooth__controller.a(ull_conn.c.obj)
                0x0000b5a4                ull_conn_pause_rx_data
 .text.ull_conn_resume_rx_data
                0x0000b5b4       0x10 zephyr/subsys/bluetooth/controller/libsubsys__bluetooth__controller.a(ull_conn.c.obj)
                0x0000b5b4                ull_conn_resume_rx_data
 .text.ull_conn_event_counter_at_prepare
                0x0000b5c4       0x10 zephyr/subsys/bluetooth/controller/libsubsys__bluetooth__controller.a(ull_conn.c.obj)
                0x0000b5c4                ull_conn_event_counter_at_prepare
 .text.ull_conn_event_counter
                0x0000b5d4       0x1c zephyr/subsys/bluetooth/controller/libsubsys__bluetooth__controller.a(ull_conn.c.obj)
                0x0000b5d4                ull_conn_event_counter
 .text.ull_conn_chan_map_set
                0x0000b5f0       0x24 zephyr/subsys/bluetooth/controller/libsubsys__bluetooth__controller.a(ull_conn.c.obj)
                0x0000b5f0                ull_conn_chan_map_set
 .text.ull_conn_lll_tx_queue_is_empty
                0x0000b614       0x14 zephyr/subsys/bluetooth/controller/libsubsys__bluetooth__controller.a(ull_conn.c.obj)
                0x0000b614                ull_conn_lll_tx_queue_is_empty
 .text.lp_enc_ntf
                0x0000b628       0x3c zephyr/subsys/bluetooth/controller/libsubsys__bluetooth__controller.a(ull_llcp_enc.c.obj)
 .text.lp_enc_send_start_enc_rsp.part.0
                0x0000b664       0xc8 zephyr/subsys/bluetooth/controller/libsubsys__bluetooth__controller.a(ull_llcp_enc.c.obj)
 .text.rp_enc_send_enc_rsp.part.0
                0x0000b72c       0x78 zephyr/subsys/bluetooth/controller/libsubsys__bluetooth__controller.a(ull_llcp_enc.c.obj)
 .text.rp_enc_send_start_enc_req.constprop.0
                0x0000b7a4       0xd0 zephyr/subsys/bluetooth/controller/libsubsys__bluetooth__controller.a(ull_llcp_enc.c.obj)
 .text.lp_enc_execute_fsm
                0x0000b874      0x294 zephyr/subsys/bluetooth/controller/libsubsys__bluetooth__controller.a(ull_llcp_enc.c.obj)
 .text.rp_enc_execute_fsm
                0x0000bb08      0x2b8 zephyr/subsys/bluetooth/controller/libsubsys__bluetooth__controller.a(ull_llcp_enc.c.obj)
 .text.llcp_lp_enc_rx
                0x0000bdc0       0x4c zephyr/subsys/bluetooth/controller/libsubsys__bluetooth__controller.a(ull_llcp_enc.c.obj)
                0x0000bdc0                llcp_lp_enc_rx
 .text.llcp_lp_enc_run
                0x0000be0c        0x8 zephyr/subsys/bluetooth/controller/libsubsys__bluetooth__controller.a(ull_llcp_enc.c.obj)
                0x0000be0c                llcp_lp_enc_run
 .text.llcp_rp_enc_rx
                0x0000be14       0x40 zephyr/subsys/bluetooth/controller/libsubsys__bluetooth__controller.a(ull_llcp_enc.c.obj)
                0x0000be14                llcp_rp_enc_rx
 .text.llcp_rp_enc_ltk_req_reply
                0x0000be54       0x1c zephyr/subsys/bluetooth/controller/libsubsys__bluetooth__controller.a(ull_llcp_enc.c.obj)
                0x0000be54                llcp_rp_enc_ltk_req_reply
 .text.llcp_rp_enc_ltk_req_neg_reply
                0x0000be70       0x28 zephyr/subsys/bluetooth/controller/libsubsys__bluetooth__controller.a(ull_llcp_enc.c.obj)
                0x0000be70                llcp_rp_enc_ltk_req_neg_reply
 .text.llcp_rp_enc_ltk_req_reply_allowed
                0x0000be98       0x10 zephyr/subsys/bluetooth/controller/libsubsys__bluetooth__controller.a(ull_llcp_enc.c.obj)
                0x0000be98                llcp_rp_enc_ltk_req_reply_allowed
 .text.llcp_rp_enc_run
                0x0000bea8        0x8 zephyr/subsys/bluetooth/controller/libsubsys__bluetooth__controller.a(ull_llcp_enc.c.obj)
                0x0000bea8                llcp_rp_enc_run
 .text.pu_check_update_ind
                0x0000beb0       0x58 zephyr/subsys/bluetooth/controller/libsubsys__bluetooth__controller.a(ull_llcp_phy.c.obj)
 .text.pu_ntf   0x0000bf08       0x60 zephyr/subsys/bluetooth/controller/libsubsys__bluetooth__controller.a(ull_llcp_phy.c.obj)
 .text.rp_pu_st_wait_tx_ack_phy.part.0
                0x0000bf68       0xa0 zephyr/subsys/bluetooth/controller/libsubsys__bluetooth__controller.a(ull_llcp_phy.c.obj)
 .text.pu_prep_update_ind.constprop.0
                0x0000c008       0x9c zephyr/subsys/bluetooth/controller/libsubsys__bluetooth__controller.a(ull_llcp_phy.c.obj)
 .text.lp_pu_tx.isra.0
                0x0000c0a4       0xb4 zephyr/subsys/bluetooth/controller/libsubsys__bluetooth__controller.a(ull_llcp_phy.c.obj)
 .text.lp_pu_send_phy_update_ind.isra.0
                0x0000c158       0x50 zephyr/subsys/bluetooth/controller/libsubsys__bluetooth__controller.a(ull_llcp_phy.c.obj)
 .text.lp_pu_send_phy_req.constprop.0.isra.0
                0x0000c1a8       0x5c zephyr/subsys/bluetooth/controller/libsubsys__bluetooth__controller.a(ull_llcp_phy.c.obj)
 .text.pu_apply_phy_update.isra.0
                0x0000c204       0x88 zephyr/subsys/bluetooth/controller/libsubsys__bluetooth__controller.a(ull_llcp_phy.c.obj)
 .text.lp_pu_execute_fsm
                0x0000c28c      0x314 zephyr/subsys/bluetooth/controller/libsubsys__bluetooth__controller.a(ull_llcp_phy.c.obj)
 .text.rp_pu_tx.isra.0
                0x0000c5a0       0x74 zephyr/subsys/bluetooth/controller/libsubsys__bluetooth__controller.a(ull_llcp_phy.c.obj)
 .text.rp_pu_send_phy_update_ind.isra.0
                0x0000c614       0x60 zephyr/subsys/bluetooth/controller/libsubsys__bluetooth__controller.a(ull_llcp_phy.c.obj)
 .text.rp_pu_send_phy_rsp.isra.0
                0x0000c674       0x4c zephyr/subsys/bluetooth/controller/libsubsys__bluetooth__controller.a(ull_llcp_phy.c.obj)
 .text.rp_pu_execute_fsm
                0x0000c6c0      0x188 zephyr/subsys/bluetooth/controller/libsubsys__bluetooth__controller.a(ull_llcp_phy.c.obj)
 .text.llcp_lp_pu_rx
                0x0000c848       0x5c zephyr/subsys/bluetooth/controller/libsubsys__bluetooth__controller.a(ull_llcp_phy.c.obj)
                0x0000c848                llcp_lp_pu_rx
 .text.llcp_lp_pu_run
                0x0000c8a4        0x8 zephyr/subsys/bluetooth/controller/libsubsys__bluetooth__controller.a(ull_llcp_phy.c.obj)
                0x0000c8a4                llcp_lp_pu_run
 .text.llcp_lp_pu_tx_ack
                0x0000c8ac        0x8 zephyr/subsys/bluetooth/controller/libsubsys__bluetooth__controller.a(ull_llcp_phy.c.obj)
                0x0000c8ac                llcp_lp_pu_tx_ack
 .text.llcp_lp_pu_tx_ntf
                0x0000c8b4       0x34 zephyr/subsys/bluetooth/controller/libsubsys__bluetooth__controller.a(ull_llcp_phy.c.obj)
                0x0000c8b4                llcp_lp_pu_tx_ntf
 .text.llcp_rp_pu_rx
                0x0000c8e8       0x3c zephyr/subsys/bluetooth/controller/libsubsys__bluetooth__controller.a(ull_llcp_phy.c.obj)
                0x0000c8e8                llcp_rp_pu_rx
 .text.llcp_rp_pu_run
                0x0000c924        0x8 zephyr/subsys/bluetooth/controller/libsubsys__bluetooth__controller.a(ull_llcp_phy.c.obj)
                0x0000c924                llcp_rp_pu_run
 .text.llcp_rp_pu_tx_ack
                0x0000c92c        0x8 zephyr/subsys/bluetooth/controller/libsubsys__bluetooth__controller.a(ull_llcp_phy.c.obj)
                0x0000c92c                llcp_rp_pu_tx_ack
 .text.llcp_rp_pu_tx_ntf
                0x0000c934        0x8 zephyr/subsys/bluetooth/controller/libsubsys__bluetooth__controller.a(ull_llcp_phy.c.obj)
                0x0000c934                llcp_rp_pu_tx_ntf
 .text.ull_tx_q_init
                0x0000c93c       0x10 zephyr/subsys/bluetooth/controller/libsubsys__bluetooth__controller.a(ull_tx_queue.c.obj)
                0x0000c93c                ull_tx_q_init
 .text.ull_tx_q_pause_data
                0x0000c94c        0x8 zephyr/subsys/bluetooth/controller/libsubsys__bluetooth__controller.a(ull_tx_queue.c.obj)
                0x0000c94c                ull_tx_q_pause_data
 .text.ull_tx_q_resume_data
                0x0000c954       0x30 zephyr/subsys/bluetooth/controller/libsubsys__bluetooth__controller.a(ull_tx_queue.c.obj)
                0x0000c954                ull_tx_q_resume_data
 .text.ull_tx_q_enqueue_data
                0x0000c984       0x28 zephyr/subsys/bluetooth/controller/libsubsys__bluetooth__controller.a(ull_tx_queue.c.obj)
                0x0000c984                ull_tx_q_enqueue_data
 .text.ull_tx_q_enqueue_ctrl
                0x0000c9ac       0x14 zephyr/subsys/bluetooth/controller/libsubsys__bluetooth__controller.a(ull_tx_queue.c.obj)
                0x0000c9ac                ull_tx_q_enqueue_ctrl
 .text.ull_tx_q_peek
                0x0000c9c0        0x4 zephyr/subsys/bluetooth/controller/libsubsys__bluetooth__controller.a(ull_tx_queue.c.obj)
                0x0000c9c0                ull_tx_q_peek
 .text.ull_tx_q_dequeue
                0x0000c9c4       0x14 zephyr/subsys/bluetooth/controller/libsubsys__bluetooth__controller.a(ull_tx_queue.c.obj)
                0x0000c9c4                ull_tx_q_dequeue
 .text.pdu_validate_conn_update_ind
                0x0000c9d8       0x10 zephyr/subsys/bluetooth/controller/libsubsys__bluetooth__controller.a(ull_llcp.c.obj)
 .text.pdu_validate_chan_map_ind
                0x0000c9e8       0x10 zephyr/subsys/bluetooth/controller/libsubsys__bluetooth__controller.a(ull_llcp.c.obj)
 .text.pdu_validate_terminate_ind
                0x0000c9f8       0x10 zephyr/subsys/bluetooth/controller/libsubsys__bluetooth__controller.a(ull_llcp.c.obj)
 .text.pdu_validate_enc_req
                0x0000ca08       0x10 zephyr/subsys/bluetooth/controller/libsubsys__bluetooth__controller.a(ull_llcp.c.obj)
 .text.pdu_validate_enc_rsp
                0x0000ca18       0x10 zephyr/subsys/bluetooth/controller/libsubsys__bluetooth__controller.a(ull_llcp.c.obj)
 .text.pdu_validate_start_enc_req
                0x0000ca28       0x10 zephyr/subsys/bluetooth/controller/libsubsys__bluetooth__controller.a(ull_llcp.c.obj)
 .text.pdu_validate_feature_req
                0x0000ca38       0x10 zephyr/subsys/bluetooth/controller/libsubsys__bluetooth__controller.a(ull_llcp.c.obj)
 .text.pdu_validate_version_ind
                0x0000ca48       0x10 zephyr/subsys/bluetooth/controller/libsubsys__bluetooth__controller.a(ull_llcp.c.obj)
 .text.pdu_validate_conn_param_req
                0x0000ca58       0x10 zephyr/subsys/bluetooth/controller/libsubsys__bluetooth__controller.a(ull_llcp.c.obj)
 .text.pdu_validate_reject_ext_ind
                0x0000ca68       0x10 zephyr/subsys/bluetooth/controller/libsubsys__bluetooth__controller.a(ull_llcp.c.obj)
 .text.pdu_validate_phy_upd_ind
                0x0000ca78       0x10 zephyr/subsys/bluetooth/controller/libsubsys__bluetooth__controller.a(ull_llcp.c.obj)
 .text.create_procedure
                0x0000ca88       0x38 zephyr/subsys/bluetooth/controller/libsubsys__bluetooth__controller.a(ull_llcp.c.obj)
 .text.pdu_validate_unknown_rsp
                0x0000cac0       0x10 zephyr/subsys/bluetooth/controller/libsubsys__bluetooth__controller.a(ull_llcp.c.obj)
 .text.pdu_validate_reject_ind
                0x0000cad0       0x10 zephyr/subsys/bluetooth/controller/libsubsys__bluetooth__controller.a(ull_llcp.c.obj)
 .text.pdu_validate_clock_accuracy_rsp
                0x0000cae0       0x10 zephyr/subsys/bluetooth/controller/libsubsys__bluetooth__controller.a(ull_llcp.c.obj)
 .text.pdu_validate_start_enc_rsp
                0x0000caf0       0x10 zephyr/subsys/bluetooth/controller/libsubsys__bluetooth__controller.a(ull_llcp.c.obj)
 .text.pdu_validate_pause_enc_req
                0x0000cb00       0x10 zephyr/subsys/bluetooth/controller/libsubsys__bluetooth__controller.a(ull_llcp.c.obj)
 .text.pdu_validate_pause_enc_rsp
                0x0000cb10       0x10 zephyr/subsys/bluetooth/controller/libsubsys__bluetooth__controller.a(ull_llcp.c.obj)
 .text.pdu_validate_ping_req
                0x0000cb20       0x10 zephyr/subsys/bluetooth/controller/libsubsys__bluetooth__controller.a(ull_llcp.c.obj)
 .text.pdu_validate_ping_rsp
                0x0000cb30       0x10 zephyr/subsys/bluetooth/controller/libsubsys__bluetooth__controller.a(ull_llcp.c.obj)
 .text.pdu_validate_feature_rsp
                0x0000cb40       0x10 zephyr/subsys/bluetooth/controller/libsubsys__bluetooth__controller.a(ull_llcp.c.obj)
 .text.pdu_validate_per_init_feat_xchg
                0x0000cb50       0x10 zephyr/subsys/bluetooth/controller/libsubsys__bluetooth__controller.a(ull_llcp.c.obj)
 .text.pdu_validate_length_rsp
                0x0000cb60       0x10 zephyr/subsys/bluetooth/controller/libsubsys__bluetooth__controller.a(ull_llcp.c.obj)
 .text.pdu_validate_conn_param_rsp
                0x0000cb70       0x10 zephyr/subsys/bluetooth/controller/libsubsys__bluetooth__controller.a(ull_llcp.c.obj)
 .text.pdu_validate_phy_req
                0x0000cb80       0x10 zephyr/subsys/bluetooth/controller/libsubsys__bluetooth__controller.a(ull_llcp.c.obj)
 .text.pdu_validate_phy_rsp
                0x0000cb90       0x10 zephyr/subsys/bluetooth/controller/libsubsys__bluetooth__controller.a(ull_llcp.c.obj)
 .text.pdu_validate_min_used_chan_ind
                0x0000cba0       0x10 zephyr/subsys/bluetooth/controller/libsubsys__bluetooth__controller.a(ull_llcp.c.obj)
 .text.llcp_proc_ctx_release
                0x0000cbb0       0x10 zephyr/subsys/bluetooth/controller/libsubsys__bluetooth__controller.a(ull_llcp.c.obj)
                0x0000cbb0                llcp_proc_ctx_release
 .text.llcp_tx_alloc_peek
                0x0000cbc0       0x10 zephyr/subsys/bluetooth/controller/libsubsys__bluetooth__controller.a(ull_llcp.c.obj)
                0x0000cbc0                llcp_tx_alloc_peek
 .text.llcp_tx_alloc
                0x0000cbd0       0x18 zephyr/subsys/bluetooth/controller/libsubsys__bluetooth__controller.a(ull_llcp.c.obj)
                0x0000cbd0                llcp_tx_alloc
 .text.llcp_ntf_alloc_is_available
                0x0000cbe8       0x10 zephyr/subsys/bluetooth/controller/libsubsys__bluetooth__controller.a(ull_llcp.c.obj)
                0x0000cbe8                llcp_ntf_alloc_is_available
 .text.llcp_ntf_alloc
                0x0000cbf8        0x4 zephyr/subsys/bluetooth/controller/libsubsys__bluetooth__controller.a(ull_llcp.c.obj)
                0x0000cbf8                llcp_ntf_alloc
 .text.llcp_tx_enqueue
                0x0000cbfc        0x8 zephyr/subsys/bluetooth/controller/libsubsys__bluetooth__controller.a(ull_llcp.c.obj)
                0x0000cbfc                llcp_tx_enqueue
 .text.llcp_tx_pause_data
                0x0000cc04       0x28 zephyr/subsys/bluetooth/controller/libsubsys__bluetooth__controller.a(ull_llcp.c.obj)
                0x0000cc04                llcp_tx_pause_data
 .text.llcp_tx_resume_data
                0x0000cc2c       0x18 zephyr/subsys/bluetooth/controller/libsubsys__bluetooth__controller.a(ull_llcp.c.obj)
                0x0000cc2c                llcp_tx_resume_data
 .text.llcp_rx_node_retain
                0x0000cc44       0x1c zephyr/subsys/bluetooth/controller/libsubsys__bluetooth__controller.a(ull_llcp.c.obj)
                0x0000cc44                llcp_rx_node_retain
 .text.llcp_rx_node_release
                0x0000cc60       0x20 zephyr/subsys/bluetooth/controller/libsubsys__bluetooth__controller.a(ull_llcp.c.obj)
                0x0000cc60                llcp_rx_node_release
 .text.llcp_nodes_release
                0x0000cc80       0x34 zephyr/subsys/bluetooth/controller/libsubsys__bluetooth__controller.a(ull_llcp.c.obj)
                0x0000cc80                llcp_nodes_release
 .text.llcp_create_remote_procedure
                0x0000ccb4       0x3c zephyr/subsys/bluetooth/controller/libsubsys__bluetooth__controller.a(ull_llcp.c.obj)
                0x0000ccb4                llcp_create_remote_procedure
 .text.ull_cp_init
                0x0000ccf0       0x38 zephyr/subsys/bluetooth/controller/libsubsys__bluetooth__controller.a(ull_llcp.c.obj)
                0x0000ccf0                ull_cp_init
 .text.ull_llcp_init
                0x0000cd28       0x6c zephyr/subsys/bluetooth/controller/libsubsys__bluetooth__controller.a(ull_llcp.c.obj)
                0x0000cd28                ull_llcp_init
 .text.ull_cp_release_tx
                0x0000cd94        0xc zephyr/subsys/bluetooth/controller/libsubsys__bluetooth__controller.a(ull_llcp.c.obj)
                0x0000cd94                ull_cp_release_tx
 .text.ull_cp_prt_elapse
                0x0000cda0       0x58 zephyr/subsys/bluetooth/controller/libsubsys__bluetooth__controller.a(ull_llcp.c.obj)
                0x0000cda0                ull_cp_prt_elapse
 .text.ull_cp_prt_reload_set
                0x0000cdf8       0x14 zephyr/subsys/bluetooth/controller/libsubsys__bluetooth__controller.a(ull_llcp.c.obj)
                0x0000cdf8                ull_cp_prt_reload_set
 .text.ull_cp_run
                0x0000ce0c       0x14 zephyr/subsys/bluetooth/controller/libsubsys__bluetooth__controller.a(ull_llcp.c.obj)
                0x0000ce0c                ull_cp_run
 .text.ull_cp_state_set
                0x0000ce20       0x28 zephyr/subsys/bluetooth/controller/libsubsys__bluetooth__controller.a(ull_llcp.c.obj)
                0x0000ce20                ull_cp_state_set
 .text.ull_cp_release_nodes
                0x0000ce48       0x40 zephyr/subsys/bluetooth/controller/libsubsys__bluetooth__controller.a(ull_llcp.c.obj)
                0x0000ce48                ull_cp_release_nodes
 .text.ull_cp_min_used_chans
                0x0000ce88       0x3c zephyr/subsys/bluetooth/controller/libsubsys__bluetooth__controller.a(ull_llcp.c.obj)
                0x0000ce88                ull_cp_min_used_chans
 .text.ull_cp_le_ping
                0x0000cec4       0x24 zephyr/subsys/bluetooth/controller/libsubsys__bluetooth__controller.a(ull_llcp.c.obj)
                0x0000cec4                ull_cp_le_ping
 .text.ull_cp_feature_exchange
                0x0000cee8       0x30 zephyr/subsys/bluetooth/controller/libsubsys__bluetooth__controller.a(ull_llcp.c.obj)
                0x0000cee8                ull_cp_feature_exchange
 .text.ull_cp_version_exchange
                0x0000cf18       0x24 zephyr/subsys/bluetooth/controller/libsubsys__bluetooth__controller.a(ull_llcp.c.obj)
                0x0000cf18                ull_cp_version_exchange
 .text.ull_cp_encryption_start
                0x0000cf3c       0x60 zephyr/subsys/bluetooth/controller/libsubsys__bluetooth__controller.a(ull_llcp.c.obj)
                0x0000cf3c                ull_cp_encryption_start
 .text.ull_cp_encryption_pause
                0x0000cf9c       0x60 zephyr/subsys/bluetooth/controller/libsubsys__bluetooth__controller.a(ull_llcp.c.obj)
                0x0000cf9c                ull_cp_encryption_pause
 .text.ull_cp_phy_update
                0x0000cffc       0x50 zephyr/subsys/bluetooth/controller/libsubsys__bluetooth__controller.a(ull_llcp.c.obj)
                0x0000cffc                ull_cp_phy_update
 .text.ull_cp_terminate
                0x0000d04c       0x34 zephyr/subsys/bluetooth/controller/libsubsys__bluetooth__controller.a(ull_llcp.c.obj)
                0x0000d04c                ull_cp_terminate
 .text.ull_cp_chan_map_update
                0x0000d080       0x38 zephyr/subsys/bluetooth/controller/libsubsys__bluetooth__controller.a(ull_llcp.c.obj)
                0x0000d080                ull_cp_chan_map_update
 .text.ull_cp_chan_map_update_pending
                0x0000d0b8       0x24 zephyr/subsys/bluetooth/controller/libsubsys__bluetooth__controller.a(ull_llcp.c.obj)
                0x0000d0b8                ull_cp_chan_map_update_pending
 .text.ull_cp_ltk_req_reply
                0x0000d0dc       0x4c zephyr/subsys/bluetooth/controller/libsubsys__bluetooth__controller.a(ull_llcp.c.obj)
                0x0000d0dc                ull_cp_ltk_req_reply
 .text.ull_cp_ltk_req_neq_reply
                0x0000d128       0x30 zephyr/subsys/bluetooth/controller/libsubsys__bluetooth__controller.a(ull_llcp.c.obj)
                0x0000d128                ull_cp_ltk_req_neq_reply
 .text.ull_cp_conn_update
                0x0000d158       0xd4 zephyr/subsys/bluetooth/controller/libsubsys__bluetooth__controller.a(ull_llcp.c.obj)
                0x0000d158                ull_cp_conn_update
 .text.ull_cp_conn_param_req_reply
                0x0000d22c       0x20 zephyr/subsys/bluetooth/controller/libsubsys__bluetooth__controller.a(ull_llcp.c.obj)
                0x0000d22c                ull_cp_conn_param_req_reply
 .text.ull_cp_conn_param_req_neg_reply
                0x0000d24c       0x24 zephyr/subsys/bluetooth/controller/libsubsys__bluetooth__controller.a(ull_llcp.c.obj)
                0x0000d24c                ull_cp_conn_param_req_neg_reply
 .text.ull_cp_remote_cpr_pending
                0x0000d270       0x18 zephyr/subsys/bluetooth/controller/libsubsys__bluetooth__controller.a(ull_llcp.c.obj)
                0x0000d270                ull_cp_remote_cpr_pending
 .text.ull_cp_tx_ack
                0x0000d288       0x3c zephyr/subsys/bluetooth/controller/libsubsys__bluetooth__controller.a(ull_llcp.c.obj)
                0x0000d288                ull_cp_tx_ack
 .text.ull_cp_tx_ntf
                0x0000d2c4       0x28 zephyr/subsys/bluetooth/controller/libsubsys__bluetooth__controller.a(ull_llcp.c.obj)
                0x0000d2c4                ull_cp_tx_ntf
 .text.ull_cp_rx
                0x0000d2ec      0x184 zephyr/subsys/bluetooth/controller/libsubsys__bluetooth__controller.a(ull_llcp.c.obj)
                0x0000d2ec                ull_cp_rx
 .text.lp_comm_ntf
                0x0000d470       0x74 zephyr/subsys/bluetooth/controller/libsubsys__bluetooth__controller.a(ull_llcp_common.c.obj)
 .text.lp_comm_tx
                0x0000d4e4       0xb4 zephyr/subsys/bluetooth/controller/libsubsys__bluetooth__controller.a(ull_llcp_common.c.obj)
 .text.rp_comm_tx_proxy.constprop.0
                0x0000d598       0x90 zephyr/subsys/bluetooth/controller/libsubsys__bluetooth__controller.a(ull_llcp_common.c.obj)
 .text.rp_comm_send_rsp.isra.0
                0x0000d628       0x6c zephyr/subsys/bluetooth/controller/libsubsys__bluetooth__controller.a(ull_llcp_common.c.obj)
 .text.lp_comm_complete.isra.0
                0x0000d694       0x9c zephyr/subsys/bluetooth/controller/libsubsys__bluetooth__controller.a(ull_llcp_common.c.obj)
 .text.lp_comm_send_req.constprop.0.isra.0
                0x0000d730      0x108 zephyr/subsys/bluetooth/controller/libsubsys__bluetooth__controller.a(ull_llcp_common.c.obj)
 .text.llcp_lp_comm_tx_ack
                0x0000d838       0x24 zephyr/subsys/bluetooth/controller/libsubsys__bluetooth__controller.a(ull_llcp_common.c.obj)
                0x0000d838                llcp_lp_comm_tx_ack
 .text.llcp_lp_comm_rx
                0x0000d85c       0x70 zephyr/subsys/bluetooth/controller/libsubsys__bluetooth__controller.a(ull_llcp_common.c.obj)
                0x0000d85c                llcp_lp_comm_rx
 .text.llcp_lp_comm_run
                0x0000d8cc       0x44 zephyr/subsys/bluetooth/controller/libsubsys__bluetooth__controller.a(ull_llcp_common.c.obj)
                0x0000d8cc                llcp_lp_comm_run
 .text.llcp_rp_comm_rx
                0x0000d910       0x7c zephyr/subsys/bluetooth/controller/libsubsys__bluetooth__controller.a(ull_llcp_common.c.obj)
                0x0000d910                llcp_rp_comm_rx
 .text.llcp_rp_comm_run
                0x0000d98c       0x50 zephyr/subsys/bluetooth/controller/libsubsys__bluetooth__controller.a(ull_llcp_common.c.obj)
                0x0000d98c                llcp_rp_comm_run
 .text.lr_dequeue
                0x0000d9dc       0x6c zephyr/subsys/bluetooth/controller/libsubsys__bluetooth__controller.a(ull_llcp_local.c.obj)
 .text.llcp_lr_check_done.part.0
                0x0000da48       0x68 zephyr/subsys/bluetooth/controller/libsubsys__bluetooth__controller.a(ull_llcp_local.c.obj)
 .text.llcp_lr_enqueue
                0x0000dab0       0x60 zephyr/subsys/bluetooth/controller/libsubsys__bluetooth__controller.a(ull_llcp_local.c.obj)
                0x0000dab0                llcp_lr_enqueue
 .text.llcp_lr_peek
                0x0000db10       0x40 zephyr/subsys/bluetooth/controller/libsubsys__bluetooth__controller.a(ull_llcp_local.c.obj)
                0x0000db10                llcp_lr_peek
 .text.lr_act_run
                0x0000db50       0x74 zephyr/subsys/bluetooth/controller/libsubsys__bluetooth__controller.a(ull_llcp_local.c.obj)
 .text.llcp_lr_ispaused
                0x0000dbc4       0x10 zephyr/subsys/bluetooth/controller/libsubsys__bluetooth__controller.a(ull_llcp_local.c.obj)
                0x0000dbc4                llcp_lr_ispaused
 .text.llcp_lr_pause
                0x0000dbd4        0x8 zephyr/subsys/bluetooth/controller/libsubsys__bluetooth__controller.a(ull_llcp_local.c.obj)
                0x0000dbd4                llcp_lr_pause
 .text.llcp_lr_resume
                0x0000dbdc        0x8 zephyr/subsys/bluetooth/controller/libsubsys__bluetooth__controller.a(ull_llcp_local.c.obj)
                0x0000dbdc                llcp_lr_resume
 .text.llcp_lr_prt_restart
                0x0000dbe4        0xc zephyr/subsys/bluetooth/controller/libsubsys__bluetooth__controller.a(ull_llcp_local.c.obj)
                0x0000dbe4                llcp_lr_prt_restart
 .text.llcp_lr_prt_restart_with_value
                0x0000dbf0        0x8 zephyr/subsys/bluetooth/controller/libsubsys__bluetooth__controller.a(ull_llcp_local.c.obj)
                0x0000dbf0                llcp_lr_prt_restart_with_value
 .text.llcp_lr_prt_stop
                0x0000dbf8        0x8 zephyr/subsys/bluetooth/controller/libsubsys__bluetooth__controller.a(ull_llcp_local.c.obj)
                0x0000dbf8                llcp_lr_prt_stop
 .text.llcp_lr_rx
                0x0000dc00       0x80 zephyr/subsys/bluetooth/controller/libsubsys__bluetooth__controller.a(ull_llcp_local.c.obj)
                0x0000dc00                llcp_lr_rx
 .text.llcp_lr_tx_ack
                0x0000dc80       0x44 zephyr/subsys/bluetooth/controller/libsubsys__bluetooth__controller.a(ull_llcp_local.c.obj)
                0x0000dc80                llcp_lr_tx_ack
 .text.llcp_lr_tx_ntf
                0x0000dcc4       0x24 zephyr/subsys/bluetooth/controller/libsubsys__bluetooth__controller.a(ull_llcp_local.c.obj)
                0x0000dcc4                llcp_lr_tx_ntf
 .text.llcp_lr_init
                0x0000dce8       0x10 zephyr/subsys/bluetooth/controller/libsubsys__bluetooth__controller.a(ull_llcp_local.c.obj)
                0x0000dce8                llcp_lr_init
 .text.llcp_lr_run
                0x0000dcf8       0x48 zephyr/subsys/bluetooth/controller/libsubsys__bluetooth__controller.a(ull_llcp_local.c.obj)
                0x0000dcf8                llcp_lr_run
 .text.llcp_lr_complete
                0x0000dd40       0x48 zephyr/subsys/bluetooth/controller/libsubsys__bluetooth__controller.a(ull_llcp_local.c.obj)
                0x0000dd40                llcp_lr_complete
 .text.llcp_lr_connect
                0x0000dd88       0x1c zephyr/subsys/bluetooth/controller/libsubsys__bluetooth__controller.a(ull_llcp_local.c.obj)
                0x0000dd88                llcp_lr_connect
 .text.llcp_lr_disconnect
                0x0000dda4       0x88 zephyr/subsys/bluetooth/controller/libsubsys__bluetooth__controller.a(ull_llcp_local.c.obj)
                0x0000dda4                llcp_lr_disconnect
 .text.llcp_lr_terminate
                0x0000de2c       0x3c zephyr/subsys/bluetooth/controller/libsubsys__bluetooth__controller.a(ull_llcp_local.c.obj)
                0x0000de2c                llcp_lr_terminate
 .text.llcp_pdu_encode_ping_req
                0x0000de68       0x14 zephyr/subsys/bluetooth/controller/libsubsys__bluetooth__controller.a(ull_llcp_pdu.c.obj)
                0x0000de68                llcp_pdu_encode_ping_req
 .text.llcp_pdu_encode_ping_rsp
                0x0000de7c       0x14 zephyr/subsys/bluetooth/controller/libsubsys__bluetooth__controller.a(ull_llcp_pdu.c.obj)
                0x0000de7c                llcp_pdu_encode_ping_rsp
 .text.llcp_pdu_encode_unknown_rsp
                0x0000de90       0x1c zephyr/subsys/bluetooth/controller/libsubsys__bluetooth__controller.a(ull_llcp_pdu.c.obj)
                0x0000de90                llcp_pdu_encode_unknown_rsp
 .text.llcp_pdu_decode_unknown_rsp
                0x0000deac        0x8 zephyr/subsys/bluetooth/controller/libsubsys__bluetooth__controller.a(ull_llcp_pdu.c.obj)
                0x0000deac                llcp_pdu_decode_unknown_rsp
 .text.llcp_ntf_encode_unknown_rsp
                0x0000deb4       0x1c zephyr/subsys/bluetooth/controller/libsubsys__bluetooth__controller.a(ull_llcp_pdu.c.obj)
                0x0000deb4                llcp_ntf_encode_unknown_rsp
 .text.llcp_pdu_encode_feature_req
                0x0000ded0       0x48 zephyr/subsys/bluetooth/controller/libsubsys__bluetooth__controller.a(ull_llcp_pdu.c.obj)
                0x0000ded0                llcp_pdu_encode_feature_req
 .text.llcp_pdu_encode_feature_rsp
                0x0000df18       0x44 zephyr/subsys/bluetooth/controller/libsubsys__bluetooth__controller.a(ull_llcp_pdu.c.obj)
                0x0000df18                llcp_pdu_encode_feature_rsp
 .text.llcp_ntf_encode_feature_rsp
                0x0000df5c       0x3c zephyr/subsys/bluetooth/controller/libsubsys__bluetooth__controller.a(ull_llcp_pdu.c.obj)
                0x0000df5c                llcp_ntf_encode_feature_rsp
 .text.llcp_pdu_decode_feature_req
                0x0000df98       0x54 zephyr/subsys/bluetooth/controller/libsubsys__bluetooth__controller.a(ull_llcp_pdu.c.obj)
                0x0000df98                llcp_pdu_decode_feature_req
 .text.llcp_pdu_decode_feature_rsp
                0x0000dfec       0x4c zephyr/subsys/bluetooth/controller/libsubsys__bluetooth__controller.a(ull_llcp_pdu.c.obj)
                0x0000dfec                llcp_pdu_decode_feature_rsp
 .text.llcp_pdu_encode_min_used_chans_ind
                0x0000e038       0x24 zephyr/subsys/bluetooth/controller/libsubsys__bluetooth__controller.a(ull_llcp_pdu.c.obj)
                0x0000e038                llcp_pdu_encode_min_used_chans_ind
 .text.llcp_pdu_decode_min_used_chans_ind
                0x0000e05c       0x10 zephyr/subsys/bluetooth/controller/libsubsys__bluetooth__controller.a(ull_llcp_pdu.c.obj)
                0x0000e05c                llcp_pdu_decode_min_used_chans_ind
 .text.llcp_pdu_encode_terminate_ind
                0x0000e06c       0x18 zephyr/subsys/bluetooth/controller/libsubsys__bluetooth__controller.a(ull_llcp_pdu.c.obj)
                0x0000e06c                llcp_pdu_encode_terminate_ind
 .text.llcp_pdu_decode_terminate_ind
                0x0000e084        0x8 zephyr/subsys/bluetooth/controller/libsubsys__bluetooth__controller.a(ull_llcp_pdu.c.obj)
                0x0000e084                llcp_pdu_decode_terminate_ind
 .text.llcp_pdu_encode_version_ind
                0x0000e08c       0x24 zephyr/subsys/bluetooth/controller/libsubsys__bluetooth__controller.a(ull_llcp_pdu.c.obj)
                0x0000e08c                llcp_pdu_encode_version_ind
 .text.llcp_ntf_encode_version_ind
                0x0000e0b0       0x2c zephyr/subsys/bluetooth/controller/libsubsys__bluetooth__controller.a(ull_llcp_pdu.c.obj)
                0x0000e0b0                llcp_ntf_encode_version_ind
 .text.llcp_pdu_decode_version_ind
                0x0000e0dc       0x20 zephyr/subsys/bluetooth/controller/libsubsys__bluetooth__controller.a(ull_llcp_pdu.c.obj)
                0x0000e0dc                llcp_pdu_decode_version_ind
 .text.llcp_pdu_encode_enc_req
                0x0000e0fc       0x4c zephyr/subsys/bluetooth/controller/libsubsys__bluetooth__controller.a(ull_llcp_pdu.c.obj)
                0x0000e0fc                llcp_pdu_encode_enc_req
 .text.llcp_ntf_encode_enc_req
                0x0000e148       0x30 zephyr/subsys/bluetooth/controller/libsubsys__bluetooth__controller.a(ull_llcp_pdu.c.obj)
                0x0000e148                llcp_ntf_encode_enc_req
 .text.llcp_pdu_encode_enc_rsp
                0x0000e178       0x30 zephyr/subsys/bluetooth/controller/libsubsys__bluetooth__controller.a(ull_llcp_pdu.c.obj)
                0x0000e178                llcp_pdu_encode_enc_rsp
 .text.llcp_pdu_encode_start_enc_req
                0x0000e1a8       0x14 zephyr/subsys/bluetooth/controller/libsubsys__bluetooth__controller.a(ull_llcp_pdu.c.obj)
                0x0000e1a8                llcp_pdu_encode_start_enc_req
 .text.llcp_pdu_encode_start_enc_rsp
                0x0000e1bc       0x14 zephyr/subsys/bluetooth/controller/libsubsys__bluetooth__controller.a(ull_llcp_pdu.c.obj)
                0x0000e1bc                llcp_pdu_encode_start_enc_rsp
 .text.llcp_pdu_encode_pause_enc_req
                0x0000e1d0       0x14 zephyr/subsys/bluetooth/controller/libsubsys__bluetooth__controller.a(ull_llcp_pdu.c.obj)
                0x0000e1d0                llcp_pdu_encode_pause_enc_req
 .text.llcp_pdu_encode_pause_enc_rsp
                0x0000e1e4       0x14 zephyr/subsys/bluetooth/controller/libsubsys__bluetooth__controller.a(ull_llcp_pdu.c.obj)
                0x0000e1e4                llcp_pdu_encode_pause_enc_rsp
 .text.llcp_pdu_encode_reject_ind
                0x0000e1f8       0x18 zephyr/subsys/bluetooth/controller/libsubsys__bluetooth__controller.a(ull_llcp_pdu.c.obj)
                0x0000e1f8                llcp_pdu_encode_reject_ind
 .text.llcp_pdu_encode_reject_ext_ind
                0x0000e210       0x1c zephyr/subsys/bluetooth/controller/libsubsys__bluetooth__controller.a(ull_llcp_pdu.c.obj)
                0x0000e210                llcp_pdu_encode_reject_ext_ind
 .text.llcp_pdu_decode_reject_ext_ind
                0x0000e22c       0x10 zephyr/subsys/bluetooth/controller/libsubsys__bluetooth__controller.a(ull_llcp_pdu.c.obj)
                0x0000e22c                llcp_pdu_decode_reject_ext_ind
 .text.llcp_pdu_encode_phy_req
                0x0000e23c       0x2c zephyr/subsys/bluetooth/controller/libsubsys__bluetooth__controller.a(ull_llcp_pdu.c.obj)
                0x0000e23c                llcp_pdu_encode_phy_req
 .text.llcp_pdu_decode_phy_req
                0x0000e268       0x1c zephyr/subsys/bluetooth/controller/libsubsys__bluetooth__controller.a(ull_llcp_pdu.c.obj)
                0x0000e268                llcp_pdu_decode_phy_req
 .text.llcp_pdu_encode_phy_rsp